Archive member included because of file (symbol)

d:/prg/kompilatory/winavr/bin/../lib/gcc/avr/4.3.3/avr5\libgcc.a(_mulsi3.o)
                              obj\Debug\src\base\timer.o (__mulsi3)
d:/prg/kompilatory/winavr/bin/../lib/gcc/avr/4.3.3/avr5\libgcc.a(_udivmodqi4.o)
                              obj\Debug\src\base\util.o (__udivmodqi4)
d:/prg/kompilatory/winavr/bin/../lib/gcc/avr/4.3.3/avr5\libgcc.a(_udivmodsi4.o)
                              obj\Debug\src\base\timer.o (__udivmodsi4)
d:/prg/kompilatory/winavr/bin/../lib/gcc/avr/4.3.3/avr5\libgcc.a(_exit.o)
                              d:/prg/kompilatory/winavr/bin/../lib/gcc/avr/4.3.3/../../../../avr/lib/avr5/crtm328p.o (exit)
d:/prg/kompilatory/winavr/bin/../lib/gcc/avr/4.3.3/avr5\libgcc.a(_copy_data.o)
                              obj\Debug\src\net\net.o (__do_copy_data)
d:/prg/kompilatory/winavr/bin/../lib/gcc/avr/4.3.3/avr5\libgcc.a(_clear_bss.o)
                              obj\Debug\src\base\timer.o (__do_clear_bss)
d:/prg/kompilatory/winavr/bin/../lib/gcc/avr/4.3.3/../../../../avr/lib/avr5\libc.a(eerd_block_atmega328p.o)
                              obj\Debug\src\param.o (__eerd_block_m328p)
d:/prg/kompilatory/winavr/bin/../lib/gcc/avr/4.3.3/../../../../avr/lib/avr5\libc.a(eerd_word_atmega328p.o)
                              obj\Debug\src\param.o (__eerd_word_m328p)
d:/prg/kompilatory/winavr/bin/../lib/gcc/avr/4.3.3/../../../../avr/lib/avr5\libc.a(eewr_block_atmega328p.o)
                              obj\Debug\src\param.o (__eewr_block_m328p)
d:/prg/kompilatory/winavr/bin/../lib/gcc/avr/4.3.3/../../../../avr/lib/avr5\libc.a(eewr_byte_atmega328p.o)
                              d:/prg/kompilatory/winavr/bin/../lib/gcc/avr/4.3.3/../../../../avr/lib/avr5\libc.a(eewr_block_atmega328p.o) (__eewr_r18_m328p)
d:/prg/kompilatory/winavr/bin/../lib/gcc/avr/4.3.3/../../../../avr/lib/avr5\libc.a(eewr_word_atmega328p.o)
                              obj\Debug\src\param.o (__eewr_word_m328p)

Allocating common symbols
Common symbol       size              file

time_stamp          0x4               obj\Debug\src\base\timer.o
param               0x13              obj\Debug\src\param.o
pb_proto_stat       0x10              obj\Debug\src\pb_proto.o
pkt_buf             0x5ea             obj\Debug\src\pkt_buf.o
stats               0x30              obj\Debug\src\stats.o
timer_10ms          0x2               obj\Debug\src\base\timer.o
timer_100us         0x2               obj\Debug\src\base\timer.o

Memory Configuration

Name             Origin             Length             Attributes
text             0x00000000         0x00020000         xr
data             0x00800060         0x0000ffa0         rw !x
eeprom           0x00810000         0x00010000         rw !x
fuse             0x00820000         0x00000400         rw !x
lock             0x00830000         0x00000400         rw !x
signature        0x00840000         0x00000400         rw !x
*default*        0x00000000         0xffffffff

Linker script and memory map

Address of section .data set to 0x800100
LOAD d:/prg/kompilatory/winavr/bin/../lib/gcc/avr/4.3.3/../../../../avr/lib/avr5/crtm328p.o
LOAD obj\Debug\src\base\timer.o
LOAD obj\Debug\src\base\util.o
LOAD obj\Debug\src\bridge.o
LOAD obj\Debug\src\bridge_test.o
LOAD obj\Debug\src\cmd_table.o
LOAD obj\Debug\src\cmdkey_table.o
LOAD obj\Debug\src\dump.o
LOAD obj\Debug\src\fuse.o
LOAD obj\Debug\src\main.o
LOAD obj\Debug\src\net\arp.o
LOAD obj\Debug\src\net\net.o
LOAD obj\Debug\src\par_low.o
LOAD obj\Debug\src\param.o
LOAD obj\Debug\src\pb_proto.o
LOAD obj\Debug\src\pb_test.o
LOAD obj\Debug\src\pb_util.o
LOAD obj\Debug\src\pio.o
LOAD obj\Debug\src\pio_test.o
LOAD obj\Debug\src\pio_util.o
LOAD obj\Debug\src\pkt_buf.o
LOAD obj\Debug\src\spi\enc28j60.o
LOAD obj\Debug\src\spi\spi.o
LOAD obj\Debug\src\stats.o
LOAD d:/prg/kompilatory/winavr/bin/../lib/gcc/avr/4.3.3/avr5\libgcc.a
LOAD d:/prg/kompilatory/winavr/bin/../lib/gcc/avr/4.3.3/../../../../avr/lib/avr5\libm.a
LOAD d:/prg/kompilatory/winavr/bin/../lib/gcc/avr/4.3.3/avr5\libgcc.a
LOAD d:/prg/kompilatory/winavr/bin/../lib/gcc/avr/4.3.3/../../../../avr/lib/avr5\libc.a
LOAD d:/prg/kompilatory/winavr/bin/../lib/gcc/avr/4.3.3/avr5\libgcc.a

.hash
 *(.hash)

.dynsym
 *(.dynsym)

.dynstr
 *(.dynstr)

.gnu.version
 *(.gnu.version)

.gnu.version_d
 *(.gnu.version_d)

.gnu.version_r
 *(.gnu.version_r)

.rel.init
 *(.rel.init)

.rela.init
 *(.rela.init)

.rel.text
 *(.rel.text)
 *(.rel.text.*)
 *(.rel.gnu.linkonce.t*)

.rela.text
 *(.rela.text)
 *(.rela.text.*)
 *(.rela.gnu.linkonce.t*)

.rel.fini
 *(.rel.fini)

.rela.fini
 *(.rela.fini)

.rel.rodata
 *(.rel.rodata)
 *(.rel.rodata.*)
 *(.rel.gnu.linkonce.r*)

.rela.rodata
 *(.rela.rodata)
 *(.rela.rodata.*)
 *(.rela.gnu.linkonce.r*)

.rel.data
 *(.rel.data)
 *(.rel.data.*)
 *(.rel.gnu.linkonce.d*)

.rela.data
 *(.rela.data)
 *(.rela.data.*)
 *(.rela.gnu.linkonce.d*)

.rel.ctors
 *(.rel.ctors)

.rela.ctors
 *(.rela.ctors)

.rel.dtors
 *(.rel.dtors)

.rela.dtors
 *(.rela.dtors)

.rel.got
 *(.rel.got)

.rela.got
 *(.rela.got)

.rel.bss
 *(.rel.bss)

.rela.bss
 *(.rela.bss)

.rel.plt
 *(.rel.plt)

.rela.plt
 *(.rela.plt)

.text           0x00000000     0x27c4
 *(.vectors)
 .vectors       0x00000000       0x68 d:/prg/kompilatory/winavr/bin/../lib/gcc/avr/4.3.3/../../../../avr/lib/avr5/crtm328p.o
                0x00000000                __vectors
                0x00000000                __vector_default
 *(.vectors)
 *(.progmem.gcc*)
 *(.progmem*)
 .progmem.data  0x00000068      0x20b obj\Debug\src\cmd_table.o
                0x00000068                cmd_table
 .progmem.data  0x00000273      0x128 obj\Debug\src\cmdkey_table.o
                0x00000273                cmdkey_table
 .progmem.data  0x0000039b       0x13 obj\Debug\src\param.o
 .progmem.data  0x000003ae        0x0 obj\Debug\src\pio.o
 .progmem.data  0x000003ae       0x19 obj\Debug\src\spi\enc28j60.o
                0x000003ae                pio_dev_enc28j60
                0x000003c8                . = ALIGN (0x2)
 *fill*         0x000003c7        0x1 00
                0x000003c8                __trampolines_start = .
 *(.trampolines)
 .trampolines   0x000003c8        0x0 linker stubs
 *(.trampolines*)
                0x000003c8                __trampolines_end = .
 *(.jumptables)
 *(.jumptables*)
 *(.lowtext)
 *(.lowtext*)
                0x000003c8                __ctors_start = .
 *(.ctors)
                0x000003c8                __ctors_end = .
                0x000003c8                __dtors_start = .
 *(.dtors)
                0x000003c8                __dtors_end = .
 SORT(*)(.ctors)
 SORT(*)(.dtors)
 *(.init0)
 .init0         0x000003c8        0x0 d:/prg/kompilatory/winavr/bin/../lib/gcc/avr/4.3.3/../../../../avr/lib/avr5/crtm328p.o
                0x000003c8                __init
 *(.init0)
 *(.init1)
 *(.init1)
 *(.init2)
 .init2         0x000003c8        0xc d:/prg/kompilatory/winavr/bin/../lib/gcc/avr/4.3.3/../../../../avr/lib/avr5/crtm328p.o
 *(.init2)
 *(.init3)
 *(.init3)
 *(.init4)
 .init4         0x000003d4       0x16 d:/prg/kompilatory/winavr/bin/../lib/gcc/avr/4.3.3/avr5\libgcc.a(_copy_data.o)
                0x000003d4                __do_copy_data
 .init4         0x000003ea       0x10 d:/prg/kompilatory/winavr/bin/../lib/gcc/avr/4.3.3/avr5\libgcc.a(_clear_bss.o)
                0x000003ea                __do_clear_bss
 *(.init4)
 *(.init5)
 *(.init5)
 *(.init6)
 *(.init6)
 *(.init7)
 *(.init7)
 *(.init8)
 *(.init8)
 *(.init9)
 .init9         0x000003fa        0x8 d:/prg/kompilatory/winavr/bin/../lib/gcc/avr/4.3.3/../../../../avr/lib/avr5/crtm328p.o
 *(.init9)
 *(.text)
 .text          0x00000402        0x4 d:/prg/kompilatory/winavr/bin/../lib/gcc/avr/4.3.3/../../../../avr/lib/avr5/crtm328p.o
                0x00000402                __vector_22
                0x00000402                __vector_1
                0x00000402                __vector_24
                0x00000402                __vector_12
                0x00000402                __bad_interrupt
                0x00000402                __vector_6
                0x00000402                __vector_3
                0x00000402                __vector_23
                0x00000402                __vector_25
                0x00000402                __vector_11
                0x00000402                __vector_13
                0x00000402                __vector_17
                0x00000402                __vector_19
                0x00000402                __vector_5
                0x00000402                __vector_4
                0x00000402                __vector_9
                0x00000402                __vector_2
                0x00000402                __vector_21
                0x00000402                __vector_15
                0x00000402                __vector_8
                0x00000402                __vector_14
                0x00000402                __vector_10
                0x00000402                __vector_16
                0x00000402                __vector_18
                0x00000402                __vector_20
 .text          0x00000406      0x16a obj\Debug\src\base\timer.o
                0x0000050e                timer_delay_100us
                0x00000528                timer_hw_calc_rate_kbs
                0x00000406                timer_init
                0x00000462                __vector_7
                0x000004f4                timer_delay_10ms
 .text          0x00000570      0x34e obj\Debug\src\base\util.o
                0x0000075a                parse_word
                0x00000570                nybble_to_hex
                0x0000088e                parse_byte_dec
                0x000005a6                word_to_hex
                0x0000062e                dword_to_dec
                0x000007ba                parse_dword
                0x000006fc                parse_byte
                0x000006c8                parse_nybble
                0x00000600                byte_to_dec
                0x0000057c                byte_to_hex
                0x000005ca                dword_to_hex
 .text          0x000008be      0x1e6 obj\Debug\src\bridge.o
                0x000008d2                bridge_loop
 .text          0x00000aa4      0x114 obj\Debug\src\bridge_test.o
                0x00000aa4                bridge_test_loop
 .text          0x00000bb8      0x1ce obj\Debug\src\cmd_table.o
 .text          0x00000d86       0x52 obj\Debug\src\cmdkey_table.o
 .text          0x00000dd8       0xa2 obj\Debug\src\dump.o
                0x00000dd8                dump_eth_pkt
                0x00000ddc                dump_pb_cmd
                0x00000de6                dump_ip_protocol
                0x00000dde                dump_arp_pkt
                0x00000dda                dump_ip_pkt
                0x00000e4a                dump_line
 .text          0x00000e7a        0x0 obj\Debug\src\fuse.o
 .text          0x00000e7a       0x70 obj\Debug\src\main.o
                0x00000e7a                main
 .text          0x00000eea       0xce obj\Debug\src\net\arp.o
                0x00000eea                arp_make_reply
                0x00000f66                arp_is_ipv4
 .text          0x00000fb8      0x2a6 obj\Debug\src\net\net.o
                0x00000fb8                net_copy_mac
                0x0000112e                net_parse_mac
                0x0000106e                net_put_long
                0x000010bc                net_compare_ip
                0x000011a0                net_parse_ip
                0x0000100c                net_put_word
                0x00001090                net_compare_mac
                0x00001216                net_dump_mac
                0x00000ff8                net_get_word
                0x00001014                net_get_long
                0x000010e8                net_dump_ip
                0x00000fd6                net_copy_ip
 .text          0x0000125e       0x3c obj\Debug\src\par_low.o
                0x00001284                par_low_pulse_ack
                0x0000125e                par_low_init
 .text          0x0000129a      0x102 obj\Debug\src\param.o
                0x000012e6                param_reset
                0x0000129a                param_dump
                0x00001366                param_save
                0x00001358                param_init
                0x00001304                param_load
 .text          0x0000139c      0x700 obj\Debug\src\pb_proto.o
                0x00001448                pb_proto_handle
                0x0000139c                pb_proto_init
                0x000013ca                pb_proto_get_line_status
                0x00001a74                pb_proto_request_recv
 .text          0x00001a9c      0x1b2 obj\Debug\src\pb_test.o
                0x00001a9c                pb_test_send_packet
                0x00001aa6                pb_test_toggle_auto
                0x00001ac6                pb_test_loop
 .text          0x00001c4e       0x5c obj\Debug\src\pb_util.o
                0x00001c4e                pb_util_handle
 .text          0x00001caa       0xec obj\Debug\src\pio.o
                0x00001d20                pio_send
                0x00001cae                pio_init
                0x00001d7e                pio_control
                0x00001caa                pio_set_device
                0x00001d38                pio_recv
                0x00001d66                pio_status
                0x00001d50                pio_has_recv
                0x00001d0a                pio_exit
 .text          0x00001d96       0x9a obj\Debug\src\pio_test.o
                0x00001d96                pio_test_loop
 .text          0x00001e30      0x258 obj\Debug\src\pio_util.o
                0x00001e4a                pio_util_handle_udp_test
                0x00001f24                pio_util_send_packet
                0x00002024                pio_util_recv_packet
                0x00001e30                pio_util_get_init_flags
                0x00001f7e                pio_util_handle_arp
 .text          0x00002088        0x0 obj\Debug\src\pkt_buf.o
 .text          0x00002088      0x58e obj\Debug\src\spi\enc28j60.o
 .text          0x00002616       0x2a obj\Debug\src\spi\spi.o
                0x00002616                spi_init
 .text          0x00002640       0x80 obj\Debug\src\stats.o
                0x000026bc                stats_dump_all
                0x0000266a                stats_update_ok
                0x000026be                stats_dump
                0x00002640                stats_reset
 .text          0x000026c0        0x0 d:/prg/kompilatory/winavr/bin/../lib/gcc/avr/4.3.3/avr5\libgcc.a(_mulsi3.o)
 .text          0x000026c0        0x0 d:/prg/kompilatory/winavr/bin/../lib/gcc/avr/4.3.3/avr5\libgcc.a(_udivmodqi4.o)
 .text          0x000026c0        0x0 d:/prg/kompilatory/winavr/bin/../lib/gcc/avr/4.3.3/avr5\libgcc.a(_udivmodsi4.o)
 .text          0x000026c0        0x0 d:/prg/kompilatory/winavr/bin/../lib/gcc/avr/4.3.3/avr5\libgcc.a(_exit.o)
 .text          0x000026c0        0x0 d:/prg/kompilatory/winavr/bin/../lib/gcc/avr/4.3.3/avr5\libgcc.a(_copy_data.o)
 .text          0x000026c0        0x0 d:/prg/kompilatory/winavr/bin/../lib/gcc/avr/4.3.3/avr5\libgcc.a(_clear_bss.o)
 .text          0x000026c0        0x0 d:/prg/kompilatory/winavr/bin/../lib/gcc/avr/4.3.3/../../../../avr/lib/avr5\libc.a(eerd_block_atmega328p.o)
 .text          0x000026c0        0x0 d:/prg/kompilatory/winavr/bin/../lib/gcc/avr/4.3.3/../../../../avr/lib/avr5\libc.a(eerd_word_atmega328p.o)
 .text          0x000026c0        0x0 d:/prg/kompilatory/winavr/bin/../lib/gcc/avr/4.3.3/../../../../avr/lib/avr5\libc.a(eewr_block_atmega328p.o)
 .text          0x000026c0        0x0 d:/prg/kompilatory/winavr/bin/../lib/gcc/avr/4.3.3/../../../../avr/lib/avr5\libc.a(eewr_byte_atmega328p.o)
 .text          0x000026c0        0x0 d:/prg/kompilatory/winavr/bin/../lib/gcc/avr/4.3.3/../../../../avr/lib/avr5\libc.a(eewr_word_atmega328p.o)
                0x000026c0                . = ALIGN (0x2)
 *(.text.*)
 .text.libgcc   0x000026c0       0x3e d:/prg/kompilatory/winavr/bin/../lib/gcc/avr/4.3.3/avr5\libgcc.a(_mulsi3.o)
                0x000026c0                __mulsi3
 .text.libgcc   0x000026fe       0x18 d:/prg/kompilatory/winavr/bin/../lib/gcc/avr/4.3.3/avr5\libgcc.a(_udivmodqi4.o)
                0x000026fe                __udivmodqi4
 .text.libgcc   0x00002716       0x44 d:/prg/kompilatory/winavr/bin/../lib/gcc/avr/4.3.3/avr5\libgcc.a(_udivmodsi4.o)
                0x00002716                __udivmodsi4
 .text.libgcc   0x0000275a        0x0 d:/prg/kompilatory/winavr/bin/../lib/gcc/avr/4.3.3/avr5\libgcc.a(_exit.o)
 .text.libgcc   0x0000275a        0x0 d:/prg/kompilatory/winavr/bin/../lib/gcc/avr/4.3.3/avr5\libgcc.a(_copy_data.o)
 .text.libgcc   0x0000275a        0x0 d:/prg/kompilatory/winavr/bin/../lib/gcc/avr/4.3.3/avr5\libgcc.a(_clear_bss.o)
 .text.avr-libc
                0x0000275a       0x20 d:/prg/kompilatory/winavr/bin/../lib/gcc/avr/4.3.3/../../../../avr/lib/avr5\libc.a(eerd_block_atmega328p.o)
                0x0000275a                __eerd_block_m328p
                0x0000275e                __eerd_blraw_m328p
 .text.avr-libc
                0x0000277a        0xc d:/prg/kompilatory/winavr/bin/../lib/gcc/avr/4.3.3/../../../../avr/lib/avr5\libc.a(eerd_word_atmega328p.o)
                0x0000277a                __eerd_word_m328p
 .text.avr-libc
                0x00002786       0x14 d:/prg/kompilatory/winavr/bin/../lib/gcc/avr/4.3.3/../../../../avr/lib/avr5\libc.a(eewr_block_atmega328p.o)
                0x00002786                __eewr_block_m328p
 .text.avr-libc
                0x0000279a       0x1c d:/prg/kompilatory/winavr/bin/../lib/gcc/avr/4.3.3/../../../../avr/lib/avr5\libc.a(eewr_byte_atmega328p.o)
                0x0000279a                __eewr_byte_m328p
                0x0000279c                __eewr_r18_m328p
 .text.avr-libc
                0x000027b6        0xa d:/prg/kompilatory/winavr/bin/../lib/gcc/avr/4.3.3/../../../../avr/lib/avr5\libc.a(eewr_word_atmega328p.o)
                0x000027b6                __eewr_word_m328p
                0x000027c0                . = ALIGN (0x2)
 *(.fini9)
 .fini9         0x000027c0        0x0 d:/prg/kompilatory/winavr/bin/../lib/gcc/avr/4.3.3/avr5\libgcc.a(_exit.o)
                0x000027c0                exit
                0x000027c0                _exit
 *(.fini9)
 *(.fini8)
 *(.fini8)
 *(.fini7)
 *(.fini7)
 *(.fini6)
 *(.fini6)
 *(.fini5)
 *(.fini5)
 *(.fini4)
 *(.fini4)
 *(.fini3)
 *(.fini3)
 *(.fini2)
 *(.fini2)
 *(.fini1)
 *(.fini1)
 *(.fini0)
 .fini0         0x000027c0        0x4 d:/prg/kompilatory/winavr/bin/../lib/gcc/avr/4.3.3/avr5\libgcc.a(_exit.o)
 *(.fini0)
                0x000027c4                _etext = .

.data           0x00800100       0x3c load address 0x000027c4
                0x00800100                PROVIDE (__data_start, .)
 *(.data)
 .data          0x00800100        0x0 d:/prg/kompilatory/winavr/bin/../lib/gcc/avr/4.3.3/../../../../avr/lib/avr5/crtm328p.o
 .data          0x00800100        0x0 obj\Debug\src\base\timer.o
 .data          0x00800100        0x0 obj\Debug\src\base\util.o
 .data          0x00800100        0x0 obj\Debug\src\bridge.o
 .data          0x00800100        0x0 obj\Debug\src\bridge_test.o
 .data          0x00800100        0x0 obj\Debug\src\cmd_table.o
 .data          0x00800100        0x0 obj\Debug\src\cmdkey_table.o
 .data          0x00800100        0x0 obj\Debug\src\dump.o
 .data          0x00800100        0x0 obj\Debug\src\fuse.o
 .data          0x00800100        0x0 obj\Debug\src\main.o
 .data          0x00800100        0x0 obj\Debug\src\net\arp.o
 .data          0x00800100       0x3a obj\Debug\src\net\net.o
                0x00800110                net_ones_ip
                0x0080010c                net_zero_ip
                0x00800106                net_zero_mac
                0x00800100                net_bcast_mac
 .data          0x0080013a        0x0 obj\Debug\src\par_low.o
 .data          0x0080013a        0x0 obj\Debug\src\param.o
 .data          0x0080013a        0x2 obj\Debug\src\pb_proto.o
                0x0080013a                pb_proto_timeout
 .data          0x0080013c        0x0 obj\Debug\src\pb_test.o
 .data          0x0080013c        0x0 obj\Debug\src\pb_util.o
 .data          0x0080013c        0x0 obj\Debug\src\pio.o
 .data          0x0080013c        0x0 obj\Debug\src\pio_test.o
 .data          0x0080013c        0x0 obj\Debug\src\pio_util.o
 .data          0x0080013c        0x0 obj\Debug\src\pkt_buf.o
 .data          0x0080013c        0x0 obj\Debug\src\spi\enc28j60.o
 .data          0x0080013c        0x0 obj\Debug\src\spi\spi.o
 .data          0x0080013c        0x0 obj\Debug\src\stats.o
 .data          0x0080013c        0x0 d:/prg/kompilatory/winavr/bin/../lib/gcc/avr/4.3.3/avr5\libgcc.a(_mulsi3.o)
 .data          0x0080013c        0x0 d:/prg/kompilatory/winavr/bin/../lib/gcc/avr/4.3.3/avr5\libgcc.a(_udivmodqi4.o)
 .data          0x0080013c        0x0 d:/prg/kompilatory/winavr/bin/../lib/gcc/avr/4.3.3/avr5\libgcc.a(_udivmodsi4.o)
 .data          0x0080013c        0x0 d:/prg/kompilatory/winavr/bin/../lib/gcc/avr/4.3.3/avr5\libgcc.a(_exit.o)
 .data          0x0080013c        0x0 d:/prg/kompilatory/winavr/bin/../lib/gcc/avr/4.3.3/avr5\libgcc.a(_copy_data.o)
 .data          0x0080013c        0x0 d:/prg/kompilatory/winavr/bin/../lib/gcc/avr/4.3.3/avr5\libgcc.a(_clear_bss.o)
 .data          0x0080013c        0x0 d:/prg/kompilatory/winavr/bin/../lib/gcc/avr/4.3.3/../../../../avr/lib/avr5\libc.a(eerd_block_atmega328p.o)
 .data          0x0080013c        0x0 d:/prg/kompilatory/winavr/bin/../lib/gcc/avr/4.3.3/../../../../avr/lib/avr5\libc.a(eerd_word_atmega328p.o)
 .data          0x0080013c        0x0 d:/prg/kompilatory/winavr/bin/../lib/gcc/avr/4.3.3/../../../../avr/lib/avr5\libc.a(eewr_block_atmega328p.o)
 .data          0x0080013c        0x0 d:/prg/kompilatory/winavr/bin/../lib/gcc/avr/4.3.3/../../../../avr/lib/avr5\libc.a(eewr_byte_atmega328p.o)
 .data          0x0080013c        0x0 d:/prg/kompilatory/winavr/bin/../lib/gcc/avr/4.3.3/../../../../avr/lib/avr5\libc.a(eewr_word_atmega328p.o)
 *(.data*)
 *(.rodata)
 *(.rodata*)
 *(.gnu.linkonce.d*)
                0x0080013c                . = ALIGN (0x2)
                0x0080013c                _edata = .
                0x0080013c                PROVIDE (__data_end, .)

.bss            0x0080013c      0x664
                0x0080013c                PROVIDE (__bss_start, .)
 *(.bss)
 .bss           0x0080013c        0x0 d:/prg/kompilatory/winavr/bin/../lib/gcc/avr/4.3.3/../../../../avr/lib/avr5/crtm328p.o
 .bss           0x0080013c        0x2 obj\Debug\src\base\timer.o
 .bss           0x0080013e        0x0 obj\Debug\src\base\util.o
 .bss           0x0080013e        0x2 obj\Debug\src\bridge.o
 .bss           0x00800140        0x2 obj\Debug\src\bridge_test.o
 .bss           0x00800142        0x0 obj\Debug\src\cmd_table.o
 .bss           0x00800142        0x0 obj\Debug\src\cmdkey_table.o
 .bss           0x00800142        0x0 obj\Debug\src\dump.o
 .bss           0x00800142        0x0 obj\Debug\src\fuse.o
 .bss           0x00800142        0x2 obj\Debug\src\main.o
                0x00800142                run_mode
                0x00800143                global_verbose
 .bss           0x00800144        0x0 obj\Debug\src\net\arp.o
 .bss           0x00800144        0x0 obj\Debug\src\net\net.o
 .bss           0x00800144        0x0 obj\Debug\src\par_low.o
 .bss           0x00800144        0x0 obj\Debug\src\param.o
 .bss           0x00800144        0xc obj\Debug\src\pb_proto.o
 .bss           0x00800150        0x3 obj\Debug\src\pb_test.o
 .bss           0x00800153        0x0 obj\Debug\src\pb_util.o
 .bss           0x00800153        0x3 obj\Debug\src\pio.o
 .bss           0x00800156        0x0 obj\Debug\src\pio_test.o
 .bss           0x00800156        0x0 obj\Debug\src\pio_util.o
 .bss           0x00800156        0x0 obj\Debug\src\pkt_buf.o
 .bss           0x00800156        0x5 obj\Debug\src\spi\enc28j60.o
 .bss           0x0080015b        0x0 obj\Debug\src\spi\spi.o
 .bss           0x0080015b        0x0 obj\Debug\src\stats.o
 .bss           0x0080015b        0x0 d:/prg/kompilatory/winavr/bin/../lib/gcc/avr/4.3.3/avr5\libgcc.a(_mulsi3.o)
 .bss           0x0080015b        0x0 d:/prg/kompilatory/winavr/bin/../lib/gcc/avr/4.3.3/avr5\libgcc.a(_udivmodqi4.o)
 .bss           0x0080015b        0x0 d:/prg/kompilatory/winavr/bin/../lib/gcc/avr/4.3.3/avr5\libgcc.a(_udivmodsi4.o)
 .bss           0x0080015b        0x0 d:/prg/kompilatory/winavr/bin/../lib/gcc/avr/4.3.3/avr5\libgcc.a(_exit.o)
 .bss           0x0080015b        0x0 d:/prg/kompilatory/winavr/bin/../lib/gcc/avr/4.3.3/avr5\libgcc.a(_copy_data.o)
 .bss           0x0080015b        0x0 d:/prg/kompilatory/winavr/bin/../lib/gcc/avr/4.3.3/avr5\libgcc.a(_clear_bss.o)
 .bss           0x0080015b        0x0 d:/prg/kompilatory/winavr/bin/../lib/gcc/avr/4.3.3/../../../../avr/lib/avr5\libc.a(eerd_block_atmega328p.o)
 .bss           0x0080015b        0x0 d:/prg/kompilatory/winavr/bin/../lib/gcc/avr/4.3.3/../../../../avr/lib/avr5\libc.a(eerd_word_atmega328p.o)
 .bss           0x0080015b        0x0 d:/prg/kompilatory/winavr/bin/../lib/gcc/avr/4.3.3/../../../../avr/lib/avr5\libc.a(eewr_block_atmega328p.o)
 .bss           0x0080015b        0x0 d:/prg/kompilatory/winavr/bin/../lib/gcc/avr/4.3.3/../../../../avr/lib/avr5\libc.a(eewr_byte_atmega328p.o)
 .bss           0x0080015b        0x0 d:/prg/kompilatory/winavr/bin/../lib/gcc/avr/4.3.3/../../../../avr/lib/avr5\libc.a(eewr_word_atmega328p.o)
 *(.bss*)
 *(COMMON)
 COMMON         0x0080015b        0x8 obj\Debug\src\base\timer.o
                0x0080015b                time_stamp
                0x0080015f                timer_10ms
                0x00800161                timer_100us
 COMMON         0x00800163       0x13 obj\Debug\src\param.o
                0x00800163                param
 COMMON         0x00800176       0x10 obj\Debug\src\pb_proto.o
                0x00800176                pb_proto_stat
 COMMON         0x00800186      0x5ea obj\Debug\src\pkt_buf.o
                0x00800186                pkt_buf
 COMMON         0x00800770       0x30 obj\Debug\src\stats.o
                0x00800770                stats
                0x008007a0                PROVIDE (__bss_end, .)
                0x000027c4                __data_load_start = LOADADDR (.data)
                0x00002800                __data_load_end = (__data_load_start + SIZEOF (.data))

.noinit         0x008007a0        0x0
                0x008007a0                PROVIDE (__noinit_start, .)
 *(.noinit*)
                0x008007a0                PROVIDE (__noinit_end, .)
                0x008007a0                _end = .
                0x008007a0                PROVIDE (__heap_start, .)

.eeprom         0x00810000       0x15
 *(.eeprom*)
 .eeprom        0x00810000       0x15 obj\Debug\src\param.o
                0x00810013                eeprom_crc16
                0x00810000                eeprom_param
                0x00810015                __eeprom_end = .

.fuse           0x00820000        0x3
 *(.fuse)
 .fuse          0x00820000        0x3 obj\Debug\src\fuse.o
                0x00820000                __fuse
 *(.lfuse)
 *(.hfuse)
 *(.efuse)

.lock
 *(.lock*)

.signature
 *(.signature*)

.stab
 *(.stab)

.stabstr
 *(.stabstr)

.stab.excl
 *(.stab.excl)

.stab.exclstr
 *(.stab.exclstr)

.stab.index
 *(.stab.index)

.stab.indexstr
 *(.stab.indexstr)

.comment
 *(.comment)

.debug
 *(.debug)

.line
 *(.line)

.debug_srcinfo
 *(.debug_srcinfo)

.debug_sfnames
 *(.debug_sfnames)

.debug_aranges  0x00000000      0x2a0
 *(.debug_aranges)
 .debug_aranges
                0x00000000       0x20 obj\Debug\src\base\timer.o
 .debug_aranges
                0x00000020       0x20 obj\Debug\src\base\util.o
 .debug_aranges
                0x00000040       0x20 obj\Debug\src\bridge.o
 .debug_aranges
                0x00000060       0x20 obj\Debug\src\bridge_test.o
 .debug_aranges
                0x00000080       0x20 obj\Debug\src\cmd_table.o
 .debug_aranges
                0x000000a0       0x20 obj\Debug\src\cmdkey_table.o
 .debug_aranges
                0x000000c0       0x20 obj\Debug\src\dump.o
 .debug_aranges
                0x000000e0       0x20 obj\Debug\src\main.o
 .debug_aranges
                0x00000100       0x20 obj\Debug\src\net\arp.o
 .debug_aranges
                0x00000120       0x20 obj\Debug\src\net\net.o
 .debug_aranges
                0x00000140       0x20 obj\Debug\src\par_low.o
 .debug_aranges
                0x00000160       0x20 obj\Debug\src\param.o
 .debug_aranges
                0x00000180       0x20 obj\Debug\src\pb_proto.o
 .debug_aranges
                0x000001a0       0x20 obj\Debug\src\pb_test.o
 .debug_aranges
                0x000001c0       0x20 obj\Debug\src\pb_util.o
 .debug_aranges
                0x000001e0       0x20 obj\Debug\src\pio.o
 .debug_aranges
                0x00000200       0x20 obj\Debug\src\pio_test.o
 .debug_aranges
                0x00000220       0x20 obj\Debug\src\pio_util.o
 .debug_aranges
                0x00000240       0x20 obj\Debug\src\spi\enc28j60.o
 .debug_aranges
                0x00000260       0x20 obj\Debug\src\spi\spi.o
 .debug_aranges
                0x00000280       0x20 obj\Debug\src\stats.o

.debug_pubnames
                0x00000000      0x7fa
 *(.debug_pubnames)
 .debug_pubnames
                0x00000000       0xa4 obj\Debug\src\base\timer.o
 .debug_pubnames
                0x000000a4       0xc8 obj\Debug\src\base\util.o
 .debug_pubnames
                0x0000016c       0x22 obj\Debug\src\bridge.o
 .debug_pubnames
                0x0000018e       0x27 obj\Debug\src\bridge_test.o
 .debug_pubnames
                0x000001b5       0x20 obj\Debug\src\cmd_table.o
 .debug_pubnames
                0x000001d5       0x23 obj\Debug\src\cmdkey_table.o
 .debug_pubnames
                0x000001f8       0x77 obj\Debug\src\dump.o
 .debug_pubnames
                0x0000026f       0x1d obj\Debug\src\fuse.o
 .debug_pubnames
                0x0000028c       0x3b obj\Debug\src\main.o
 .debug_pubnames
                0x000002c7       0x35 obj\Debug\src\net\arp.o
 .debug_pubnames
                0x000002fc      0x125 obj\Debug\src\net\net.o
 .debug_pubnames
                0x00000421       0x39 obj\Debug\src\par_low.o
 .debug_pubnames
                0x0000045a       0x8a obj\Debug\src\param.o
 .debug_pubnames
                0x000004e4       0x96 obj\Debug\src\pb_proto.o
 .debug_pubnames
                0x0000057a       0x53 obj\Debug\src\pb_test.o
 .debug_pubnames
                0x000005cd       0x25 obj\Debug\src\pb_util.o
 .debug_pubnames
                0x000005f2       0x89 obj\Debug\src\pio.o
 .debug_pubnames
                0x0000067b       0x24 obj\Debug\src\pio_test.o
 .debug_pubnames
                0x0000069f       0x95 obj\Debug\src\pio_util.o
 .debug_pubnames
                0x00000734       0x1e obj\Debug\src\pkt_buf.o
 .debug_pubnames
                0x00000752       0x27 obj\Debug\src\spi\enc28j60.o
 .debug_pubnames
                0x00000779       0x1f obj\Debug\src\spi\spi.o
 .debug_pubnames
                0x00000798       0x62 obj\Debug\src\stats.o

.debug_info     0x00000000     0x5913
 *(.debug_info)
 .debug_info    0x00000000      0x1a3 obj\Debug\src\base\timer.o
 .debug_info    0x000001a3      0x3f6 obj\Debug\src\base\util.o
 .debug_info    0x00000599      0x4d8 obj\Debug\src\bridge.o
 .debug_info    0x00000a71      0x319 obj\Debug\src\bridge_test.o
 .debug_info    0x00000d8a      0xa0b obj\Debug\src\cmd_table.o
 .debug_info    0x00001795      0x3da obj\Debug\src\cmdkey_table.o
 .debug_info    0x00001b6f      0x59a obj\Debug\src\dump.o
 .debug_info    0x00002109       0xae obj\Debug\src\fuse.o
 .debug_info    0x000021b7       0xda obj\Debug\src\main.o
 .debug_info    0x00002291      0x1a9 obj\Debug\src\net\arp.o
 .debug_info    0x0000243a      0x465 obj\Debug\src\net\net.o
 .debug_info    0x0000289f       0xd3 obj\Debug\src\par_low.o
 .debug_info    0x00002972      0x382 obj\Debug\src\param.o
 .debug_info    0x00002cf4      0x7c0 obj\Debug\src\pb_proto.o
 .debug_info    0x000034b4      0x4ae obj\Debug\src\pb_test.o
 .debug_info    0x00003962      0x21d obj\Debug\src\pb_util.o
 .debug_info    0x00003b7f      0x932 obj\Debug\src\pio.o
 .debug_info    0x000044b1      0x21c obj\Debug\src\pio_test.o
 .debug_info    0x000046cd      0x63a obj\Debug\src\pio_util.o
 .debug_info    0x00004d07       0x8f obj\Debug\src\pkt_buf.o
 .debug_info    0x00004d96      0x8ed obj\Debug\src\spi\enc28j60.o
 .debug_info    0x00005683       0x72 obj\Debug\src\spi\spi.o
 .debug_info    0x000056f5      0x21e obj\Debug\src\stats.o
 *(.gnu.linkonce.wi.*)

.debug_abbrev   0x00000000     0x1cae
 *(.debug_abbrev)
 .debug_abbrev  0x00000000       0xd5 obj\Debug\src\base\timer.o
 .debug_abbrev  0x000000d5      0x105 obj\Debug\src\base\util.o
 .debug_abbrev  0x000001da      0x1f8 obj\Debug\src\bridge.o
 .debug_abbrev  0x000003d2      0x127 obj\Debug\src\bridge_test.o
 .debug_abbrev  0x000004f9      0x157 obj\Debug\src\cmd_table.o
 .debug_abbrev  0x00000650       0xe7 obj\Debug\src\cmdkey_table.o
 .debug_abbrev  0x00000737      0x175 obj\Debug\src\dump.o
 .debug_abbrev  0x000008ac       0x73 obj\Debug\src\fuse.o
 .debug_abbrev  0x0000091f       0x97 obj\Debug\src\main.o
 .debug_abbrev  0x000009b6       0xdf obj\Debug\src\net\arp.o
 .debug_abbrev  0x00000a95      0x111 obj\Debug\src\net\net.o
 .debug_abbrev  0x00000ba6       0xa6 obj\Debug\src\par_low.o
 .debug_abbrev  0x00000c4c      0x19a obj\Debug\src\param.o
 .debug_abbrev  0x00000de6      0x2fd obj\Debug\src\pb_proto.o
 .debug_abbrev  0x000010e3      0x198 obj\Debug\src\pb_test.o
 .debug_abbrev  0x0000127b      0x10b obj\Debug\src\pb_util.o
 .debug_abbrev  0x00001386      0x1d4 obj\Debug\src\pio.o
 .debug_abbrev  0x0000155a       0xf5 obj\Debug\src\pio_test.o
 .debug_abbrev  0x0000164f      0x19f obj\Debug\src\pio_util.o
 .debug_abbrev  0x000017ee       0x63 obj\Debug\src\pkt_buf.o
 .debug_abbrev  0x00001851      0x2d2 obj\Debug\src\spi\enc28j60.o
 .debug_abbrev  0x00001b23       0x3f obj\Debug\src\spi\spi.o
 .debug_abbrev  0x00001b62      0x14c obj\Debug\src\stats.o

.debug_line     0x00000000     0x3284
 *(.debug_line)
 .debug_line    0x00000000      0x1ba obj\Debug\src\base\timer.o
 .debug_line    0x000001ba      0x2f9 obj\Debug\src\base\util.o
 .debug_line    0x000004b3      0x2da obj\Debug\src\bridge.o
 .debug_line    0x0000078d      0x1dd obj\Debug\src\bridge_test.o
 .debug_line    0x0000096a      0x2b3 obj\Debug\src\cmd_table.o
 .debug_line    0x00000c1d      0x1b5 obj\Debug\src\cmdkey_table.o
 .debug_line    0x00000dd2      0x1fd obj\Debug\src\dump.o
 .debug_line    0x00000fcf       0x8e obj\Debug\src\fuse.o
 .debug_line    0x0000105d      0x10e obj\Debug\src\main.o
 .debug_line    0x0000116b      0x11c obj\Debug\src\net\arp.o
 .debug_line    0x00001287      0x27f obj\Debug\src\net\net.o
 .debug_line    0x00001506      0x144 obj\Debug\src\par_low.o
 .debug_line    0x0000164a      0x200 obj\Debug\src\param.o
 .debug_line    0x0000184a      0x758 obj\Debug\src\pb_proto.o
 .debug_line    0x00001fa2      0x2b5 obj\Debug\src\pb_test.o
 .debug_line    0x00002257      0x116 obj\Debug\src\pb_util.o
 .debug_line    0x0000236d      0x1f1 obj\Debug\src\pio.o
 .debug_line    0x0000255e      0x134 obj\Debug\src\pio_test.o
 .debug_line    0x00002692      0x2dc obj\Debug\src\pio_util.o
 .debug_line    0x0000296e       0x8f obj\Debug\src\pkt_buf.o
 .debug_line    0x000029fd      0x692 obj\Debug\src\spi\enc28j60.o
 .debug_line    0x0000308f       0x8f obj\Debug\src\spi\spi.o
 .debug_line    0x0000311e      0x166 obj\Debug\src\stats.o

.debug_frame    0x00000000      0x8f0
 *(.debug_frame)
 .debug_frame   0x00000000       0x60 obj\Debug\src\base\timer.o
 .debug_frame   0x00000060       0xc0 obj\Debug\src\base\util.o
 .debug_frame   0x00000120       0x50 obj\Debug\src\bridge.o
 .debug_frame   0x00000170       0x40 obj\Debug\src\bridge_test.o
 .debug_frame   0x000001b0       0xe0 obj\Debug\src\cmd_table.o
 .debug_frame   0x00000290       0xb0 obj\Debug\src\cmdkey_table.o
 .debug_frame   0x00000340       0x70 obj\Debug\src\dump.o
 .debug_frame   0x000003b0       0x20 obj\Debug\src\main.o
 .debug_frame   0x000003d0       0x30 obj\Debug\src\net\arp.o
 .debug_frame   0x00000400       0xd0 obj\Debug\src\net\net.o
 .debug_frame   0x000004d0       0x30 obj\Debug\src\par_low.o
 .debug_frame   0x00000500       0x70 obj\Debug\src\param.o
 .debug_frame   0x00000570       0x60 obj\Debug\src\pb_proto.o
 .debug_frame   0x000005d0       0x60 obj\Debug\src\pb_test.o
 .debug_frame   0x00000630       0x20 obj\Debug\src\pb_util.o
 .debug_frame   0x00000650       0x90 obj\Debug\src\pio.o
 .debug_frame   0x000006e0       0x20 obj\Debug\src\pio_test.o
 .debug_frame   0x00000700       0x60 obj\Debug\src\pio_util.o
 .debug_frame   0x00000760      0x100 obj\Debug\src\spi\enc28j60.o
 .debug_frame   0x00000860       0x20 obj\Debug\src\spi\spi.o
 .debug_frame   0x00000880       0x70 obj\Debug\src\stats.o

.debug_str      0x00000000     0x140c
 *(.debug_str)
 .debug_str     0x00000000      0x10d obj\Debug\src\base\timer.o
                                0x152 (size before relaxing)
 .debug_str     0x0000010d       0xc0 obj\Debug\src\base\util.o
                                0x17a (size before relaxing)
 .debug_str     0x000001cd      0x187 obj\Debug\src\bridge.o
                                0x27c (size before relaxing)
 .debug_str     0x00000354       0x30 obj\Debug\src\bridge_test.o
                                0x1c9 (size before relaxing)
 .debug_str     0x00000384      0x37e obj\Debug\src\cmd_table.o
                                0x4f5 (size before relaxing)
 .debug_str     0x00000702      0x22e obj\Debug\src\cmdkey_table.o
                                0x31c (size before relaxing)
 .debug_str     0x00000930      0x163 obj\Debug\src\dump.o
                                0x285 (size before relaxing)
 .debug_str     0x00000a93       0x29 obj\Debug\src\fuse.o
                                 0xb9 (size before relaxing)
 .debug_str     0x00000abc       0x18 obj\Debug\src\main.o
                                 0xcf (size before relaxing)
 .debug_str     0x00000ad4       0x56 obj\Debug\src\net\arp.o
                                0x12a (size before relaxing)
 .debug_str     0x00000b2a       0xbd obj\Debug\src\net\net.o
                                0x1ac (size before relaxing)
 .debug_str     0x00000be7       0x49 obj\Debug\src\par_low.o
                                 0xe1 (size before relaxing)
 .debug_str     0x00000c30       0x8c obj\Debug\src\param.o
                                0x1f5 (size before relaxing)
 .debug_str     0x00000cbc      0x1d0 obj\Debug\src\pb_proto.o
                                0x339 (size before relaxing)
 .debug_str     0x00000e8c       0x86 obj\Debug\src\pb_test.o
                                0x277 (size before relaxing)
 .debug_str     0x00000f12       0x27 obj\Debug\src\pb_util.o
                                0x153 (size before relaxing)
 .debug_str     0x00000f39      0x1b7 obj\Debug\src\pio.o
                                0x2ca (size before relaxing)
 .debug_str     0x000010f0       0x1d obj\Debug\src\pio_test.o
                                0x165 (size before relaxing)
 .debug_str     0x0000110d       0xe8 obj\Debug\src\pio_util.o
                                0x329 (size before relaxing)
 .debug_str     0x000011f5        0xe obj\Debug\src\pkt_buf.o
                                 0xae (size before relaxing)
 .debug_str     0x00001203      0x1bb obj\Debug\src\spi\enc28j60.o
                                0x374 (size before relaxing)
 .debug_str     0x000013be       0x17 obj\Debug\src\spi\spi.o
                                 0xa7 (size before relaxing)
 .debug_str     0x000013d5       0x37 obj\Debug\src\stats.o
                                0x12e (size before relaxing)

.debug_loc      0x00000000     0x2447
 *(.debug_loc)
 .debug_loc     0x00000000       0xfe obj\Debug\src\base\timer.o
 .debug_loc     0x000000fe      0x5c2 obj\Debug\src\base\util.o
 .debug_loc     0x000006c0      0x197 obj\Debug\src\bridge.o
 .debug_loc     0x00000857      0x110 obj\Debug\src\bridge_test.o
 .debug_loc     0x00000967      0x403 obj\Debug\src\cmd_table.o
 .debug_loc     0x00000d6a      0x121 obj\Debug\src\dump.o
 .debug_loc     0x00000e8b       0x1e obj\Debug\src\main.o
 .debug_loc     0x00000ea9      0x108 obj\Debug\src\net\arp.o
 .debug_loc     0x00000fb1      0x2bb obj\Debug\src\net\net.o
 .debug_loc     0x0000126c       0x26 obj\Debug\src\par_low.o
 .debug_loc     0x00001292       0x9b obj\Debug\src\param.o
 .debug_loc     0x0000132d      0x646 obj\Debug\src\pb_proto.o
 .debug_loc     0x00001973      0x12c obj\Debug\src\pb_test.o
 .debug_loc     0x00001a9f       0x3f obj\Debug\src\pb_util.o
 .debug_loc     0x00001ade      0x2d5 obj\Debug\src\pio.o
 .debug_loc     0x00001db3      0x1b4 obj\Debug\src\pio_util.o
 .debug_loc     0x00001f67      0x489 obj\Debug\src\spi\enc28j60.o
 .debug_loc     0x000023f0       0x57 obj\Debug\src\stats.o

.debug_macinfo
 *(.debug_macinfo)
OUTPUT(bin\Debug\plipUltimate.elf elf32-avr)
LOAD linker stubs

.debug_ranges   0x00000000      0x178
 .debug_ranges  0x00000000       0x18 obj\Debug\src\base\util.o
 .debug_ranges  0x00000018       0x30 obj\Debug\src\bridge.o
 .debug_ranges  0x00000048       0x18 obj\Debug\src\bridge_test.o
 .debug_ranges  0x00000060       0x30 obj\Debug\src\net\net.o
 .debug_ranges  0x00000090       0xa0 obj\Debug\src\pb_proto.o
 .debug_ranges  0x00000130       0x18 obj\Debug\src\pb_test.o
 .debug_ranges  0x00000148       0x18 obj\Debug\src\pio_test.o
 .debug_ranges  0x00000160       0x18 obj\Debug\src\spi\enc28j60.o

Cross Reference Table

Symbol                                            File
__bad_interrupt                                   d:/prg/kompilatory/winavr/bin/../lib/gcc/avr/4.3.3/../../../../avr/lib/avr5/crtm328p.o
__bss_end                                         d:/prg/kompilatory/winavr/bin/../lib/gcc/avr/4.3.3/avr5\libgcc.a(_clear_bss.o)
__bss_start                                       d:/prg/kompilatory/winavr/bin/../lib/gcc/avr/4.3.3/avr5\libgcc.a(_clear_bss.o)
__data_end                                        d:/prg/kompilatory/winavr/bin/../lib/gcc/avr/4.3.3/avr5\libgcc.a(_copy_data.o)
__data_load_start                                 d:/prg/kompilatory/winavr/bin/../lib/gcc/avr/4.3.3/avr5\libgcc.a(_copy_data.o)
__data_start                                      d:/prg/kompilatory/winavr/bin/../lib/gcc/avr/4.3.3/avr5\libgcc.a(_copy_data.o)
__do_clear_bss                                    d:/prg/kompilatory/winavr/bin/../lib/gcc/avr/4.3.3/avr5\libgcc.a(_clear_bss.o)
                                                  obj\Debug\src\stats.o
                                                  obj\Debug\src\spi\enc28j60.o
                                                  obj\Debug\src\pkt_buf.o
                                                  obj\Debug\src\pio.o
                                                  obj\Debug\src\pb_test.o
                                                  obj\Debug\src\pb_proto.o
                                                  obj\Debug\src\param.o
                                                  obj\Debug\src\main.o
                                                  obj\Debug\src\bridge_test.o
                                                  obj\Debug\src\bridge.o
                                                  obj\Debug\src\base\timer.o
__do_copy_data                                    d:/prg/kompilatory/winavr/bin/../lib/gcc/avr/4.3.3/avr5\libgcc.a(_copy_data.o)
                                                  obj\Debug\src\pb_proto.o
                                                  obj\Debug\src\net\net.o
__eerd_block_m328p                                d:/prg/kompilatory/winavr/bin/../lib/gcc/avr/4.3.3/../../../../avr/lib/avr5\libc.a(eerd_block_atmega328p.o)
                                                  obj\Debug\src\param.o
__eerd_blraw_m328p                                d:/prg/kompilatory/winavr/bin/../lib/gcc/avr/4.3.3/../../../../avr/lib/avr5\libc.a(eerd_block_atmega328p.o)
                                                  d:/prg/kompilatory/winavr/bin/../lib/gcc/avr/4.3.3/../../../../avr/lib/avr5\libc.a(eerd_word_atmega328p.o)
__eerd_word_m328p                                 d:/prg/kompilatory/winavr/bin/../lib/gcc/avr/4.3.3/../../../../avr/lib/avr5\libc.a(eerd_word_atmega328p.o)
                                                  obj\Debug\src\param.o
__eewr_block_m328p                                d:/prg/kompilatory/winavr/bin/../lib/gcc/avr/4.3.3/../../../../avr/lib/avr5\libc.a(eewr_block_atmega328p.o)
                                                  obj\Debug\src\param.o
__eewr_byte_m328p                                 d:/prg/kompilatory/winavr/bin/../lib/gcc/avr/4.3.3/../../../../avr/lib/avr5\libc.a(eewr_byte_atmega328p.o)
                                                  d:/prg/kompilatory/winavr/bin/../lib/gcc/avr/4.3.3/../../../../avr/lib/avr5\libc.a(eewr_word_atmega328p.o)
__eewr_r18_m328p                                  d:/prg/kompilatory/winavr/bin/../lib/gcc/avr/4.3.3/../../../../avr/lib/avr5\libc.a(eewr_byte_atmega328p.o)
                                                  d:/prg/kompilatory/winavr/bin/../lib/gcc/avr/4.3.3/../../../../avr/lib/avr5\libc.a(eewr_word_atmega328p.o)
                                                  d:/prg/kompilatory/winavr/bin/../lib/gcc/avr/4.3.3/../../../../avr/lib/avr5\libc.a(eewr_block_atmega328p.o)
__eewr_word_m328p                                 d:/prg/kompilatory/winavr/bin/../lib/gcc/avr/4.3.3/../../../../avr/lib/avr5\libc.a(eewr_word_atmega328p.o)
                                                  obj\Debug\src\param.o
__fuse                                            obj\Debug\src\fuse.o
__heap_end                                        d:/prg/kompilatory/winavr/bin/../lib/gcc/avr/4.3.3/../../../../avr/lib/avr5/crtm328p.o
__init                                            d:/prg/kompilatory/winavr/bin/../lib/gcc/avr/4.3.3/../../../../avr/lib/avr5/crtm328p.o
__mulsi3                                          d:/prg/kompilatory/winavr/bin/../lib/gcc/avr/4.3.3/avr5\libgcc.a(_mulsi3.o)
                                                  obj\Debug\src\base\timer.o
__stack                                           d:/prg/kompilatory/winavr/bin/../lib/gcc/avr/4.3.3/../../../../avr/lib/avr5/crtm328p.o
__udivmodqi4                                      d:/prg/kompilatory/winavr/bin/../lib/gcc/avr/4.3.3/avr5\libgcc.a(_udivmodqi4.o)
                                                  obj\Debug\src\base\util.o
__udivmodsi4                                      d:/prg/kompilatory/winavr/bin/../lib/gcc/avr/4.3.3/avr5\libgcc.a(_udivmodsi4.o)
                                                  obj\Debug\src\base\util.o
                                                  obj\Debug\src\base\timer.o
__vector_1                                        d:/prg/kompilatory/winavr/bin/../lib/gcc/avr/4.3.3/../../../../avr/lib/avr5/crtm328p.o
__vector_10                                       d:/prg/kompilatory/winavr/bin/../lib/gcc/avr/4.3.3/../../../../avr/lib/avr5/crtm328p.o
__vector_11                                       d:/prg/kompilatory/winavr/bin/../lib/gcc/avr/4.3.3/../../../../avr/lib/avr5/crtm328p.o
__vector_12                                       d:/prg/kompilatory/winavr/bin/../lib/gcc/avr/4.3.3/../../../../avr/lib/avr5/crtm328p.o
__vector_13                                       d:/prg/kompilatory/winavr/bin/../lib/gcc/avr/4.3.3/../../../../avr/lib/avr5/crtm328p.o
__vector_14                                       d:/prg/kompilatory/winavr/bin/../lib/gcc/avr/4.3.3/../../../../avr/lib/avr5/crtm328p.o
__vector_15                                       d:/prg/kompilatory/winavr/bin/../lib/gcc/avr/4.3.3/../../../../avr/lib/avr5/crtm328p.o
__vector_16                                       d:/prg/kompilatory/winavr/bin/../lib/gcc/avr/4.3.3/../../../../avr/lib/avr5/crtm328p.o
__vector_17                                       d:/prg/kompilatory/winavr/bin/../lib/gcc/avr/4.3.3/../../../../avr/lib/avr5/crtm328p.o
__vector_18                                       d:/prg/kompilatory/winavr/bin/../lib/gcc/avr/4.3.3/../../../../avr/lib/avr5/crtm328p.o
__vector_19                                       d:/prg/kompilatory/winavr/bin/../lib/gcc/avr/4.3.3/../../../../avr/lib/avr5/crtm328p.o
__vector_2                                        d:/prg/kompilatory/winavr/bin/../lib/gcc/avr/4.3.3/../../../../avr/lib/avr5/crtm328p.o
__vector_20                                       d:/prg/kompilatory/winavr/bin/../lib/gcc/avr/4.3.3/../../../../avr/lib/avr5/crtm328p.o
__vector_21                                       d:/prg/kompilatory/winavr/bin/../lib/gcc/avr/4.3.3/../../../../avr/lib/avr5/crtm328p.o
__vector_22                                       d:/prg/kompilatory/winavr/bin/../lib/gcc/avr/4.3.3/../../../../avr/lib/avr5/crtm328p.o
__vector_23                                       d:/prg/kompilatory/winavr/bin/../lib/gcc/avr/4.3.3/../../../../avr/lib/avr5/crtm328p.o
__vector_24                                       d:/prg/kompilatory/winavr/bin/../lib/gcc/avr/4.3.3/../../../../avr/lib/avr5/crtm328p.o
__vector_25                                       d:/prg/kompilatory/winavr/bin/../lib/gcc/avr/4.3.3/../../../../avr/lib/avr5/crtm328p.o
__vector_3                                        d:/prg/kompilatory/winavr/bin/../lib/gcc/avr/4.3.3/../../../../avr/lib/avr5/crtm328p.o
__vector_4                                        d:/prg/kompilatory/winavr/bin/../lib/gcc/avr/4.3.3/../../../../avr/lib/avr5/crtm328p.o
__vector_5                                        d:/prg/kompilatory/winavr/bin/../lib/gcc/avr/4.3.3/../../../../avr/lib/avr5/crtm328p.o
__vector_6                                        d:/prg/kompilatory/winavr/bin/../lib/gcc/avr/4.3.3/../../../../avr/lib/avr5/crtm328p.o
__vector_7                                        obj\Debug\src\base\timer.o
                                                  d:/prg/kompilatory/winavr/bin/../lib/gcc/avr/4.3.3/../../../../avr/lib/avr5/crtm328p.o
__vector_8                                        d:/prg/kompilatory/winavr/bin/../lib/gcc/avr/4.3.3/../../../../avr/lib/avr5/crtm328p.o
__vector_9                                        d:/prg/kompilatory/winavr/bin/../lib/gcc/avr/4.3.3/../../../../avr/lib/avr5/crtm328p.o
__vector_default                                  d:/prg/kompilatory/winavr/bin/../lib/gcc/avr/4.3.3/../../../../avr/lib/avr5/crtm328p.o
__vectors                                         d:/prg/kompilatory/winavr/bin/../lib/gcc/avr/4.3.3/../../../../avr/lib/avr5/crtm328p.o
_exit                                             d:/prg/kompilatory/winavr/bin/../lib/gcc/avr/4.3.3/avr5\libgcc.a(_exit.o)
arp_is_ipv4                                       obj\Debug\src\net\arp.o
                                                  obj\Debug\src\pio_util.o
arp_make_reply                                    obj\Debug\src\net\arp.o
                                                  obj\Debug\src\pio_util.o
bridge_loop                                       obj\Debug\src\bridge.o
                                                  obj\Debug\src\main.o
bridge_test_loop                                  obj\Debug\src\bridge_test.o
                                                  obj\Debug\src\main.o
byte_to_dec                                       obj\Debug\src\base\util.o
                                                  obj\Debug\src\net\net.o
byte_to_hex                                       obj\Debug\src\base\util.o
                                                  obj\Debug\src\net\net.o
cmd_table                                         obj\Debug\src\cmd_table.o
cmdkey_table                                      obj\Debug\src\cmdkey_table.o
dump_arp_pkt                                      obj\Debug\src\dump.o
dump_eth_pkt                                      obj\Debug\src\dump.o
dump_ip_pkt                                       obj\Debug\src\dump.o
dump_ip_protocol                                  obj\Debug\src\dump.o
dump_line                                         obj\Debug\src\dump.o
dump_pb_cmd                                       obj\Debug\src\dump.o
                                                  obj\Debug\src\pb_util.o
                                                  obj\Debug\src\pb_test.o
dword_to_dec                                      obj\Debug\src\base\util.o
dword_to_hex                                      obj\Debug\src\base\util.o
eeprom_crc16                                      obj\Debug\src\param.o
eeprom_param                                      obj\Debug\src\param.o
exit                                              d:/prg/kompilatory/winavr/bin/../lib/gcc/avr/4.3.3/avr5\libgcc.a(_exit.o)
                                                  d:/prg/kompilatory/winavr/bin/../lib/gcc/avr/4.3.3/../../../../avr/lib/avr5/crtm328p.o
global_verbose                                    obj\Debug\src\main.o
                                                  obj\Debug\src\pb_util.o
                                                  obj\Debug\src\cmdkey_table.o
main                                              obj\Debug\src\main.o
                                                  d:/prg/kompilatory/winavr/bin/../lib/gcc/avr/4.3.3/../../../../avr/lib/avr5/crtm328p.o
net_bcast_mac                                     obj\Debug\src\net\net.o
                                                  obj\Debug\src\pio_util.o
                                                  obj\Debug\src\pb_test.o
                                                  obj\Debug\src\bridge.o
net_compare_ip                                    obj\Debug\src\net\net.o
                                                  obj\Debug\src\pio_util.o
net_compare_mac                                   obj\Debug\src\net\net.o
                                                  obj\Debug\src\pb_test.o
                                                  obj\Debug\src\bridge.o
net_copy_ip                                       obj\Debug\src\net\net.o
                                                  obj\Debug\src\pio_util.o
                                                  obj\Debug\src\net\arp.o
                                                  obj\Debug\src\cmd_table.o
net_copy_mac                                      obj\Debug\src\net\net.o
                                                  obj\Debug\src\pio_util.o
                                                  obj\Debug\src\pb_test.o
                                                  obj\Debug\src\net\arp.o
                                                  obj\Debug\src\cmd_table.o
                                                  obj\Debug\src\bridge.o
net_dump_ip                                       obj\Debug\src\net\net.o
net_dump_mac                                      obj\Debug\src\net\net.o
net_get_long                                      obj\Debug\src\net\net.o
                                                  obj\Debug\src\dump.o
net_get_word                                      obj\Debug\src\net\net.o
                                                  obj\Debug\src\pio_util.o
                                                  obj\Debug\src\net\arp.o
                                                  obj\Debug\src\dump.o
                                                  obj\Debug\src\bridge_test.o
                                                  obj\Debug\src\bridge.o
net_ones_ip                                       obj\Debug\src\net\net.o
net_parse_ip                                      obj\Debug\src\net\net.o
                                                  obj\Debug\src\cmd_table.o
net_parse_mac                                     obj\Debug\src\net\net.o
                                                  obj\Debug\src\cmd_table.o
net_put_long                                      obj\Debug\src\net\net.o
net_put_word                                      obj\Debug\src\net\net.o
                                                  obj\Debug\src\pio_util.o
                                                  obj\Debug\src\net\arp.o
                                                  obj\Debug\src\bridge_test.o
                                                  obj\Debug\src\bridge.o
net_zero_ip                                       obj\Debug\src\net\net.o
net_zero_mac                                      obj\Debug\src\net\net.o
nybble_to_hex                                     obj\Debug\src\base\util.o
par_low_init                                      obj\Debug\src\par_low.o
                                                  obj\Debug\src\main.o
par_low_pulse_ack                                 obj\Debug\src\par_low.o
                                                  obj\Debug\src\pb_proto.o
param                                             obj\Debug\src\pio_util.o
                                                  obj\Debug\src\pio_test.o
                                                  obj\Debug\src\pb_test.o
                                                  obj\Debug\src\param.o
                                                  obj\Debug\src\cmd_table.o
                                                  obj\Debug\src\bridge_test.o
                                                  obj\Debug\src\bridge.o
param_dump                                        obj\Debug\src\param.o
                                                  obj\Debug\src\main.o
                                                  obj\Debug\src\cmd_table.o
param_init                                        obj\Debug\src\param.o
                                                  obj\Debug\src\main.o
param_load                                        obj\Debug\src\param.o
                                                  obj\Debug\src\cmd_table.o
param_reset                                       obj\Debug\src\param.o
                                                  obj\Debug\src\cmd_table.o
param_save                                        obj\Debug\src\param.o
                                                  obj\Debug\src\cmd_table.o
                                                  obj\Debug\src\bridge.o
parse_byte                                        obj\Debug\src\base\util.o
                                                  obj\Debug\src\net\net.o
                                                  obj\Debug\src\cmd_table.o
parse_byte_dec                                    obj\Debug\src\base\util.o
                                                  obj\Debug\src\net\net.o
parse_dword                                       obj\Debug\src\base\util.o
parse_nybble                                      obj\Debug\src\base\util.o
parse_word                                        obj\Debug\src\base\util.o
                                                  obj\Debug\src\cmd_table.o
pb_proto_get_line_status                          obj\Debug\src\pb_proto.o
pb_proto_handle                                   obj\Debug\src\pb_proto.o
                                                  obj\Debug\src\pb_util.o
pb_proto_init                                     obj\Debug\src\pb_proto.o
                                                  obj\Debug\src\pb_test.o
                                                  obj\Debug\src\bridge_test.o
                                                  obj\Debug\src\bridge.o
pb_proto_request_recv                             obj\Debug\src\pb_proto.o
                                                  obj\Debug\src\pb_test.o
                                                  obj\Debug\src\bridge_test.o
                                                  obj\Debug\src\bridge.o
pb_proto_stat                                     obj\Debug\src\pb_util.o
                                                  obj\Debug\src\pb_test.o
                                                  obj\Debug\src\pb_proto.o
pb_proto_timeout                                  obj\Debug\src\pb_proto.o
pb_test_loop                                      obj\Debug\src\pb_test.o
                                                  obj\Debug\src\main.o
pb_test_send_packet                               obj\Debug\src\pb_test.o
                                                  obj\Debug\src\cmdkey_table.o
pb_test_toggle_auto                               obj\Debug\src\pb_test.o
                                                  obj\Debug\src\cmdkey_table.o
pb_util_handle                                    obj\Debug\src\pb_util.o
                                                  obj\Debug\src\pb_test.o
                                                  obj\Debug\src\bridge_test.o
                                                  obj\Debug\src\bridge.o
pio_control                                       obj\Debug\src\pio.o
                                                  obj\Debug\src\bridge.o
pio_dev_enc28j60                                  obj\Debug\src\spi\enc28j60.o
pio_exit                                          obj\Debug\src\pio.o
                                                  obj\Debug\src\pio_test.o
                                                  obj\Debug\src\bridge_test.o
                                                  obj\Debug\src\bridge.o
pio_has_recv                                      obj\Debug\src\pio.o
                                                  obj\Debug\src\pio_test.o
                                                  obj\Debug\src\bridge_test.o
                                                  obj\Debug\src\bridge.o
pio_init                                          obj\Debug\src\pio.o
                                                  obj\Debug\src\pio_test.o
                                                  obj\Debug\src\bridge_test.o
                                                  obj\Debug\src\bridge.o
pio_recv                                          obj\Debug\src\pio.o
                                                  obj\Debug\src\pio_util.o
pio_send                                          obj\Debug\src\pio.o
                                                  obj\Debug\src\pio_util.o
pio_set_device                                    obj\Debug\src\pio.o
pio_status                                        obj\Debug\src\pio.o
pio_test_loop                                     obj\Debug\src\pio_test.o
                                                  obj\Debug\src\main.o
pio_util_get_init_flags                           obj\Debug\src\pio_util.o
                                                  obj\Debug\src\pio_test.o
                                                  obj\Debug\src\bridge_test.o
                                                  obj\Debug\src\bridge.o
pio_util_handle_arp                               obj\Debug\src\pio_util.o
                                                  obj\Debug\src\pio_test.o
                                                  obj\Debug\src\bridge_test.o
pio_util_handle_udp_test                          obj\Debug\src\pio_util.o
                                                  obj\Debug\src\pio_test.o
                                                  obj\Debug\src\bridge_test.o
pio_util_recv_packet                              obj\Debug\src\pio_util.o
                                                  obj\Debug\src\pio_test.o
                                                  obj\Debug\src\bridge_test.o
                                                  obj\Debug\src\bridge.o
pio_util_send_packet                              obj\Debug\src\pio_util.o
                                                  obj\Debug\src\pio_test.o
                                                  obj\Debug\src\bridge_test.o
                                                  obj\Debug\src\bridge.o
pkt_buf                                           obj\Debug\src\pkt_buf.o
                                                  obj\Debug\src\pio_util.o
                                                  obj\Debug\src\pb_test.o
                                                  obj\Debug\src\bridge_test.o
                                                  obj\Debug\src\bridge.o
run_mode                                          obj\Debug\src\main.o
                                                  obj\Debug\src\pio_test.o
                                                  obj\Debug\src\pb_test.o
                                                  obj\Debug\src\cmdkey_table.o
                                                  obj\Debug\src\bridge_test.o
                                                  obj\Debug\src\bridge.o
spi_init                                          obj\Debug\src\spi\spi.o
                                                  obj\Debug\src\spi\enc28j60.o
stats                                             obj\Debug\src\stats.o
                                                  obj\Debug\src\pio_util.o
                                                  obj\Debug\src\pio_test.o
                                                  obj\Debug\src\pb_util.o
stats_dump                                        obj\Debug\src\stats.o
                                                  obj\Debug\src\pio_test.o
                                                  obj\Debug\src\pb_test.o
stats_dump_all                                    obj\Debug\src\stats.o
                                                  obj\Debug\src\cmdkey_table.o
                                                  obj\Debug\src\cmd_table.o
                                                  obj\Debug\src\bridge_test.o
                                                  obj\Debug\src\bridge.o
stats_reset                                       obj\Debug\src\stats.o
                                                  obj\Debug\src\pio_test.o
                                                  obj\Debug\src\pb_test.o
                                                  obj\Debug\src\cmdkey_table.o
                                                  obj\Debug\src\cmd_table.o
                                                  obj\Debug\src\bridge_test.o
                                                  obj\Debug\src\bridge.o
stats_update_ok                                   obj\Debug\src\stats.o
                                                  obj\Debug\src\pio_util.o
                                                  obj\Debug\src\pb_util.o
time_stamp                                        obj\Debug\src\pb_proto.o
                                                  obj\Debug\src\base\timer.o
timer_100us                                       obj\Debug\src\pb_proto.o
                                                  obj\Debug\src\base\timer.o
timer_10ms                                        obj\Debug\src\base\timer.o
timer_delay_100us                                 obj\Debug\src\base\timer.o
                                                  obj\Debug\src\spi\enc28j60.o
timer_delay_10ms                                  obj\Debug\src\base\timer.o
                                                  obj\Debug\src\main.o
timer_hw_calc_rate_kbs                            obj\Debug\src\base\timer.o
                                                  obj\Debug\src\pio_util.o
                                                  obj\Debug\src\pb_proto.o
timer_init                                        obj\Debug\src\base\timer.o
                                                  obj\Debug\src\main.o
word_to_hex                                       obj\Debug\src\base\util.o
