Archive member included because of file (symbol)

d:/prg/kompilatory/winavr/bin/../lib/gcc/avr/4.3.3/avr5\libgcc.a(_mulsi3.o)
                              obj\Debug\src\base\timer.o (__mulsi3)
d:/prg/kompilatory/winavr/bin/../lib/gcc/avr/4.3.3/avr5\libgcc.a(_udivmodqi4.o)
                              obj\Debug\src\base\util.o (__udivmodqi4)
d:/prg/kompilatory/winavr/bin/../lib/gcc/avr/4.3.3/avr5\libgcc.a(_udivmodsi4.o)
                              obj\Debug\src\base\timer.o (__udivmodsi4)
d:/prg/kompilatory/winavr/bin/../lib/gcc/avr/4.3.3/avr5\libgcc.a(_exit.o)
                              d:/prg/kompilatory/winavr/bin/../lib/gcc/avr/4.3.3/../../../../avr/lib/avr5/crtm328p.o (exit)
d:/prg/kompilatory/winavr/bin/../lib/gcc/avr/4.3.3/avr5\libgcc.a(_copy_data.o)
                              obj\Debug\src\net\net.o (__do_copy_data)
d:/prg/kompilatory/winavr/bin/../lib/gcc/avr/4.3.3/avr5\libgcc.a(_clear_bss.o)
                              obj\Debug\src\base\timer.o (__do_clear_bss)
d:/prg/kompilatory/winavr/bin/../lib/gcc/avr/4.3.3/../../../../avr/lib/avr5\libc.a(eerd_block_atmega328p.o)
                              obj\Debug\src\param.o (__eerd_block_m328p)
d:/prg/kompilatory/winavr/bin/../lib/gcc/avr/4.3.3/../../../../avr/lib/avr5\libc.a(eerd_word_atmega328p.o)
                              obj\Debug\src\param.o (__eerd_word_m328p)
d:/prg/kompilatory/winavr/bin/../lib/gcc/avr/4.3.3/../../../../avr/lib/avr5\libc.a(eewr_block_atmega328p.o)
                              obj\Debug\src\param.o (__eewr_block_m328p)
d:/prg/kompilatory/winavr/bin/../lib/gcc/avr/4.3.3/../../../../avr/lib/avr5\libc.a(eewr_byte_atmega328p.o)
                              d:/prg/kompilatory/winavr/bin/../lib/gcc/avr/4.3.3/../../../../avr/lib/avr5\libc.a(eewr_block_atmega328p.o) (__eewr_r18_m328p)
d:/prg/kompilatory/winavr/bin/../lib/gcc/avr/4.3.3/../../../../avr/lib/avr5\libc.a(eewr_word_atmega328p.o)
                              obj\Debug\src\param.o (__eewr_word_m328p)

Allocating common symbols
Common symbol       size              file

time_stamp          0x4               obj\Debug\src\base\timer.o
param               0x13              obj\Debug\src\param.o
pb_proto_stat       0x10              obj\Debug\src\pb_proto.o
pkt_buf             0x5ea             obj\Debug\src\pkt_buf.o
stats               0x30              obj\Debug\src\stats.o
timer_10ms          0x2               obj\Debug\src\base\timer.o
timer_100us         0x2               obj\Debug\src\base\timer.o

Memory Configuration

Name             Origin             Length             Attributes
text             0x00000000         0x00020000         xr
data             0x00800060         0x0000ffa0         rw !x
eeprom           0x00810000         0x00010000         rw !x
fuse             0x00820000         0x00000400         rw !x
lock             0x00830000         0x00000400         rw !x
signature        0x00840000         0x00000400         rw !x
*default*        0x00000000         0xffffffff

Linker script and memory map

Address of section .data set to 0x800100
LOAD d:/prg/kompilatory/winavr/bin/../lib/gcc/avr/4.3.3/../../../../avr/lib/avr5/crtm328p.o
LOAD obj\Debug\src\base\timer.o
LOAD obj\Debug\src\base\util.o
LOAD obj\Debug\src\bridge.o
LOAD obj\Debug\src\bridge_test.o
LOAD obj\Debug\src\cmd_table.o
LOAD obj\Debug\src\cmdkey_table.o
LOAD obj\Debug\src\dump.o
LOAD obj\Debug\src\fuse.o
LOAD obj\Debug\src\main.o
LOAD obj\Debug\src\net\arp.o
LOAD obj\Debug\src\net\net.o
LOAD obj\Debug\src\param.o
LOAD obj\Debug\src\pb_proto.o
LOAD obj\Debug\src\pb_test.o
LOAD obj\Debug\src\pb_util.o
LOAD obj\Debug\src\pio_test.o
LOAD obj\Debug\src\pio_util.o
LOAD obj\Debug\src\pkt_buf.o
LOAD obj\Debug\src\spi\enc28j60.o
LOAD obj\Debug\src\spi\spi.o
LOAD obj\Debug\src\stats.o
LOAD d:/prg/kompilatory/winavr/bin/../lib/gcc/avr/4.3.3/avr5\libgcc.a
LOAD d:/prg/kompilatory/winavr/bin/../lib/gcc/avr/4.3.3/../../../../avr/lib/avr5\libm.a
LOAD d:/prg/kompilatory/winavr/bin/../lib/gcc/avr/4.3.3/avr5\libgcc.a
LOAD d:/prg/kompilatory/winavr/bin/../lib/gcc/avr/4.3.3/../../../../avr/lib/avr5\libc.a
LOAD d:/prg/kompilatory/winavr/bin/../lib/gcc/avr/4.3.3/avr5\libgcc.a

.hash
 *(.hash)

.dynsym
 *(.dynsym)

.dynstr
 *(.dynstr)

.gnu.version
 *(.gnu.version)

.gnu.version_d
 *(.gnu.version_d)

.gnu.version_r
 *(.gnu.version_r)

.rel.init
 *(.rel.init)

.rela.init
 *(.rela.init)

.rel.text
 *(.rel.text)
 *(.rel.text.*)
 *(.rel.gnu.linkonce.t*)

.rela.text
 *(.rela.text)
 *(.rela.text.*)
 *(.rela.gnu.linkonce.t*)

.rel.fini
 *(.rel.fini)

.rela.fini
 *(.rela.fini)

.rel.rodata
 *(.rel.rodata)
 *(.rel.rodata.*)
 *(.rel.gnu.linkonce.r*)

.rela.rodata
 *(.rela.rodata)
 *(.rela.rodata.*)
 *(.rela.gnu.linkonce.r*)

.rel.data
 *(.rel.data)
 *(.rel.data.*)
 *(.rel.gnu.linkonce.d*)

.rela.data
 *(.rela.data)
 *(.rela.data.*)
 *(.rela.gnu.linkonce.d*)

.rel.ctors
 *(.rel.ctors)

.rela.ctors
 *(.rela.ctors)

.rel.dtors
 *(.rel.dtors)

.rela.dtors
 *(.rela.dtors)

.rel.got
 *(.rel.got)

.rela.got
 *(.rela.got)

.rel.bss
 *(.rel.bss)

.rela.bss
 *(.rela.bss)

.rel.plt
 *(.rel.plt)

.rela.plt
 *(.rela.plt)

.text           0x00000000     0x26c4
 *(.vectors)
 .vectors       0x00000000       0x68 d:/prg/kompilatory/winavr/bin/../lib/gcc/avr/4.3.3/../../../../avr/lib/avr5/crtm328p.o
                0x00000000                __vectors
                0x00000000                __vector_default
 *(.vectors)
 *(.progmem.gcc*)
 *(.progmem*)
 .progmem.data  0x00000068      0x20b obj\Debug\src\cmd_table.o
                0x00000068                cmd_table
 .progmem.data  0x00000273      0x128 obj\Debug\src\cmdkey_table.o
                0x00000273                cmdkey_table
 .progmem.data  0x0000039b       0x13 obj\Debug\src\param.o
                0x000003ae                . = ALIGN (0x2)
                0x000003ae                __trampolines_start = .
 *(.trampolines)
 .trampolines   0x000003ae        0x0 linker stubs
 *(.trampolines*)
                0x000003ae                __trampolines_end = .
 *(.jumptables)
 *(.jumptables*)
 *(.lowtext)
 *(.lowtext*)
                0x000003ae                __ctors_start = .
 *(.ctors)
                0x000003ae                __ctors_end = .
                0x000003ae                __dtors_start = .
 *(.dtors)
                0x000003ae                __dtors_end = .
 SORT(*)(.ctors)
 SORT(*)(.dtors)
 *(.init0)
 .init0         0x000003ae        0x0 d:/prg/kompilatory/winavr/bin/../lib/gcc/avr/4.3.3/../../../../avr/lib/avr5/crtm328p.o
                0x000003ae                __init
 *(.init0)
 *(.init1)
 *(.init1)
 *(.init2)
 .init2         0x000003ae        0xc d:/prg/kompilatory/winavr/bin/../lib/gcc/avr/4.3.3/../../../../avr/lib/avr5/crtm328p.o
 *(.init2)
 *(.init3)
 *(.init3)
 *(.init4)
 .init4         0x000003ba       0x16 d:/prg/kompilatory/winavr/bin/../lib/gcc/avr/4.3.3/avr5\libgcc.a(_copy_data.o)
                0x000003ba                __do_copy_data
 .init4         0x000003d0       0x10 d:/prg/kompilatory/winavr/bin/../lib/gcc/avr/4.3.3/avr5\libgcc.a(_clear_bss.o)
                0x000003d0                __do_clear_bss
 *(.init4)
 *(.init5)
 *(.init5)
 *(.init6)
 *(.init6)
 *(.init7)
 *(.init7)
 *(.init8)
 *(.init8)
 *(.init9)
 .init9         0x000003e0        0x8 d:/prg/kompilatory/winavr/bin/../lib/gcc/avr/4.3.3/../../../../avr/lib/avr5/crtm328p.o
 *(.init9)
 *(.text)
 .text          0x000003e8        0x4 d:/prg/kompilatory/winavr/bin/../lib/gcc/avr/4.3.3/../../../../avr/lib/avr5/crtm328p.o
                0x000003e8                __vector_22
                0x000003e8                __vector_1
                0x000003e8                __vector_24
                0x000003e8                __vector_12
                0x000003e8                __bad_interrupt
                0x000003e8                __vector_6
                0x000003e8                __vector_3
                0x000003e8                __vector_23
                0x000003e8                __vector_25
                0x000003e8                __vector_11
                0x000003e8                __vector_13
                0x000003e8                __vector_17
                0x000003e8                __vector_19
                0x000003e8                __vector_5
                0x000003e8                __vector_4
                0x000003e8                __vector_9
                0x000003e8                __vector_2
                0x000003e8                __vector_21
                0x000003e8                __vector_15
                0x000003e8                __vector_8
                0x000003e8                __vector_14
                0x000003e8                __vector_10
                0x000003e8                __vector_16
                0x000003e8                __vector_18
                0x000003e8                __vector_20
 .text          0x000003ec      0x16a obj\Debug\src\base\timer.o
                0x000004f4                timer_delay_100us
                0x0000050e                timer_hw_calc_rate_kbs
                0x000003ec                timer_init
                0x00000448                __vector_7
                0x000004da                timer_delay_10ms
 .text          0x00000556      0x34e obj\Debug\src\base\util.o
                0x0000058c                utilWordToHex
                0x000006ae                utilParseNibbleHex
                0x00000614                utilDwordToDec
                0x00000556                utilNibbleToHex
                0x000005b0                utilDwordToHex
                0x000006e2                utilParseByteHex
                0x00000562                utilByteToHex
                0x00000874                utilParseByteDec
                0x00000740                utilParseWordHex
                0x000007a0                utilParseDwordHex
                0x000005e6                utilByteToDec
 .text          0x000008a4      0x1e6 obj\Debug\src\bridge.o
                0x000008b8                bridge_loop
 .text          0x00000a8a      0x114 obj\Debug\src\bridge_test.o
                0x00000a8a                bridge_test_loop
 .text          0x00000b9e      0x1ce obj\Debug\src\cmd_table.o
 .text          0x00000d6c       0x52 obj\Debug\src\cmdkey_table.o
 .text          0x00000dbe       0xa2 obj\Debug\src\dump.o
                0x00000dbe                dump_eth_pkt
                0x00000dc2                dump_pb_cmd
                0x00000dcc                dump_ip_protocol
                0x00000dc4                dump_arp_pkt
                0x00000dc0                dump_ip_pkt
                0x00000e30                dump_line
 .text          0x00000e60        0x0 obj\Debug\src\fuse.o
 .text          0x00000e60       0x8e obj\Debug\src\main.o
                0x00000e60                main
 .text          0x00000eee       0xce obj\Debug\src\net\arp.o
                0x00000eee                arp_make_reply
                0x00000f6a                arp_is_ipv4
 .text          0x00000fbc      0x29e obj\Debug\src\net\net.o
                0x00000fbc                net_copy_mac
                0x00001132                net_parse_mac
                0x00001072                net_put_long
                0x000010c0                net_compare_ip
                0x000011a4                net_parse_ip
                0x00001010                net_put_word
                0x00001094                net_compare_mac
                0x0000121a                net_dump_mac
                0x00000ffc                net_get_word
                0x00001018                net_get_long
                0x000010ec                net_dump_ip
                0x00000fda                net_copy_ip
 .text          0x0000125a      0x102 obj\Debug\src\param.o
                0x000012a6                param_reset
                0x0000125a                param_dump
                0x00001326                param_save
                0x00001318                param_init
                0x000012c4                param_load
 .text          0x0000135c      0x710 obj\Debug\src\pb_proto.o
                0x00001440                pb_proto_handle
                0x0000135c                pb_proto_init
                0x0000138a                pb_proto_get_line_status
                0x000013b2                pb_proto_request_recv
 .text          0x00001a6c      0x1b2 obj\Debug\src\pb_test.o
                0x00001a6c                pb_test_send_packet
                0x00001a76                pb_test_toggle_auto
                0x00001a96                pb_test_loop
 .text          0x00001c1e       0x5c obj\Debug\src\pb_util.o
                0x00001c1e                pb_util_handle
 .text          0x00001c7a       0x9a obj\Debug\src\pio_test.o
                0x00001c7a                pio_test_loop
 .text          0x00001d14      0x256 obj\Debug\src\pio_util.o
                0x00001d2e                pio_util_handle_udp_test
                0x00001e08                pio_util_send_packet
                0x00001f08                pio_util_recv_packet
                0x00001d14                pio_util_get_init_flags
                0x00001e62                pio_util_handle_arp
 .text          0x00001f6a        0x0 obj\Debug\src\pkt_buf.o
 .text          0x00001f6a      0x5ac obj\Debug\src\spi\enc28j60.o
                0x000020e6                enc28j60_exit
                0x0000223a                enc28j60_init
                0x00002122                enc28j60_status
                0x000020f8                enc28j60_control
                0x00002422                enc28j60_recv
                0x00002232                enc28j60_has_recv
                0x00002180                enc28j60_send
 .text          0x00002516       0x2a obj\Debug\src\spi\spi.o
                0x00002516                spi_init
 .text          0x00002540       0x80 obj\Debug\src\stats.o
                0x000025bc                stats_dump_all
                0x0000256a                stats_update_ok
                0x000025be                stats_dump
                0x00002540                stats_reset
 .text          0x000025c0        0x0 d:/prg/kompilatory/winavr/bin/../lib/gcc/avr/4.3.3/avr5\libgcc.a(_mulsi3.o)
 .text          0x000025c0        0x0 d:/prg/kompilatory/winavr/bin/../lib/gcc/avr/4.3.3/avr5\libgcc.a(_udivmodqi4.o)
 .text          0x000025c0        0x0 d:/prg/kompilatory/winavr/bin/../lib/gcc/avr/4.3.3/avr5\libgcc.a(_udivmodsi4.o)
 .text          0x000025c0        0x0 d:/prg/kompilatory/winavr/bin/../lib/gcc/avr/4.3.3/avr5\libgcc.a(_exit.o)
 .text          0x000025c0        0x0 d:/prg/kompilatory/winavr/bin/../lib/gcc/avr/4.3.3/avr5\libgcc.a(_copy_data.o)
 .text          0x000025c0        0x0 d:/prg/kompilatory/winavr/bin/../lib/gcc/avr/4.3.3/avr5\libgcc.a(_clear_bss.o)
 .text          0x000025c0        0x0 d:/prg/kompilatory/winavr/bin/../lib/gcc/avr/4.3.3/../../../../avr/lib/avr5\libc.a(eerd_block_atmega328p.o)
 .text          0x000025c0        0x0 d:/prg/kompilatory/winavr/bin/../lib/gcc/avr/4.3.3/../../../../avr/lib/avr5\libc.a(eerd_word_atmega328p.o)
 .text          0x000025c0        0x0 d:/prg/kompilatory/winavr/bin/../lib/gcc/avr/4.3.3/../../../../avr/lib/avr5\libc.a(eewr_block_atmega328p.o)
 .text          0x000025c0        0x0 d:/prg/kompilatory/winavr/bin/../lib/gcc/avr/4.3.3/../../../../avr/lib/avr5\libc.a(eewr_byte_atmega328p.o)
 .text          0x000025c0        0x0 d:/prg/kompilatory/winavr/bin/../lib/gcc/avr/4.3.3/../../../../avr/lib/avr5\libc.a(eewr_word_atmega328p.o)
                0x000025c0                . = ALIGN (0x2)
 *(.text.*)
 .text.libgcc   0x000025c0       0x3e d:/prg/kompilatory/winavr/bin/../lib/gcc/avr/4.3.3/avr5\libgcc.a(_mulsi3.o)
                0x000025c0                __mulsi3
 .text.libgcc   0x000025fe       0x18 d:/prg/kompilatory/winavr/bin/../lib/gcc/avr/4.3.3/avr5\libgcc.a(_udivmodqi4.o)
                0x000025fe                __udivmodqi4
 .text.libgcc   0x00002616       0x44 d:/prg/kompilatory/winavr/bin/../lib/gcc/avr/4.3.3/avr5\libgcc.a(_udivmodsi4.o)
                0x00002616                __udivmodsi4
 .text.libgcc   0x0000265a        0x0 d:/prg/kompilatory/winavr/bin/../lib/gcc/avr/4.3.3/avr5\libgcc.a(_exit.o)
 .text.libgcc   0x0000265a        0x0 d:/prg/kompilatory/winavr/bin/../lib/gcc/avr/4.3.3/avr5\libgcc.a(_copy_data.o)
 .text.libgcc   0x0000265a        0x0 d:/prg/kompilatory/winavr/bin/../lib/gcc/avr/4.3.3/avr5\libgcc.a(_clear_bss.o)
 .text.avr-libc
                0x0000265a       0x20 d:/prg/kompilatory/winavr/bin/../lib/gcc/avr/4.3.3/../../../../avr/lib/avr5\libc.a(eerd_block_atmega328p.o)
                0x0000265a                __eerd_block_m328p
                0x0000265e                __eerd_blraw_m328p
 .text.avr-libc
                0x0000267a        0xc d:/prg/kompilatory/winavr/bin/../lib/gcc/avr/4.3.3/../../../../avr/lib/avr5\libc.a(eerd_word_atmega328p.o)
                0x0000267a                __eerd_word_m328p
 .text.avr-libc
                0x00002686       0x14 d:/prg/kompilatory/winavr/bin/../lib/gcc/avr/4.3.3/../../../../avr/lib/avr5\libc.a(eewr_block_atmega328p.o)
                0x00002686                __eewr_block_m328p
 .text.avr-libc
                0x0000269a       0x1c d:/prg/kompilatory/winavr/bin/../lib/gcc/avr/4.3.3/../../../../avr/lib/avr5\libc.a(eewr_byte_atmega328p.o)
                0x0000269a                __eewr_byte_m328p
                0x0000269c                __eewr_r18_m328p
 .text.avr-libc
                0x000026b6        0xa d:/prg/kompilatory/winavr/bin/../lib/gcc/avr/4.3.3/../../../../avr/lib/avr5\libc.a(eewr_word_atmega328p.o)
                0x000026b6                __eewr_word_m328p
                0x000026c0                . = ALIGN (0x2)
 *(.fini9)
 .fini9         0x000026c0        0x0 d:/prg/kompilatory/winavr/bin/../lib/gcc/avr/4.3.3/avr5\libgcc.a(_exit.o)
                0x000026c0                exit
                0x000026c0                _exit
 *(.fini9)
 *(.fini8)
 *(.fini8)
 *(.fini7)
 *(.fini7)
 *(.fini6)
 *(.fini6)
 *(.fini5)
 *(.fini5)
 *(.fini4)
 *(.fini4)
 *(.fini3)
 *(.fini3)
 *(.fini2)
 *(.fini2)
 *(.fini1)
 *(.fini1)
 *(.fini0)
 .fini0         0x000026c0        0x4 d:/prg/kompilatory/winavr/bin/../lib/gcc/avr/4.3.3/avr5\libgcc.a(_exit.o)
 *(.fini0)
                0x000026c4                _etext = .

.data           0x00800100       0x3c load address 0x000026c4
                0x00800100                PROVIDE (__data_start, .)
 *(.data)
 .data          0x00800100        0x0 d:/prg/kompilatory/winavr/bin/../lib/gcc/avr/4.3.3/../../../../avr/lib/avr5/crtm328p.o
 .data          0x00800100        0x0 obj\Debug\src\base\timer.o
 .data          0x00800100        0x0 obj\Debug\src\base\util.o
 .data          0x00800100        0x0 obj\Debug\src\bridge.o
 .data          0x00800100        0x0 obj\Debug\src\bridge_test.o
 .data          0x00800100        0x0 obj\Debug\src\cmd_table.o
 .data          0x00800100        0x0 obj\Debug\src\cmdkey_table.o
 .data          0x00800100        0x0 obj\Debug\src\dump.o
 .data          0x00800100        0x0 obj\Debug\src\fuse.o
 .data          0x00800100        0x0 obj\Debug\src\main.o
 .data          0x00800100        0x0 obj\Debug\src\net\arp.o
 .data          0x00800100       0x3a obj\Debug\src\net\net.o
                0x00800110                net_ones_ip
                0x0080010c                net_zero_ip
                0x00800106                net_zero_mac
                0x00800100                net_bcast_mac
 .data          0x0080013a        0x0 obj\Debug\src\param.o
 .data          0x0080013a        0x2 obj\Debug\src\pb_proto.o
                0x0080013a                pb_proto_timeout
 .data          0x0080013c        0x0 obj\Debug\src\pb_test.o
 .data          0x0080013c        0x0 obj\Debug\src\pb_util.o
 .data          0x0080013c        0x0 obj\Debug\src\pio_test.o
 .data          0x0080013c        0x0 obj\Debug\src\pio_util.o
 .data          0x0080013c        0x0 obj\Debug\src\pkt_buf.o
 .data          0x0080013c        0x0 obj\Debug\src\spi\enc28j60.o
 .data          0x0080013c        0x0 obj\Debug\src\spi\spi.o
 .data          0x0080013c        0x0 obj\Debug\src\stats.o
 .data          0x0080013c        0x0 d:/prg/kompilatory/winavr/bin/../lib/gcc/avr/4.3.3/avr5\libgcc.a(_mulsi3.o)
 .data          0x0080013c        0x0 d:/prg/kompilatory/winavr/bin/../lib/gcc/avr/4.3.3/avr5\libgcc.a(_udivmodqi4.o)
 .data          0x0080013c        0x0 d:/prg/kompilatory/winavr/bin/../lib/gcc/avr/4.3.3/avr5\libgcc.a(_udivmodsi4.o)
 .data          0x0080013c        0x0 d:/prg/kompilatory/winavr/bin/../lib/gcc/avr/4.3.3/avr5\libgcc.a(_exit.o)
 .data          0x0080013c        0x0 d:/prg/kompilatory/winavr/bin/../lib/gcc/avr/4.3.3/avr5\libgcc.a(_copy_data.o)
 .data          0x0080013c        0x0 d:/prg/kompilatory/winavr/bin/../lib/gcc/avr/4.3.3/avr5\libgcc.a(_clear_bss.o)
 .data          0x0080013c        0x0 d:/prg/kompilatory/winavr/bin/../lib/gcc/avr/4.3.3/../../../../avr/lib/avr5\libc.a(eerd_block_atmega328p.o)
 .data          0x0080013c        0x0 d:/prg/kompilatory/winavr/bin/../lib/gcc/avr/4.3.3/../../../../avr/lib/avr5\libc.a(eerd_word_atmega328p.o)
 .data          0x0080013c        0x0 d:/prg/kompilatory/winavr/bin/../lib/gcc/avr/4.3.3/../../../../avr/lib/avr5\libc.a(eewr_block_atmega328p.o)
 .data          0x0080013c        0x0 d:/prg/kompilatory/winavr/bin/../lib/gcc/avr/4.3.3/../../../../avr/lib/avr5\libc.a(eewr_byte_atmega328p.o)
 .data          0x0080013c        0x0 d:/prg/kompilatory/winavr/bin/../lib/gcc/avr/4.3.3/../../../../avr/lib/avr5\libc.a(eewr_word_atmega328p.o)
 *(.data*)
 *(.rodata)
 *(.rodata*)
 *(.gnu.linkonce.d*)
                0x0080013c                . = ALIGN (0x2)
                0x0080013c                _edata = .
                0x0080013c                PROVIDE (__data_end, .)

.bss            0x0080013c      0x661
                0x0080013c                PROVIDE (__bss_start, .)
 *(.bss)
 .bss           0x0080013c        0x0 d:/prg/kompilatory/winavr/bin/../lib/gcc/avr/4.3.3/../../../../avr/lib/avr5/crtm328p.o
 .bss           0x0080013c        0x2 obj\Debug\src\base\timer.o
 .bss           0x0080013e        0x0 obj\Debug\src\base\util.o
 .bss           0x0080013e        0x2 obj\Debug\src\bridge.o
 .bss           0x00800140        0x2 obj\Debug\src\bridge_test.o
 .bss           0x00800142        0x0 obj\Debug\src\cmd_table.o
 .bss           0x00800142        0x0 obj\Debug\src\cmdkey_table.o
 .bss           0x00800142        0x0 obj\Debug\src\dump.o
 .bss           0x00800142        0x0 obj\Debug\src\fuse.o
 .bss           0x00800142        0x2 obj\Debug\src\main.o
                0x00800142                run_mode
                0x00800143                global_verbose
 .bss           0x00800144        0x0 obj\Debug\src\net\arp.o
 .bss           0x00800144        0x0 obj\Debug\src\net\net.o
 .bss           0x00800144        0x0 obj\Debug\src\param.o
 .bss           0x00800144        0xc obj\Debug\src\pb_proto.o
 .bss           0x00800150        0x3 obj\Debug\src\pb_test.o
 .bss           0x00800153        0x0 obj\Debug\src\pb_util.o
 .bss           0x00800153        0x0 obj\Debug\src\pio_test.o
 .bss           0x00800153        0x0 obj\Debug\src\pio_util.o
 .bss           0x00800153        0x0 obj\Debug\src\pkt_buf.o
 .bss           0x00800153        0x5 obj\Debug\src\spi\enc28j60.o
 .bss           0x00800158        0x0 obj\Debug\src\spi\spi.o
 .bss           0x00800158        0x0 obj\Debug\src\stats.o
 .bss           0x00800158        0x0 d:/prg/kompilatory/winavr/bin/../lib/gcc/avr/4.3.3/avr5\libgcc.a(_mulsi3.o)
 .bss           0x00800158        0x0 d:/prg/kompilatory/winavr/bin/../lib/gcc/avr/4.3.3/avr5\libgcc.a(_udivmodqi4.o)
 .bss           0x00800158        0x0 d:/prg/kompilatory/winavr/bin/../lib/gcc/avr/4.3.3/avr5\libgcc.a(_udivmodsi4.o)
 .bss           0x00800158        0x0 d:/prg/kompilatory/winavr/bin/../lib/gcc/avr/4.3.3/avr5\libgcc.a(_exit.o)
 .bss           0x00800158        0x0 d:/prg/kompilatory/winavr/bin/../lib/gcc/avr/4.3.3/avr5\libgcc.a(_copy_data.o)
 .bss           0x00800158        0x0 d:/prg/kompilatory/winavr/bin/../lib/gcc/avr/4.3.3/avr5\libgcc.a(_clear_bss.o)
 .bss           0x00800158        0x0 d:/prg/kompilatory/winavr/bin/../lib/gcc/avr/4.3.3/../../../../avr/lib/avr5\libc.a(eerd_block_atmega328p.o)
 .bss           0x00800158        0x0 d:/prg/kompilatory/winavr/bin/../lib/gcc/avr/4.3.3/../../../../avr/lib/avr5\libc.a(eerd_word_atmega328p.o)
 .bss           0x00800158        0x0 d:/prg/kompilatory/winavr/bin/../lib/gcc/avr/4.3.3/../../../../avr/lib/avr5\libc.a(eewr_block_atmega328p.o)
 .bss           0x00800158        0x0 d:/prg/kompilatory/winavr/bin/../lib/gcc/avr/4.3.3/../../../../avr/lib/avr5\libc.a(eewr_byte_atmega328p.o)
 .bss           0x00800158        0x0 d:/prg/kompilatory/winavr/bin/../lib/gcc/avr/4.3.3/../../../../avr/lib/avr5\libc.a(eewr_word_atmega328p.o)
 *(.bss*)
 *(COMMON)
 COMMON         0x00800158        0x8 obj\Debug\src\base\timer.o
                0x00800158                time_stamp
                0x0080015c                timer_10ms
                0x0080015e                timer_100us
 COMMON         0x00800160       0x13 obj\Debug\src\param.o
                0x00800160                param
 COMMON         0x00800173       0x10 obj\Debug\src\pb_proto.o
                0x00800173                pb_proto_stat
 COMMON         0x00800183      0x5ea obj\Debug\src\pkt_buf.o
                0x00800183                pkt_buf
 COMMON         0x0080076d       0x30 obj\Debug\src\stats.o
                0x0080076d                stats
                0x0080079d                PROVIDE (__bss_end, .)
                0x000026c4                __data_load_start = LOADADDR (.data)
                0x00002700                __data_load_end = (__data_load_start + SIZEOF (.data))

.noinit         0x0080079d        0x0
                0x0080079d                PROVIDE (__noinit_start, .)
 *(.noinit*)
                0x0080079d                PROVIDE (__noinit_end, .)
                0x0080079d                _end = .
                0x0080079d                PROVIDE (__heap_start, .)

.eeprom         0x00810000       0x15
 *(.eeprom*)
 .eeprom        0x00810000       0x15 obj\Debug\src\param.o
                0x00810013                eeprom_crc16
                0x00810000                eeprom_param
                0x00810015                __eeprom_end = .

.fuse           0x00820000        0x3
 *(.fuse)
 .fuse          0x00820000        0x3 obj\Debug\src\fuse.o
                0x00820000                __fuse
 *(.lfuse)
 *(.hfuse)
 *(.efuse)

.lock
 *(.lock*)

.signature
 *(.signature*)

.stab
 *(.stab)

.stabstr
 *(.stabstr)

.stab.excl
 *(.stab.excl)

.stab.exclstr
 *(.stab.exclstr)

.stab.index
 *(.stab.index)

.stab.indexstr
 *(.stab.indexstr)

.comment
 *(.comment)

.debug
 *(.debug)

.line
 *(.line)

.debug_srcinfo
 *(.debug_srcinfo)

.debug_sfnames
 *(.debug_sfnames)

.debug_aranges  0x00000000      0x260
 *(.debug_aranges)
 .debug_aranges
                0x00000000       0x20 obj\Debug\src\base\timer.o
 .debug_aranges
                0x00000020       0x20 obj\Debug\src\base\util.o
 .debug_aranges
                0x00000040       0x20 obj\Debug\src\bridge.o
 .debug_aranges
                0x00000060       0x20 obj\Debug\src\bridge_test.o
 .debug_aranges
                0x00000080       0x20 obj\Debug\src\cmd_table.o
 .debug_aranges
                0x000000a0       0x20 obj\Debug\src\cmdkey_table.o
 .debug_aranges
                0x000000c0       0x20 obj\Debug\src\dump.o
 .debug_aranges
                0x000000e0       0x20 obj\Debug\src\main.o
 .debug_aranges
                0x00000100       0x20 obj\Debug\src\net\arp.o
 .debug_aranges
                0x00000120       0x20 obj\Debug\src\net\net.o
 .debug_aranges
                0x00000140       0x20 obj\Debug\src\param.o
 .debug_aranges
                0x00000160       0x20 obj\Debug\src\pb_proto.o
 .debug_aranges
                0x00000180       0x20 obj\Debug\src\pb_test.o
 .debug_aranges
                0x000001a0       0x20 obj\Debug\src\pb_util.o
 .debug_aranges
                0x000001c0       0x20 obj\Debug\src\pio_test.o
 .debug_aranges
                0x000001e0       0x20 obj\Debug\src\pio_util.o
 .debug_aranges
                0x00000200       0x20 obj\Debug\src\spi\enc28j60.o
 .debug_aranges
                0x00000220       0x20 obj\Debug\src\spi\spi.o
 .debug_aranges
                0x00000240       0x20 obj\Debug\src\stats.o

.debug_pubnames
                0x00000000      0x7d0
 *(.debug_pubnames)
 .debug_pubnames
                0x00000000       0xa4 obj\Debug\src\base\timer.o
 .debug_pubnames
                0x000000a4       0xee obj\Debug\src\base\util.o
 .debug_pubnames
                0x00000192       0x22 obj\Debug\src\bridge.o
 .debug_pubnames
                0x000001b4       0x27 obj\Debug\src\bridge_test.o
 .debug_pubnames
                0x000001db       0x20 obj\Debug\src\cmd_table.o
 .debug_pubnames
                0x000001fb       0x23 obj\Debug\src\cmdkey_table.o
 .debug_pubnames
                0x0000021e       0x77 obj\Debug\src\dump.o
 .debug_pubnames
                0x00000295       0x1d obj\Debug\src\fuse.o
 .debug_pubnames
                0x000002b2       0x3b obj\Debug\src\main.o
 .debug_pubnames
                0x000002ed       0x35 obj\Debug\src\net\arp.o
 .debug_pubnames
                0x00000322      0x125 obj\Debug\src\net\net.o
 .debug_pubnames
                0x00000447       0x8a obj\Debug\src\param.o
 .debug_pubnames
                0x000004d1       0x96 obj\Debug\src\pb_proto.o
 .debug_pubnames
                0x00000567       0x53 obj\Debug\src\pb_test.o
 .debug_pubnames
                0x000005ba       0x25 obj\Debug\src\pb_util.o
 .debug_pubnames
                0x000005df       0x24 obj\Debug\src\pio_test.o
 .debug_pubnames
                0x00000603       0x95 obj\Debug\src\pio_util.o
 .debug_pubnames
                0x00000698       0x1e obj\Debug\src\pkt_buf.o
 .debug_pubnames
                0x000006b6       0x99 obj\Debug\src\spi\enc28j60.o
 .debug_pubnames
                0x0000074f       0x1f obj\Debug\src\spi\spi.o
 .debug_pubnames
                0x0000076e       0x62 obj\Debug\src\stats.o

.debug_info     0x00000000     0x4da9
 *(.debug_info)
 .debug_info    0x00000000      0x1a3 obj\Debug\src\base\timer.o
 .debug_info    0x000001a3      0x406 obj\Debug\src\base\util.o
 .debug_info    0x000005a9      0x4da obj\Debug\src\bridge.o
 .debug_info    0x00000a83      0x319 obj\Debug\src\bridge_test.o
 .debug_info    0x00000d9c      0xa0b obj\Debug\src\cmd_table.o
 .debug_info    0x000017a7      0x3da obj\Debug\src\cmdkey_table.o
 .debug_info    0x00001b81      0x59a obj\Debug\src\dump.o
 .debug_info    0x0000211b       0xae obj\Debug\src\fuse.o
 .debug_info    0x000021c9       0xda obj\Debug\src\main.o
 .debug_info    0x000022a3      0x1a9 obj\Debug\src\net\arp.o
 .debug_info    0x0000244c      0x474 obj\Debug\src\net\net.o
 .debug_info    0x000028c0      0x382 obj\Debug\src\param.o
 .debug_info    0x00002c42      0x7de obj\Debug\src\pb_proto.o
 .debug_info    0x00003420      0x4ae obj\Debug\src\pb_test.o
 .debug_info    0x000038ce      0x21d obj\Debug\src\pb_util.o
 .debug_info    0x00003aeb      0x21c obj\Debug\src\pio_test.o
 .debug_info    0x00003d07      0x62d obj\Debug\src\pio_util.o
 .debug_info    0x00004334       0x8f obj\Debug\src\pkt_buf.o
 .debug_info    0x000043c3      0x756 obj\Debug\src\spi\enc28j60.o
 .debug_info    0x00004b19       0x72 obj\Debug\src\spi\spi.o
 .debug_info    0x00004b8b      0x21e obj\Debug\src\stats.o
 *(.gnu.linkonce.wi.*)

.debug_abbrev   0x00000000     0x19d2
 *(.debug_abbrev)
 .debug_abbrev  0x00000000       0xd5 obj\Debug\src\base\timer.o
 .debug_abbrev  0x000000d5      0x105 obj\Debug\src\base\util.o
 .debug_abbrev  0x000001da      0x1e9 obj\Debug\src\bridge.o
 .debug_abbrev  0x000003c3      0x127 obj\Debug\src\bridge_test.o
 .debug_abbrev  0x000004ea      0x157 obj\Debug\src\cmd_table.o
 .debug_abbrev  0x00000641       0xe7 obj\Debug\src\cmdkey_table.o
 .debug_abbrev  0x00000728      0x175 obj\Debug\src\dump.o
 .debug_abbrev  0x0000089d       0x73 obj\Debug\src\fuse.o
 .debug_abbrev  0x00000910       0x97 obj\Debug\src\main.o
 .debug_abbrev  0x000009a7       0xdf obj\Debug\src\net\arp.o
 .debug_abbrev  0x00000a86      0x120 obj\Debug\src\net\net.o
 .debug_abbrev  0x00000ba6      0x19a obj\Debug\src\param.o
 .debug_abbrev  0x00000d40      0x2f7 obj\Debug\src\pb_proto.o
 .debug_abbrev  0x00001037      0x198 obj\Debug\src\pb_test.o
 .debug_abbrev  0x000011cf      0x10b obj\Debug\src\pb_util.o
 .debug_abbrev  0x000012da       0xf5 obj\Debug\src\pio_test.o
 .debug_abbrev  0x000013cf      0x190 obj\Debug\src\pio_util.o
 .debug_abbrev  0x0000155f       0x63 obj\Debug\src\pkt_buf.o
 .debug_abbrev  0x000015c2      0x285 obj\Debug\src\spi\enc28j60.o
 .debug_abbrev  0x00001847       0x3f obj\Debug\src\spi\spi.o
 .debug_abbrev  0x00001886      0x14c obj\Debug\src\stats.o

.debug_line     0x00000000     0x2f57
 *(.debug_line)
 .debug_line    0x00000000      0x1ba obj\Debug\src\base\timer.o
 .debug_line    0x000001ba      0x2f9 obj\Debug\src\base\util.o
 .debug_line    0x000004b3      0x2da obj\Debug\src\bridge.o
 .debug_line    0x0000078d      0x1dd obj\Debug\src\bridge_test.o
 .debug_line    0x0000096a      0x2b3 obj\Debug\src\cmd_table.o
 .debug_line    0x00000c1d      0x1b5 obj\Debug\src\cmdkey_table.o
 .debug_line    0x00000dd2      0x1fd obj\Debug\src\dump.o
 .debug_line    0x00000fcf       0x8e obj\Debug\src\fuse.o
 .debug_line    0x0000105d      0x128 obj\Debug\src\main.o
 .debug_line    0x00001185      0x11c obj\Debug\src\net\arp.o
 .debug_line    0x000012a1      0x277 obj\Debug\src\net\net.o
 .debug_line    0x00001518      0x200 obj\Debug\src\param.o
 .debug_line    0x00001718      0x76b obj\Debug\src\pb_proto.o
 .debug_line    0x00001e83      0x2b5 obj\Debug\src\pb_test.o
 .debug_line    0x00002138      0x116 obj\Debug\src\pb_util.o
 .debug_line    0x0000224e      0x134 obj\Debug\src\pio_test.o
 .debug_line    0x00002382      0x2d4 obj\Debug\src\pio_util.o
 .debug_line    0x00002656       0x8f obj\Debug\src\pkt_buf.o
 .debug_line    0x000026e5      0x67d obj\Debug\src\spi\enc28j60.o
 .debug_line    0x00002d62       0x8f obj\Debug\src\spi\spi.o
 .debug_line    0x00002df1      0x166 obj\Debug\src\stats.o

.debug_frame    0x00000000      0x830
 *(.debug_frame)
 .debug_frame   0x00000000       0x60 obj\Debug\src\base\timer.o
 .debug_frame   0x00000060       0xc0 obj\Debug\src\base\util.o
 .debug_frame   0x00000120       0x50 obj\Debug\src\bridge.o
 .debug_frame   0x00000170       0x40 obj\Debug\src\bridge_test.o
 .debug_frame   0x000001b0       0xe0 obj\Debug\src\cmd_table.o
 .debug_frame   0x00000290       0xb0 obj\Debug\src\cmdkey_table.o
 .debug_frame   0x00000340       0x70 obj\Debug\src\dump.o
 .debug_frame   0x000003b0       0x20 obj\Debug\src\main.o
 .debug_frame   0x000003d0       0x30 obj\Debug\src\net\arp.o
 .debug_frame   0x00000400       0xd0 obj\Debug\src\net\net.o
 .debug_frame   0x000004d0       0x70 obj\Debug\src\param.o
 .debug_frame   0x00000540       0x60 obj\Debug\src\pb_proto.o
 .debug_frame   0x000005a0       0x60 obj\Debug\src\pb_test.o
 .debug_frame   0x00000600       0x20 obj\Debug\src\pb_util.o
 .debug_frame   0x00000620       0x20 obj\Debug\src\pio_test.o
 .debug_frame   0x00000640       0x60 obj\Debug\src\pio_util.o
 .debug_frame   0x000006a0      0x100 obj\Debug\src\spi\enc28j60.o
 .debug_frame   0x000007a0       0x20 obj\Debug\src\spi\spi.o
 .debug_frame   0x000007c0       0x70 obj\Debug\src\stats.o

.debug_str      0x00000000     0x12b1
 *(.debug_str)
 .debug_str     0x00000000      0x10d obj\Debug\src\base\timer.o
                                0x152 (size before relaxing)
 .debug_str     0x0000010d      0x106 obj\Debug\src\base\util.o
                                0x1b4 (size before relaxing)
 .debug_str     0x00000213      0x1a3 obj\Debug\src\bridge.o
                                0x298 (size before relaxing)
 .debug_str     0x000003b6       0x30 obj\Debug\src\bridge_test.o
                                0x1c9 (size before relaxing)
 .debug_str     0x000003e6      0x37e obj\Debug\src\cmd_table.o
                                0x4f5 (size before relaxing)
 .debug_str     0x00000764      0x22e obj\Debug\src\cmdkey_table.o
                                0x31c (size before relaxing)
 .debug_str     0x00000992      0x163 obj\Debug\src\dump.o
                                0x285 (size before relaxing)
 .debug_str     0x00000af5       0x29 obj\Debug\src\fuse.o
                                 0xb9 (size before relaxing)
 .debug_str     0x00000b1e       0x18 obj\Debug\src\main.o
                                 0xcf (size before relaxing)
 .debug_str     0x00000b36       0x56 obj\Debug\src\net\arp.o
                                0x12a (size before relaxing)
 .debug_str     0x00000b8c       0xbd obj\Debug\src\net\net.o
                                0x1ac (size before relaxing)
 .debug_str     0x00000c49       0x8c obj\Debug\src\param.o
                                0x1f5 (size before relaxing)
 .debug_str     0x00000cd5      0x1e1 obj\Debug\src\pb_proto.o
                                0x339 (size before relaxing)
 .debug_str     0x00000eb6       0x86 obj\Debug\src\pb_test.o
                                0x277 (size before relaxing)
 .debug_str     0x00000f3c       0x27 obj\Debug\src\pb_util.o
                                0x153 (size before relaxing)
 .debug_str     0x00000f63       0x1d obj\Debug\src\pio_test.o
                                0x165 (size before relaxing)
 .debug_str     0x00000f80      0x116 obj\Debug\src\pio_util.o
                                0x357 (size before relaxing)
 .debug_str     0x00001096        0xe obj\Debug\src\pkt_buf.o
                                 0xae (size before relaxing)
 .debug_str     0x000010a4      0x1bf obj\Debug\src\spi\enc28j60.o
                                0x29f (size before relaxing)
 .debug_str     0x00001263       0x17 obj\Debug\src\spi\spi.o
                                 0xa7 (size before relaxing)
 .debug_str     0x0000127a       0x37 obj\Debug\src\stats.o
                                0x12e (size before relaxing)

.debug_loc      0x00000000     0x2154
 *(.debug_loc)
 .debug_loc     0x00000000       0xfe obj\Debug\src\base\timer.o
 .debug_loc     0x000000fe      0x5b7 obj\Debug\src\base\util.o
 .debug_loc     0x000006b5      0x197 obj\Debug\src\bridge.o
 .debug_loc     0x0000084c      0x110 obj\Debug\src\bridge_test.o
 .debug_loc     0x0000095c      0x403 obj\Debug\src\cmd_table.o
 .debug_loc     0x00000d5f      0x121 obj\Debug\src\dump.o
 .debug_loc     0x00000e80       0x1e obj\Debug\src\main.o
 .debug_loc     0x00000e9e      0x108 obj\Debug\src\net\arp.o
 .debug_loc     0x00000fa6      0x2d3 obj\Debug\src\net\net.o
 .debug_loc     0x00001279       0x9b obj\Debug\src\param.o
 .debug_loc     0x00001314      0x659 obj\Debug\src\pb_proto.o
 .debug_loc     0x0000196d      0x12c obj\Debug\src\pb_test.o
 .debug_loc     0x00001a99       0x3f obj\Debug\src\pb_util.o
 .debug_loc     0x00001ad8      0x19c obj\Debug\src\pio_util.o
 .debug_loc     0x00001c74      0x489 obj\Debug\src\spi\enc28j60.o
 .debug_loc     0x000020fd       0x57 obj\Debug\src\stats.o

.debug_macinfo
 *(.debug_macinfo)
OUTPUT(bin\Debug\plipUltimate.elf elf32-avr)
LOAD linker stubs

.debug_ranges   0x00000000      0x178
 .debug_ranges  0x00000000       0x18 obj\Debug\src\base\util.o
 .debug_ranges  0x00000018       0x30 obj\Debug\src\bridge.o
 .debug_ranges  0x00000048       0x18 obj\Debug\src\bridge_test.o
 .debug_ranges  0x00000060       0x30 obj\Debug\src\net\net.o
 .debug_ranges  0x00000090       0xa0 obj\Debug\src\pb_proto.o
 .debug_ranges  0x00000130       0x18 obj\Debug\src\pb_test.o
 .debug_ranges  0x00000148       0x18 obj\Debug\src\pio_test.o
 .debug_ranges  0x00000160       0x18 obj\Debug\src\spi\enc28j60.o

Cross Reference Table

Symbol                                            File
__bad_interrupt                                   d:/prg/kompilatory/winavr/bin/../lib/gcc/avr/4.3.3/../../../../avr/lib/avr5/crtm328p.o
__bss_end                                         d:/prg/kompilatory/winavr/bin/../lib/gcc/avr/4.3.3/avr5\libgcc.a(_clear_bss.o)
__bss_start                                       d:/prg/kompilatory/winavr/bin/../lib/gcc/avr/4.3.3/avr5\libgcc.a(_clear_bss.o)
__data_end                                        d:/prg/kompilatory/winavr/bin/../lib/gcc/avr/4.3.3/avr5\libgcc.a(_copy_data.o)
__data_load_start                                 d:/prg/kompilatory/winavr/bin/../lib/gcc/avr/4.3.3/avr5\libgcc.a(_copy_data.o)
__data_start                                      d:/prg/kompilatory/winavr/bin/../lib/gcc/avr/4.3.3/avr5\libgcc.a(_copy_data.o)
__do_clear_bss                                    d:/prg/kompilatory/winavr/bin/../lib/gcc/avr/4.3.3/avr5\libgcc.a(_clear_bss.o)
                                                  obj\Debug\src\stats.o
                                                  obj\Debug\src\spi\enc28j60.o
                                                  obj\Debug\src\pkt_buf.o
                                                  obj\Debug\src\pb_test.o
                                                  obj\Debug\src\pb_proto.o
                                                  obj\Debug\src\param.o
                                                  obj\Debug\src\main.o
                                                  obj\Debug\src\bridge_test.o
                                                  obj\Debug\src\bridge.o
                                                  obj\Debug\src\base\timer.o
__do_copy_data                                    d:/prg/kompilatory/winavr/bin/../lib/gcc/avr/4.3.3/avr5\libgcc.a(_copy_data.o)
                                                  obj\Debug\src\pb_proto.o
                                                  obj\Debug\src\net\net.o
__eerd_block_m328p                                d:/prg/kompilatory/winavr/bin/../lib/gcc/avr/4.3.3/../../../../avr/lib/avr5\libc.a(eerd_block_atmega328p.o)
                                                  obj\Debug\src\param.o
__eerd_blraw_m328p                                d:/prg/kompilatory/winavr/bin/../lib/gcc/avr/4.3.3/../../../../avr/lib/avr5\libc.a(eerd_block_atmega328p.o)
                                                  d:/prg/kompilatory/winavr/bin/../lib/gcc/avr/4.3.3/../../../../avr/lib/avr5\libc.a(eerd_word_atmega328p.o)
__eerd_word_m328p                                 d:/prg/kompilatory/winavr/bin/../lib/gcc/avr/4.3.3/../../../../avr/lib/avr5\libc.a(eerd_word_atmega328p.o)
                                                  obj\Debug\src\param.o
__eewr_block_m328p                                d:/prg/kompilatory/winavr/bin/../lib/gcc/avr/4.3.3/../../../../avr/lib/avr5\libc.a(eewr_block_atmega328p.o)
                                                  obj\Debug\src\param.o
__eewr_byte_m328p                                 d:/prg/kompilatory/winavr/bin/../lib/gcc/avr/4.3.3/../../../../avr/lib/avr5\libc.a(eewr_byte_atmega328p.o)
                                                  d:/prg/kompilatory/winavr/bin/../lib/gcc/avr/4.3.3/../../../../avr/lib/avr5\libc.a(eewr_word_atmega328p.o)
__eewr_r18_m328p                                  d:/prg/kompilatory/winavr/bin/../lib/gcc/avr/4.3.3/../../../../avr/lib/avr5\libc.a(eewr_byte_atmega328p.o)
                                                  d:/prg/kompilatory/winavr/bin/../lib/gcc/avr/4.3.3/../../../../avr/lib/avr5\libc.a(eewr_word_atmega328p.o)
                                                  d:/prg/kompilatory/winavr/bin/../lib/gcc/avr/4.3.3/../../../../avr/lib/avr5\libc.a(eewr_block_atmega328p.o)
__eewr_word_m328p                                 d:/prg/kompilatory/winavr/bin/../lib/gcc/avr/4.3.3/../../../../avr/lib/avr5\libc.a(eewr_word_atmega328p.o)
                                                  obj\Debug\src\param.o
__fuse                                            obj\Debug\src\fuse.o
__heap_end                                        d:/prg/kompilatory/winavr/bin/../lib/gcc/avr/4.3.3/../../../../avr/lib/avr5/crtm328p.o
__init                                            d:/prg/kompilatory/winavr/bin/../lib/gcc/avr/4.3.3/../../../../avr/lib/avr5/crtm328p.o
__mulsi3                                          d:/prg/kompilatory/winavr/bin/../lib/gcc/avr/4.3.3/avr5\libgcc.a(_mulsi3.o)
                                                  obj\Debug\src\base\timer.o
__stack                                           d:/prg/kompilatory/winavr/bin/../lib/gcc/avr/4.3.3/../../../../avr/lib/avr5/crtm328p.o
__udivmodqi4                                      d:/prg/kompilatory/winavr/bin/../lib/gcc/avr/4.3.3/avr5\libgcc.a(_udivmodqi4.o)
                                                  obj\Debug\src\base\util.o
__udivmodsi4                                      d:/prg/kompilatory/winavr/bin/../lib/gcc/avr/4.3.3/avr5\libgcc.a(_udivmodsi4.o)
                                                  obj\Debug\src\base\util.o
                                                  obj\Debug\src\base\timer.o
__vector_1                                        d:/prg/kompilatory/winavr/bin/../lib/gcc/avr/4.3.3/../../../../avr/lib/avr5/crtm328p.o
__vector_10                                       d:/prg/kompilatory/winavr/bin/../lib/gcc/avr/4.3.3/../../../../avr/lib/avr5/crtm328p.o
__vector_11                                       d:/prg/kompilatory/winavr/bin/../lib/gcc/avr/4.3.3/../../../../avr/lib/avr5/crtm328p.o
__vector_12                                       d:/prg/kompilatory/winavr/bin/../lib/gcc/avr/4.3.3/../../../../avr/lib/avr5/crtm328p.o
__vector_13                                       d:/prg/kompilatory/winavr/bin/../lib/gcc/avr/4.3.3/../../../../avr/lib/avr5/crtm328p.o
__vector_14                                       d:/prg/kompilatory/winavr/bin/../lib/gcc/avr/4.3.3/../../../../avr/lib/avr5/crtm328p.o
__vector_15                                       d:/prg/kompilatory/winavr/bin/../lib/gcc/avr/4.3.3/../../../../avr/lib/avr5/crtm328p.o
__vector_16                                       d:/prg/kompilatory/winavr/bin/../lib/gcc/avr/4.3.3/../../../../avr/lib/avr5/crtm328p.o
__vector_17                                       d:/prg/kompilatory/winavr/bin/../lib/gcc/avr/4.3.3/../../../../avr/lib/avr5/crtm328p.o
__vector_18                                       d:/prg/kompilatory/winavr/bin/../lib/gcc/avr/4.3.3/../../../../avr/lib/avr5/crtm328p.o
__vector_19                                       d:/prg/kompilatory/winavr/bin/../lib/gcc/avr/4.3.3/../../../../avr/lib/avr5/crtm328p.o
__vector_2                                        d:/prg/kompilatory/winavr/bin/../lib/gcc/avr/4.3.3/../../../../avr/lib/avr5/crtm328p.o
__vector_20                                       d:/prg/kompilatory/winavr/bin/../lib/gcc/avr/4.3.3/../../../../avr/lib/avr5/crtm328p.o
__vector_21                                       d:/prg/kompilatory/winavr/bin/../lib/gcc/avr/4.3.3/../../../../avr/lib/avr5/crtm328p.o
__vector_22                                       d:/prg/kompilatory/winavr/bin/../lib/gcc/avr/4.3.3/../../../../avr/lib/avr5/crtm328p.o
__vector_23                                       d:/prg/kompilatory/winavr/bin/../lib/gcc/avr/4.3.3/../../../../avr/lib/avr5/crtm328p.o
__vector_24                                       d:/prg/kompilatory/winavr/bin/../lib/gcc/avr/4.3.3/../../../../avr/lib/avr5/crtm328p.o
__vector_25                                       d:/prg/kompilatory/winavr/bin/../lib/gcc/avr/4.3.3/../../../../avr/lib/avr5/crtm328p.o
__vector_3                                        d:/prg/kompilatory/winavr/bin/../lib/gcc/avr/4.3.3/../../../../avr/lib/avr5/crtm328p.o
__vector_4                                        d:/prg/kompilatory/winavr/bin/../lib/gcc/avr/4.3.3/../../../../avr/lib/avr5/crtm328p.o
__vector_5                                        d:/prg/kompilatory/winavr/bin/../lib/gcc/avr/4.3.3/../../../../avr/lib/avr5/crtm328p.o
__vector_6                                        d:/prg/kompilatory/winavr/bin/../lib/gcc/avr/4.3.3/../../../../avr/lib/avr5/crtm328p.o
__vector_7                                        obj\Debug\src\base\timer.o
                                                  d:/prg/kompilatory/winavr/bin/../lib/gcc/avr/4.3.3/../../../../avr/lib/avr5/crtm328p.o
__vector_8                                        d:/prg/kompilatory/winavr/bin/../lib/gcc/avr/4.3.3/../../../../avr/lib/avr5/crtm328p.o
__vector_9                                        d:/prg/kompilatory/winavr/bin/../lib/gcc/avr/4.3.3/../../../../avr/lib/avr5/crtm328p.o
__vector_default                                  d:/prg/kompilatory/winavr/bin/../lib/gcc/avr/4.3.3/../../../../avr/lib/avr5/crtm328p.o
__vectors                                         d:/prg/kompilatory/winavr/bin/../lib/gcc/avr/4.3.3/../../../../avr/lib/avr5/crtm328p.o
_exit                                             d:/prg/kompilatory/winavr/bin/../lib/gcc/avr/4.3.3/avr5\libgcc.a(_exit.o)
arp_is_ipv4                                       obj\Debug\src\net\arp.o
                                                  obj\Debug\src\pio_util.o
arp_make_reply                                    obj\Debug\src\net\arp.o
                                                  obj\Debug\src\pio_util.o
bridge_loop                                       obj\Debug\src\bridge.o
                                                  obj\Debug\src\main.o
bridge_test_loop                                  obj\Debug\src\bridge_test.o
                                                  obj\Debug\src\main.o
cmd_table                                         obj\Debug\src\cmd_table.o
cmdkey_table                                      obj\Debug\src\cmdkey_table.o
dump_arp_pkt                                      obj\Debug\src\dump.o
dump_eth_pkt                                      obj\Debug\src\dump.o
dump_ip_pkt                                       obj\Debug\src\dump.o
dump_ip_protocol                                  obj\Debug\src\dump.o
dump_line                                         obj\Debug\src\dump.o
dump_pb_cmd                                       obj\Debug\src\dump.o
                                                  obj\Debug\src\pb_util.o
                                                  obj\Debug\src\pb_test.o
eeprom_crc16                                      obj\Debug\src\param.o
eeprom_param                                      obj\Debug\src\param.o
enc28j60_control                                  obj\Debug\src\spi\enc28j60.o
                                                  obj\Debug\src\bridge.o
enc28j60_exit                                     obj\Debug\src\spi\enc28j60.o
                                                  obj\Debug\src\pio_test.o
                                                  obj\Debug\src\bridge_test.o
                                                  obj\Debug\src\bridge.o
enc28j60_has_recv                                 obj\Debug\src\spi\enc28j60.o
                                                  obj\Debug\src\pio_test.o
                                                  obj\Debug\src\bridge_test.o
                                                  obj\Debug\src\bridge.o
enc28j60_init                                     obj\Debug\src\spi\enc28j60.o
                                                  obj\Debug\src\pio_test.o
                                                  obj\Debug\src\bridge_test.o
                                                  obj\Debug\src\bridge.o
enc28j60_recv                                     obj\Debug\src\spi\enc28j60.o
                                                  obj\Debug\src\pio_util.o
enc28j60_send                                     obj\Debug\src\spi\enc28j60.o
                                                  obj\Debug\src\pio_util.o
enc28j60_status                                   obj\Debug\src\spi\enc28j60.o
exit                                              d:/prg/kompilatory/winavr/bin/../lib/gcc/avr/4.3.3/avr5\libgcc.a(_exit.o)
                                                  d:/prg/kompilatory/winavr/bin/../lib/gcc/avr/4.3.3/../../../../avr/lib/avr5/crtm328p.o
global_verbose                                    obj\Debug\src\main.o
                                                  obj\Debug\src\pb_util.o
                                                  obj\Debug\src\cmdkey_table.o
main                                              obj\Debug\src\main.o
                                                  d:/prg/kompilatory/winavr/bin/../lib/gcc/avr/4.3.3/../../../../avr/lib/avr5/crtm328p.o
net_bcast_mac                                     obj\Debug\src\net\net.o
                                                  obj\Debug\src\pio_util.o
                                                  obj\Debug\src\pb_test.o
                                                  obj\Debug\src\bridge.o
net_compare_ip                                    obj\Debug\src\net\net.o
                                                  obj\Debug\src\pio_util.o
net_compare_mac                                   obj\Debug\src\net\net.o
                                                  obj\Debug\src\pb_test.o
                                                  obj\Debug\src\bridge.o
net_copy_ip                                       obj\Debug\src\net\net.o
                                                  obj\Debug\src\pio_util.o
                                                  obj\Debug\src\net\arp.o
                                                  obj\Debug\src\cmd_table.o
net_copy_mac                                      obj\Debug\src\net\net.o
                                                  obj\Debug\src\pio_util.o
                                                  obj\Debug\src\pb_test.o
                                                  obj\Debug\src\net\arp.o
                                                  obj\Debug\src\cmd_table.o
                                                  obj\Debug\src\bridge.o
net_dump_ip                                       obj\Debug\src\net\net.o
net_dump_mac                                      obj\Debug\src\net\net.o
net_get_long                                      obj\Debug\src\net\net.o
                                                  obj\Debug\src\dump.o
net_get_word                                      obj\Debug\src\net\net.o
                                                  obj\Debug\src\pio_util.o
                                                  obj\Debug\src\net\arp.o
                                                  obj\Debug\src\dump.o
                                                  obj\Debug\src\bridge_test.o
                                                  obj\Debug\src\bridge.o
net_ones_ip                                       obj\Debug\src\net\net.o
net_parse_ip                                      obj\Debug\src\net\net.o
                                                  obj\Debug\src\cmd_table.o
net_parse_mac                                     obj\Debug\src\net\net.o
                                                  obj\Debug\src\cmd_table.o
net_put_long                                      obj\Debug\src\net\net.o
net_put_word                                      obj\Debug\src\net\net.o
                                                  obj\Debug\src\pio_util.o
                                                  obj\Debug\src\net\arp.o
                                                  obj\Debug\src\bridge_test.o
                                                  obj\Debug\src\bridge.o
net_zero_ip                                       obj\Debug\src\net\net.o
net_zero_mac                                      obj\Debug\src\net\net.o
param                                             obj\Debug\src\pio_util.o
                                                  obj\Debug\src\pio_test.o
                                                  obj\Debug\src\pb_test.o
                                                  obj\Debug\src\param.o
                                                  obj\Debug\src\cmd_table.o
                                                  obj\Debug\src\bridge_test.o
                                                  obj\Debug\src\bridge.o
param_dump                                        obj\Debug\src\param.o
                                                  obj\Debug\src\main.o
                                                  obj\Debug\src\cmd_table.o
param_init                                        obj\Debug\src\param.o
                                                  obj\Debug\src\main.o
param_load                                        obj\Debug\src\param.o
                                                  obj\Debug\src\cmd_table.o
param_reset                                       obj\Debug\src\param.o
                                                  obj\Debug\src\cmd_table.o
param_save                                        obj\Debug\src\param.o
                                                  obj\Debug\src\cmd_table.o
                                                  obj\Debug\src\bridge.o
pb_proto_get_line_status                          obj\Debug\src\pb_proto.o
pb_proto_handle                                   obj\Debug\src\pb_proto.o
                                                  obj\Debug\src\pb_util.o
pb_proto_init                                     obj\Debug\src\pb_proto.o
                                                  obj\Debug\src\pb_test.o
                                                  obj\Debug\src\bridge_test.o
                                                  obj\Debug\src\bridge.o
pb_proto_request_recv                             obj\Debug\src\pb_proto.o
                                                  obj\Debug\src\pb_test.o
                                                  obj\Debug\src\bridge_test.o
                                                  obj\Debug\src\bridge.o
pb_proto_stat                                     obj\Debug\src\pb_util.o
                                                  obj\Debug\src\pb_test.o
                                                  obj\Debug\src\pb_proto.o
pb_proto_timeout                                  obj\Debug\src\pb_proto.o
pb_test_loop                                      obj\Debug\src\pb_test.o
                                                  obj\Debug\src\main.o
pb_test_send_packet                               obj\Debug\src\pb_test.o
                                                  obj\Debug\src\cmdkey_table.o
pb_test_toggle_auto                               obj\Debug\src\pb_test.o
                                                  obj\Debug\src\cmdkey_table.o
pb_util_handle                                    obj\Debug\src\pb_util.o
                                                  obj\Debug\src\pb_test.o
                                                  obj\Debug\src\bridge_test.o
                                                  obj\Debug\src\bridge.o
pio_test_loop                                     obj\Debug\src\pio_test.o
                                                  obj\Debug\src\main.o
pio_util_get_init_flags                           obj\Debug\src\pio_util.o
                                                  obj\Debug\src\pio_test.o
                                                  obj\Debug\src\bridge_test.o
                                                  obj\Debug\src\bridge.o
pio_util_handle_arp                               obj\Debug\src\pio_util.o
                                                  obj\Debug\src\pio_test.o
                                                  obj\Debug\src\bridge_test.o
pio_util_handle_udp_test                          obj\Debug\src\pio_util.o
                                                  obj\Debug\src\pio_test.o
                                                  obj\Debug\src\bridge_test.o
pio_util_recv_packet                              obj\Debug\src\pio_util.o
                                                  obj\Debug\src\pio_test.o
                                                  obj\Debug\src\bridge_test.o
                                                  obj\Debug\src\bridge.o
pio_util_send_packet                              obj\Debug\src\pio_util.o
                                                  obj\Debug\src\pio_test.o
                                                  obj\Debug\src\bridge_test.o
                                                  obj\Debug\src\bridge.o
pkt_buf                                           obj\Debug\src\pkt_buf.o
                                                  obj\Debug\src\pio_util.o
                                                  obj\Debug\src\pb_test.o
                                                  obj\Debug\src\bridge_test.o
                                                  obj\Debug\src\bridge.o
run_mode                                          obj\Debug\src\main.o
                                                  obj\Debug\src\pio_test.o
                                                  obj\Debug\src\pb_test.o
                                                  obj\Debug\src\cmdkey_table.o
                                                  obj\Debug\src\bridge_test.o
                                                  obj\Debug\src\bridge.o
spi_init                                          obj\Debug\src\spi\spi.o
                                                  obj\Debug\src\spi\enc28j60.o
stats                                             obj\Debug\src\stats.o
                                                  obj\Debug\src\pio_util.o
                                                  obj\Debug\src\pio_test.o
                                                  obj\Debug\src\pb_util.o
stats_dump                                        obj\Debug\src\stats.o
                                                  obj\Debug\src\pio_test.o
                                                  obj\Debug\src\pb_test.o
stats_dump_all                                    obj\Debug\src\stats.o
                                                  obj\Debug\src\cmdkey_table.o
                                                  obj\Debug\src\cmd_table.o
                                                  obj\Debug\src\bridge_test.o
                                                  obj\Debug\src\bridge.o
stats_reset                                       obj\Debug\src\stats.o
                                                  obj\Debug\src\pio_test.o
                                                  obj\Debug\src\pb_test.o
                                                  obj\Debug\src\cmdkey_table.o
                                                  obj\Debug\src\cmd_table.o
                                                  obj\Debug\src\bridge_test.o
                                                  obj\Debug\src\bridge.o
stats_update_ok                                   obj\Debug\src\stats.o
                                                  obj\Debug\src\pio_util.o
                                                  obj\Debug\src\pb_util.o
time_stamp                                        obj\Debug\src\pb_proto.o
                                                  obj\Debug\src\base\timer.o
timer_100us                                       obj\Debug\src\pb_proto.o
                                                  obj\Debug\src\base\timer.o
timer_10ms                                        obj\Debug\src\base\timer.o
timer_delay_100us                                 obj\Debug\src\base\timer.o
                                                  obj\Debug\src\spi\enc28j60.o
timer_delay_10ms                                  obj\Debug\src\base\timer.o
                                                  obj\Debug\src\main.o
timer_hw_calc_rate_kbs                            obj\Debug\src\base\timer.o
                                                  obj\Debug\src\pio_util.o
                                                  obj\Debug\src\pb_proto.o
timer_init                                        obj\Debug\src\base\timer.o
                                                  obj\Debug\src\main.o
utilByteToDec                                     obj\Debug\src\base\util.o
                                                  obj\Debug\src\net\net.o
utilByteToHex                                     obj\Debug\src\base\util.o
                                                  obj\Debug\src\net\net.o
utilDwordToDec                                    obj\Debug\src\base\util.o
utilDwordToHex                                    obj\Debug\src\base\util.o
utilNibbleToHex                                   obj\Debug\src\base\util.o
utilParseByteDec                                  obj\Debug\src\base\util.o
                                                  obj\Debug\src\net\net.o
utilParseByteHex                                  obj\Debug\src\base\util.o
                                                  obj\Debug\src\net\net.o
                                                  obj\Debug\src\cmd_table.o
utilParseDwordHex                                 obj\Debug\src\base\util.o
utilParseNibbleHex                                obj\Debug\src\base\util.o
utilParseWordHex                                  obj\Debug\src\base\util.o
                                                  obj\Debug\src\cmd_table.o
utilWordToHex                                     obj\Debug\src\base\util.o
