Archive member included because of file (symbol)

d:/prg/kompilatory/winavr/bin/../lib/gcc/avr/4.3.3/avr5\libgcc.a(_mulsi3.o)
                              obj\Debug\src\base\timer.o (__mulsi3)
d:/prg/kompilatory/winavr/bin/../lib/gcc/avr/4.3.3/avr5\libgcc.a(_udivmodqi4.o)
                              obj\Debug\src\base\util.o (__udivmodqi4)
d:/prg/kompilatory/winavr/bin/../lib/gcc/avr/4.3.3/avr5\libgcc.a(_udivmodsi4.o)
                              obj\Debug\src\base\timer.o (__udivmodsi4)
d:/prg/kompilatory/winavr/bin/../lib/gcc/avr/4.3.3/avr5\libgcc.a(_exit.o)
                              d:/prg/kompilatory/winavr/bin/../lib/gcc/avr/4.3.3/../../../../avr/lib/avr5/crtm328p.o (exit)
d:/prg/kompilatory/winavr/bin/../lib/gcc/avr/4.3.3/avr5\libgcc.a(_copy_data.o)
                              obj\Debug\src\net\net.o (__do_copy_data)
d:/prg/kompilatory/winavr/bin/../lib/gcc/avr/4.3.3/avr5\libgcc.a(_clear_bss.o)
                              obj\Debug\src\base\timer.o (__do_clear_bss)
d:/prg/kompilatory/winavr/bin/../lib/gcc/avr/4.3.3/../../../../avr/lib/avr5\libc.a(eerd_block_atmega328p.o)
                              obj\Debug\src\param.o (__eerd_block_m328p)
d:/prg/kompilatory/winavr/bin/../lib/gcc/avr/4.3.3/../../../../avr/lib/avr5\libc.a(eerd_word_atmega328p.o)
                              obj\Debug\src\param.o (__eerd_word_m328p)
d:/prg/kompilatory/winavr/bin/../lib/gcc/avr/4.3.3/../../../../avr/lib/avr5\libc.a(eewr_block_atmega328p.o)
                              obj\Debug\src\param.o (__eewr_block_m328p)
d:/prg/kompilatory/winavr/bin/../lib/gcc/avr/4.3.3/../../../../avr/lib/avr5\libc.a(eewr_byte_atmega328p.o)
                              d:/prg/kompilatory/winavr/bin/../lib/gcc/avr/4.3.3/../../../../avr/lib/avr5\libc.a(eewr_block_atmega328p.o) (__eewr_r18_m328p)
d:/prg/kompilatory/winavr/bin/../lib/gcc/avr/4.3.3/../../../../avr/lib/avr5\libc.a(eewr_word_atmega328p.o)
                              obj\Debug\src\param.o (__eewr_word_m328p)

Allocating common symbols
Common symbol       size              file

param               0x13              obj\Debug\src\param.o
pb_proto_stat       0x10              obj\Debug\src\pb_proto.o
g_uwTimer10ms       0x2               obj\Debug\src\base\timer.o
g_pDataBuffer       0x5ea             obj\Debug\src\pkt_buf.o
stats               0x30              obj\Debug\src\stats.o
g_uwTimer100us      0x2               obj\Debug\src\base\timer.o
g_uwTimeStamp       0x4               obj\Debug\src\base\timer.o

Memory Configuration

Name             Origin             Length             Attributes
text             0x00000000         0x00020000         xr
data             0x00800060         0x0000ffa0         rw !x
eeprom           0x00810000         0x00010000         rw !x
fuse             0x00820000         0x00000400         rw !x
lock             0x00830000         0x00000400         rw !x
signature        0x00840000         0x00000400         rw !x
*default*        0x00000000         0xffffffff

Linker script and memory map

Address of section .data set to 0x800100
LOAD d:/prg/kompilatory/winavr/bin/../lib/gcc/avr/4.3.3/../../../../avr/lib/avr5/crtm328p.o
LOAD obj\Debug\src\base\timer.o
LOAD obj\Debug\src\base\util.o
LOAD obj\Debug\src\bridge.o
LOAD obj\Debug\src\bridge_test.o
LOAD obj\Debug\src\cmd.o
LOAD obj\Debug\src\cmd_table.o
LOAD obj\Debug\src\cmdkey_table.o
LOAD obj\Debug\src\dump.o
LOAD obj\Debug\src\fuse.o
LOAD obj\Debug\src\main.o
LOAD obj\Debug\src\net\arp.o
LOAD obj\Debug\src\net\net.o
LOAD obj\Debug\src\param.o
LOAD obj\Debug\src\pb_proto.o
LOAD obj\Debug\src\pb_test.o
LOAD obj\Debug\src\pb_util.o
LOAD obj\Debug\src\pio_test.o
LOAD obj\Debug\src\pio_util.o
LOAD obj\Debug\src\pkt_buf.o
LOAD obj\Debug\src\spi\enc28j60.o
LOAD obj\Debug\src\spi\spi.o
LOAD obj\Debug\src\stats.o
LOAD d:/prg/kompilatory/winavr/bin/../lib/gcc/avr/4.3.3/avr5\libgcc.a
LOAD d:/prg/kompilatory/winavr/bin/../lib/gcc/avr/4.3.3/../../../../avr/lib/avr5\libm.a
LOAD d:/prg/kompilatory/winavr/bin/../lib/gcc/avr/4.3.3/avr5\libgcc.a
LOAD d:/prg/kompilatory/winavr/bin/../lib/gcc/avr/4.3.3/../../../../avr/lib/avr5\libc.a
LOAD d:/prg/kompilatory/winavr/bin/../lib/gcc/avr/4.3.3/avr5\libgcc.a

.hash
 *(.hash)

.dynsym
 *(.dynsym)

.dynstr
 *(.dynstr)

.gnu.version
 *(.gnu.version)

.gnu.version_d
 *(.gnu.version_d)

.gnu.version_r
 *(.gnu.version_r)

.rel.init
 *(.rel.init)

.rela.init
 *(.rela.init)

.rel.text
 *(.rel.text)
 *(.rel.text.*)
 *(.rel.gnu.linkonce.t*)

.rela.text
 *(.rela.text)
 *(.rela.text.*)
 *(.rela.gnu.linkonce.t*)

.rel.fini
 *(.rel.fini)

.rela.fini
 *(.rela.fini)

.rel.rodata
 *(.rel.rodata)
 *(.rel.rodata.*)
 *(.rel.gnu.linkonce.r*)

.rela.rodata
 *(.rela.rodata)
 *(.rela.rodata.*)
 *(.rela.gnu.linkonce.r*)

.rel.data
 *(.rel.data)
 *(.rel.data.*)
 *(.rel.gnu.linkonce.d*)

.rela.data
 *(.rela.data)
 *(.rela.data.*)
 *(.rela.gnu.linkonce.d*)

.rel.ctors
 *(.rel.ctors)

.rela.ctors
 *(.rela.ctors)

.rel.dtors
 *(.rel.dtors)

.rela.dtors
 *(.rela.dtors)

.rel.got
 *(.rel.got)

.rela.got
 *(.rela.got)

.rel.bss
 *(.rel.bss)

.rela.bss
 *(.rela.bss)

.rel.plt
 *(.rel.plt)

.rela.plt
 *(.rela.plt)

.text           0x00000000     0x2116
 *(.vectors)
 .vectors       0x00000000       0x68 d:/prg/kompilatory/winavr/bin/../lib/gcc/avr/4.3.3/../../../../avr/lib/avr5/crtm328p.o
                0x00000000                __vectors
                0x00000000                __vector_default
 *(.vectors)
 *(.progmem.gcc*)
 *(.progmem*)
 .progmem.data  0x00000068      0x20b obj\Debug\src\cmd_table.o
                0x00000068                cmd_table
 .progmem.data  0x00000273      0x128 obj\Debug\src\cmdkey_table.o
                0x00000273                cmdkey_table
 .progmem.data  0x0000039b       0x13 obj\Debug\src\param.o
                0x000003ae                . = ALIGN (0x2)
                0x000003ae                __trampolines_start = .
 *(.trampolines)
 .trampolines   0x000003ae        0x0 linker stubs
 *(.trampolines*)
                0x000003ae                __trampolines_end = .
 *(.jumptables)
 *(.jumptables*)
 *(.lowtext)
 *(.lowtext*)
                0x000003ae                __ctors_start = .
 *(.ctors)
                0x000003ae                __ctors_end = .
                0x000003ae                __dtors_start = .
 *(.dtors)
                0x000003ae                __dtors_end = .
 SORT(*)(.ctors)
 SORT(*)(.dtors)
 *(.init0)
 .init0         0x000003ae        0x0 d:/prg/kompilatory/winavr/bin/../lib/gcc/avr/4.3.3/../../../../avr/lib/avr5/crtm328p.o
                0x000003ae                __init
 *(.init0)
 *(.init1)
 *(.init1)
 *(.init2)
 .init2         0x000003ae        0xc d:/prg/kompilatory/winavr/bin/../lib/gcc/avr/4.3.3/../../../../avr/lib/avr5/crtm328p.o
 *(.init2)
 *(.init3)
 *(.init3)
 *(.init4)
 .init4         0x000003ba       0x16 d:/prg/kompilatory/winavr/bin/../lib/gcc/avr/4.3.3/avr5\libgcc.a(_copy_data.o)
                0x000003ba                __do_copy_data
 .init4         0x000003d0       0x10 d:/prg/kompilatory/winavr/bin/../lib/gcc/avr/4.3.3/avr5\libgcc.a(_clear_bss.o)
                0x000003d0                __do_clear_bss
 *(.init4)
 *(.init5)
 *(.init5)
 *(.init6)
 *(.init6)
 *(.init7)
 *(.init7)
 *(.init8)
 *(.init8)
 *(.init9)
 .init9         0x000003e0        0x8 d:/prg/kompilatory/winavr/bin/../lib/gcc/avr/4.3.3/../../../../avr/lib/avr5/crtm328p.o
 *(.init9)
 *(.text)
 .text          0x000003e8        0x4 d:/prg/kompilatory/winavr/bin/../lib/gcc/avr/4.3.3/../../../../avr/lib/avr5/crtm328p.o
                0x000003e8                __vector_22
                0x000003e8                __vector_1
                0x000003e8                __vector_24
                0x000003e8                __vector_12
                0x000003e8                __bad_interrupt
                0x000003e8                __vector_6
                0x000003e8                __vector_3
                0x000003e8                __vector_23
                0x000003e8                __vector_25
                0x000003e8                __vector_13
                0x000003e8                __vector_17
                0x000003e8                __vector_19
                0x000003e8                __vector_7
                0x000003e8                __vector_5
                0x000003e8                __vector_4
                0x000003e8                __vector_9
                0x000003e8                __vector_2
                0x000003e8                __vector_21
                0x000003e8                __vector_15
                0x000003e8                __vector_8
                0x000003e8                __vector_14
                0x000003e8                __vector_10
                0x000003e8                __vector_16
                0x000003e8                __vector_18
                0x000003e8                __vector_20
 .text          0x000003ec      0x166 obj\Debug\src\base\timer.o
                0x000004f0                timerDelay100us
                0x000004d6                timerDelay10ms
                0x00000440                __vector_11
                0x000003ec                timerInit
                0x0000050a                timerCalculateKbps
 .text          0x00000552      0x390 obj\Debug\src\base\util.o
                0x00000588                utilWordToHex
                0x000006aa                utilParseNibbleHex
                0x00000610                utilDwordToDec
                0x00000552                utilNibbleToHex
                0x000005ac                utilDwordToHex
                0x000008a0                utilReset
                0x000006de                utilParseByteHex
                0x0000055e                utilByteToHex
                0x00000870                utilParseByteDec
                0x0000073c                utilParseWordHex
                0x0000079c                utilParseDwordHex
                0x000005e2                utilByteToDec
 .text          0x000008e2      0x1f2 obj\Debug\src\bridge.o
                0x000008f6                bridge_loop
 .text          0x00000ad4      0x108 obj\Debug\src\bridge_test.o
                0x00000ad4                bridge_test_loop
 .text          0x00000bdc        0xe obj\Debug\src\cmd.o
                0x00000bdc                cmdProcess
 .text          0x00000bea      0x1ce obj\Debug\src\cmd_table.o
 .text          0x00000db8       0x52 obj\Debug\src\cmdkey_table.o
 .text          0x00000e0a       0xa2 obj\Debug\src\dump.o
                0x00000e0a                dump_eth_pkt
                0x00000e0e                dump_pb_cmd
                0x00000e18                dump_ip_protocol
                0x00000e10                dump_arp_pkt
                0x00000e0c                dump_ip_pkt
                0x00000e7c                dump_line
 .text          0x00000eac        0x0 obj\Debug\src\fuse.o
 .text          0x00000eac       0x7e obj\Debug\src\main.o
                0x00000eac                main
 .text          0x00000f2a       0xce obj\Debug\src\net\arp.o
                0x00000f2a                arp_make_reply
                0x00000fa6                arp_is_ipv4
 .text          0x00000ff8      0x29e obj\Debug\src\net\net.o
                0x00000ff8                net_copy_mac
                0x0000116e                net_parse_mac
                0x000010ae                net_put_long
                0x000010fc                net_compare_ip
                0x000011e0                net_parse_ip
                0x0000104c                net_put_word
                0x000010d0                net_compare_mac
                0x00001256                net_dump_mac
                0x00001038                net_get_word
                0x00001054                net_get_long
                0x00001128                net_dump_ip
                0x00001016                net_copy_ip
 .text          0x00001296      0x102 obj\Debug\src\param.o
                0x000012e2                param_reset
                0x00001296                param_dump
                0x00001362                param_save
                0x00001354                param_init
                0x00001300                param_load
 .text          0x00001398      0x6d2 obj\Debug\src\pb_proto.o
                0x0000146c                pb_proto_handle
                0x000013de                parRequestAmiRead
                0x000013b6                parGetStatusLines
                0x00001398                pb_proto_init
 .text          0x00001a6a      0x19a obj\Debug\src\pb_test.o
                0x00001a6a                pb_test_send_packet
                0x00001a74                pb_test_toggle_auto
                0x00001a94                pb_test_loop
 .text          0x00001c04       0x5c obj\Debug\src\pb_util.o
                0x00001c04                pb_util_handle
 .text          0x00001c60       0x98 obj\Debug\src\pio_test.o
                0x00001c60                pio_test_loop
 .text          0x00001cf8      0x256 obj\Debug\src\pio_util.o
                0x00001d12                pio_util_handle_udp_test
                0x00001dec                pio_util_send_packet
                0x00001eec                pio_util_recv_packet
                0x00001cf8                pio_util_get_init_flags
                0x00001e46                pio_util_handle_arp
 .text          0x00001f4e        0x0 obj\Debug\src\pkt_buf.o
 .text          0x00001f4e       0x1a obj\Debug\src\spi\enc28j60.o
                0x00001f52                enc28j60_exit
                0x00001f4e                enc28j60_init
                0x00001f58                enc28j60_status
                0x00001f54                enc28j60_control
                0x00001f60                enc28j60_recv
                0x00001f64                enc28j60_has_recv
                0x00001f5c                enc28j60_send
 .text          0x00001f68       0x2a obj\Debug\src\spi\spi.o
                0x00001f68                spi_init
 .text          0x00001f92       0x80 obj\Debug\src\stats.o
                0x0000200e                stats_dump_all
                0x00001fbc                stats_update_ok
                0x00002010                stats_dump
                0x00001f92                stats_reset
 .text          0x00002012        0x0 d:/prg/kompilatory/winavr/bin/../lib/gcc/avr/4.3.3/avr5\libgcc.a(_mulsi3.o)
 .text          0x00002012        0x0 d:/prg/kompilatory/winavr/bin/../lib/gcc/avr/4.3.3/avr5\libgcc.a(_udivmodqi4.o)
 .text          0x00002012        0x0 d:/prg/kompilatory/winavr/bin/../lib/gcc/avr/4.3.3/avr5\libgcc.a(_udivmodsi4.o)
 .text          0x00002012        0x0 d:/prg/kompilatory/winavr/bin/../lib/gcc/avr/4.3.3/avr5\libgcc.a(_exit.o)
 .text          0x00002012        0x0 d:/prg/kompilatory/winavr/bin/../lib/gcc/avr/4.3.3/avr5\libgcc.a(_copy_data.o)
 .text          0x00002012        0x0 d:/prg/kompilatory/winavr/bin/../lib/gcc/avr/4.3.3/avr5\libgcc.a(_clear_bss.o)
 .text          0x00002012        0x0 d:/prg/kompilatory/winavr/bin/../lib/gcc/avr/4.3.3/../../../../avr/lib/avr5\libc.a(eerd_block_atmega328p.o)
 .text          0x00002012        0x0 d:/prg/kompilatory/winavr/bin/../lib/gcc/avr/4.3.3/../../../../avr/lib/avr5\libc.a(eerd_word_atmega328p.o)
 .text          0x00002012        0x0 d:/prg/kompilatory/winavr/bin/../lib/gcc/avr/4.3.3/../../../../avr/lib/avr5\libc.a(eewr_block_atmega328p.o)
 .text          0x00002012        0x0 d:/prg/kompilatory/winavr/bin/../lib/gcc/avr/4.3.3/../../../../avr/lib/avr5\libc.a(eewr_byte_atmega328p.o)
 .text          0x00002012        0x0 d:/prg/kompilatory/winavr/bin/../lib/gcc/avr/4.3.3/../../../../avr/lib/avr5\libc.a(eewr_word_atmega328p.o)
                0x00002012                . = ALIGN (0x2)
 *(.text.*)
 .text.libgcc   0x00002012       0x3e d:/prg/kompilatory/winavr/bin/../lib/gcc/avr/4.3.3/avr5\libgcc.a(_mulsi3.o)
                0x00002012                __mulsi3
 .text.libgcc   0x00002050       0x18 d:/prg/kompilatory/winavr/bin/../lib/gcc/avr/4.3.3/avr5\libgcc.a(_udivmodqi4.o)
                0x00002050                __udivmodqi4
 .text.libgcc   0x00002068       0x44 d:/prg/kompilatory/winavr/bin/../lib/gcc/avr/4.3.3/avr5\libgcc.a(_udivmodsi4.o)
                0x00002068                __udivmodsi4
 .text.libgcc   0x000020ac        0x0 d:/prg/kompilatory/winavr/bin/../lib/gcc/avr/4.3.3/avr5\libgcc.a(_exit.o)
 .text.libgcc   0x000020ac        0x0 d:/prg/kompilatory/winavr/bin/../lib/gcc/avr/4.3.3/avr5\libgcc.a(_copy_data.o)
 .text.libgcc   0x000020ac        0x0 d:/prg/kompilatory/winavr/bin/../lib/gcc/avr/4.3.3/avr5\libgcc.a(_clear_bss.o)
 .text.avr-libc
                0x000020ac       0x20 d:/prg/kompilatory/winavr/bin/../lib/gcc/avr/4.3.3/../../../../avr/lib/avr5\libc.a(eerd_block_atmega328p.o)
                0x000020ac                __eerd_block_m328p
                0x000020b0                __eerd_blraw_m328p
 .text.avr-libc
                0x000020cc        0xc d:/prg/kompilatory/winavr/bin/../lib/gcc/avr/4.3.3/../../../../avr/lib/avr5\libc.a(eerd_word_atmega328p.o)
                0x000020cc                __eerd_word_m328p
 .text.avr-libc
                0x000020d8       0x14 d:/prg/kompilatory/winavr/bin/../lib/gcc/avr/4.3.3/../../../../avr/lib/avr5\libc.a(eewr_block_atmega328p.o)
                0x000020d8                __eewr_block_m328p
 .text.avr-libc
                0x000020ec       0x1c d:/prg/kompilatory/winavr/bin/../lib/gcc/avr/4.3.3/../../../../avr/lib/avr5\libc.a(eewr_byte_atmega328p.o)
                0x000020ec                __eewr_byte_m328p
                0x000020ee                __eewr_r18_m328p
 .text.avr-libc
                0x00002108        0xa d:/prg/kompilatory/winavr/bin/../lib/gcc/avr/4.3.3/../../../../avr/lib/avr5\libc.a(eewr_word_atmega328p.o)
                0x00002108                __eewr_word_m328p
                0x00002112                . = ALIGN (0x2)
 *(.fini9)
 .fini9         0x00002112        0x0 d:/prg/kompilatory/winavr/bin/../lib/gcc/avr/4.3.3/avr5\libgcc.a(_exit.o)
                0x00002112                exit
                0x00002112                _exit
 *(.fini9)
 *(.fini8)
 *(.fini8)
 *(.fini7)
 *(.fini7)
 *(.fini6)
 *(.fini6)
 *(.fini5)
 *(.fini5)
 *(.fini4)
 *(.fini4)
 *(.fini3)
 *(.fini3)
 *(.fini2)
 *(.fini2)
 *(.fini1)
 *(.fini1)
 *(.fini0)
 .fini0         0x00002112        0x4 d:/prg/kompilatory/winavr/bin/../lib/gcc/avr/4.3.3/avr5\libgcc.a(_exit.o)
 *(.fini0)
                0x00002116                _etext = .

.data           0x00800100       0x3c load address 0x00002116
                0x00800100                PROVIDE (__data_start, .)
 *(.data)
 .data          0x00800100        0x0 d:/prg/kompilatory/winavr/bin/../lib/gcc/avr/4.3.3/../../../../avr/lib/avr5/crtm328p.o
 .data          0x00800100        0x0 obj\Debug\src\base\timer.o
 .data          0x00800100        0x0 obj\Debug\src\base\util.o
 .data          0x00800100        0x0 obj\Debug\src\bridge.o
 .data          0x00800100        0x0 obj\Debug\src\bridge_test.o
 .data          0x00800100        0x0 obj\Debug\src\cmd.o
 .data          0x00800100        0x0 obj\Debug\src\cmd_table.o
 .data          0x00800100        0x0 obj\Debug\src\cmdkey_table.o
 .data          0x00800100        0x0 obj\Debug\src\dump.o
 .data          0x00800100        0x0 obj\Debug\src\fuse.o
 .data          0x00800100        0x0 obj\Debug\src\main.o
 .data          0x00800100        0x0 obj\Debug\src\net\arp.o
 .data          0x00800100       0x3a obj\Debug\src\net\net.o
                0x00800110                net_ones_ip
                0x0080010c                net_zero_ip
                0x00800106                net_zero_mac
                0x00800100                net_bcast_mac
 .data          0x0080013a        0x0 obj\Debug\src\param.o
 .data          0x0080013a        0x2 obj\Debug\src\pb_proto.o
                0x0080013a                pb_proto_timeout
 .data          0x0080013c        0x0 obj\Debug\src\pb_test.o
 .data          0x0080013c        0x0 obj\Debug\src\pb_util.o
 .data          0x0080013c        0x0 obj\Debug\src\pio_test.o
 .data          0x0080013c        0x0 obj\Debug\src\pio_util.o
 .data          0x0080013c        0x0 obj\Debug\src\pkt_buf.o
 .data          0x0080013c        0x0 obj\Debug\src\spi\enc28j60.o
 .data          0x0080013c        0x0 obj\Debug\src\spi\spi.o
 .data          0x0080013c        0x0 obj\Debug\src\stats.o
 .data          0x0080013c        0x0 d:/prg/kompilatory/winavr/bin/../lib/gcc/avr/4.3.3/avr5\libgcc.a(_mulsi3.o)
 .data          0x0080013c        0x0 d:/prg/kompilatory/winavr/bin/../lib/gcc/avr/4.3.3/avr5\libgcc.a(_udivmodqi4.o)
 .data          0x0080013c        0x0 d:/prg/kompilatory/winavr/bin/../lib/gcc/avr/4.3.3/avr5\libgcc.a(_udivmodsi4.o)
 .data          0x0080013c        0x0 d:/prg/kompilatory/winavr/bin/../lib/gcc/avr/4.3.3/avr5\libgcc.a(_exit.o)
 .data          0x0080013c        0x0 d:/prg/kompilatory/winavr/bin/../lib/gcc/avr/4.3.3/avr5\libgcc.a(_copy_data.o)
 .data          0x0080013c        0x0 d:/prg/kompilatory/winavr/bin/../lib/gcc/avr/4.3.3/avr5\libgcc.a(_clear_bss.o)
 .data          0x0080013c        0x0 d:/prg/kompilatory/winavr/bin/../lib/gcc/avr/4.3.3/../../../../avr/lib/avr5\libc.a(eerd_block_atmega328p.o)
 .data          0x0080013c        0x0 d:/prg/kompilatory/winavr/bin/../lib/gcc/avr/4.3.3/../../../../avr/lib/avr5\libc.a(eerd_word_atmega328p.o)
 .data          0x0080013c        0x0 d:/prg/kompilatory/winavr/bin/../lib/gcc/avr/4.3.3/../../../../avr/lib/avr5\libc.a(eewr_block_atmega328p.o)
 .data          0x0080013c        0x0 d:/prg/kompilatory/winavr/bin/../lib/gcc/avr/4.3.3/../../../../avr/lib/avr5\libc.a(eewr_byte_atmega328p.o)
 .data          0x0080013c        0x0 d:/prg/kompilatory/winavr/bin/../lib/gcc/avr/4.3.3/../../../../avr/lib/avr5\libc.a(eewr_word_atmega328p.o)
 *(.data*)
 *(.rodata)
 *(.rodata*)
 *(.gnu.linkonce.d*)
                0x0080013c                . = ALIGN (0x2)
                0x0080013c                _edata = .
                0x0080013c                PROVIDE (__data_end, .)

.bss            0x0080013c      0x658
                0x0080013c                PROVIDE (__bss_start, .)
 *(.bss)
 .bss           0x0080013c        0x0 d:/prg/kompilatory/winavr/bin/../lib/gcc/avr/4.3.3/../../../../avr/lib/avr5/crtm328p.o
 .bss           0x0080013c        0x2 obj\Debug\src\base\timer.o
 .bss           0x0080013e        0x0 obj\Debug\src\base\util.o
 .bss           0x0080013e        0x2 obj\Debug\src\bridge.o
 .bss           0x00800140        0x2 obj\Debug\src\bridge_test.o
 .bss           0x00800142        0x0 obj\Debug\src\cmd.o
 .bss           0x00800142        0x0 obj\Debug\src\cmd_table.o
 .bss           0x00800142        0x0 obj\Debug\src\cmdkey_table.o
 .bss           0x00800142        0x0 obj\Debug\src\dump.o
 .bss           0x00800142        0x0 obj\Debug\src\fuse.o
 .bss           0x00800142        0x2 obj\Debug\src\main.o
                0x00800142                run_mode
                0x00800143                global_verbose
 .bss           0x00800144        0x0 obj\Debug\src\net\arp.o
 .bss           0x00800144        0x0 obj\Debug\src\net\net.o
 .bss           0x00800144        0x0 obj\Debug\src\param.o
 .bss           0x00800144        0x8 obj\Debug\src\pb_proto.o
 .bss           0x0080014c        0x3 obj\Debug\src\pb_test.o
 .bss           0x0080014f        0x0 obj\Debug\src\pb_util.o
 .bss           0x0080014f        0x0 obj\Debug\src\pio_test.o
 .bss           0x0080014f        0x0 obj\Debug\src\pio_util.o
 .bss           0x0080014f        0x0 obj\Debug\src\pkt_buf.o
 .bss           0x0080014f        0x0 obj\Debug\src\spi\enc28j60.o
 .bss           0x0080014f        0x0 obj\Debug\src\spi\spi.o
 .bss           0x0080014f        0x0 obj\Debug\src\stats.o
 .bss           0x0080014f        0x0 d:/prg/kompilatory/winavr/bin/../lib/gcc/avr/4.3.3/avr5\libgcc.a(_mulsi3.o)
 .bss           0x0080014f        0x0 d:/prg/kompilatory/winavr/bin/../lib/gcc/avr/4.3.3/avr5\libgcc.a(_udivmodqi4.o)
 .bss           0x0080014f        0x0 d:/prg/kompilatory/winavr/bin/../lib/gcc/avr/4.3.3/avr5\libgcc.a(_udivmodsi4.o)
 .bss           0x0080014f        0x0 d:/prg/kompilatory/winavr/bin/../lib/gcc/avr/4.3.3/avr5\libgcc.a(_exit.o)
 .bss           0x0080014f        0x0 d:/prg/kompilatory/winavr/bin/../lib/gcc/avr/4.3.3/avr5\libgcc.a(_copy_data.o)
 .bss           0x0080014f        0x0 d:/prg/kompilatory/winavr/bin/../lib/gcc/avr/4.3.3/avr5\libgcc.a(_clear_bss.o)
 .bss           0x0080014f        0x0 d:/prg/kompilatory/winavr/bin/../lib/gcc/avr/4.3.3/../../../../avr/lib/avr5\libc.a(eerd_block_atmega328p.o)
 .bss           0x0080014f        0x0 d:/prg/kompilatory/winavr/bin/../lib/gcc/avr/4.3.3/../../../../avr/lib/avr5\libc.a(eerd_word_atmega328p.o)
 .bss           0x0080014f        0x0 d:/prg/kompilatory/winavr/bin/../lib/gcc/avr/4.3.3/../../../../avr/lib/avr5\libc.a(eewr_block_atmega328p.o)
 .bss           0x0080014f        0x0 d:/prg/kompilatory/winavr/bin/../lib/gcc/avr/4.3.3/../../../../avr/lib/avr5\libc.a(eewr_byte_atmega328p.o)
 .bss           0x0080014f        0x0 d:/prg/kompilatory/winavr/bin/../lib/gcc/avr/4.3.3/../../../../avr/lib/avr5\libc.a(eewr_word_atmega328p.o)
 *(.bss*)
 *(COMMON)
 COMMON         0x0080014f        0x8 obj\Debug\src\base\timer.o
                0x0080014f                g_uwTimer10ms
                0x00800151                g_uwTimer100us
                0x00800153                g_uwTimeStamp
 COMMON         0x00800157       0x13 obj\Debug\src\param.o
                0x00800157                param
 COMMON         0x0080016a       0x10 obj\Debug\src\pb_proto.o
                0x0080016a                pb_proto_stat
 COMMON         0x0080017a      0x5ea obj\Debug\src\pkt_buf.o
                0x0080017a                g_pDataBuffer
 COMMON         0x00800764       0x30 obj\Debug\src\stats.o
                0x00800764                stats
                0x00800794                PROVIDE (__bss_end, .)
                0x00002116                __data_load_start = LOADADDR (.data)
                0x00002152                __data_load_end = (__data_load_start + SIZEOF (.data))

.noinit         0x00800794        0x0
                0x00800794                PROVIDE (__noinit_start, .)
 *(.noinit*)
                0x00800794                PROVIDE (__noinit_end, .)
                0x00800794                _end = .
                0x00800794                PROVIDE (__heap_start, .)

.eeprom         0x00810000       0x15
 *(.eeprom*)
 .eeprom        0x00810000       0x15 obj\Debug\src\param.o
                0x00810013                eeprom_crc16
                0x00810000                eeprom_param
                0x00810015                __eeprom_end = .

.fuse           0x00820000        0x3
 *(.fuse)
 .fuse          0x00820000        0x3 obj\Debug\src\fuse.o
                0x00820000                __fuse
 *(.lfuse)
 *(.hfuse)
 *(.efuse)

.lock
 *(.lock*)

.signature
 *(.signature*)

.stab
 *(.stab)

.stabstr
 *(.stabstr)

.stab.excl
 *(.stab.excl)

.stab.exclstr
 *(.stab.exclstr)

.stab.index
 *(.stab.index)

.stab.indexstr
 *(.stab.indexstr)

.comment
 *(.comment)

.debug
 *(.debug)

.line
 *(.line)

.debug_srcinfo
 *(.debug_srcinfo)

.debug_sfnames
 *(.debug_sfnames)

.debug_aranges  0x00000000      0x280
 *(.debug_aranges)
 .debug_aranges
                0x00000000       0x20 obj\Debug\src\base\timer.o
 .debug_aranges
                0x00000020       0x20 obj\Debug\src\base\util.o
 .debug_aranges
                0x00000040       0x20 obj\Debug\src\bridge.o
 .debug_aranges
                0x00000060       0x20 obj\Debug\src\bridge_test.o
 .debug_aranges
                0x00000080       0x20 obj\Debug\src\cmd.o
 .debug_aranges
                0x000000a0       0x20 obj\Debug\src\cmd_table.o
 .debug_aranges
                0x000000c0       0x20 obj\Debug\src\cmdkey_table.o
 .debug_aranges
                0x000000e0       0x20 obj\Debug\src\dump.o
 .debug_aranges
                0x00000100       0x20 obj\Debug\src\main.o
 .debug_aranges
                0x00000120       0x20 obj\Debug\src\net\arp.o
 .debug_aranges
                0x00000140       0x20 obj\Debug\src\net\net.o
 .debug_aranges
                0x00000160       0x20 obj\Debug\src\param.o
 .debug_aranges
                0x00000180       0x20 obj\Debug\src\pb_proto.o
 .debug_aranges
                0x000001a0       0x20 obj\Debug\src\pb_test.o
 .debug_aranges
                0x000001c0       0x20 obj\Debug\src\pb_util.o
 .debug_aranges
                0x000001e0       0x20 obj\Debug\src\pio_test.o
 .debug_aranges
                0x00000200       0x20 obj\Debug\src\pio_util.o
 .debug_aranges
                0x00000220       0x20 obj\Debug\src\spi\enc28j60.o
 .debug_aranges
                0x00000240       0x20 obj\Debug\src\spi\spi.o
 .debug_aranges
                0x00000260       0x20 obj\Debug\src\stats.o

.debug_pubnames
                0x00000000      0x7fb
 *(.debug_pubnames)
 .debug_pubnames
                0x00000000       0xa5 obj\Debug\src\base\timer.o
 .debug_pubnames
                0x000000a5       0xfc obj\Debug\src\base\util.o
 .debug_pubnames
                0x000001a1       0x22 obj\Debug\src\bridge.o
 .debug_pubnames
                0x000001c3       0x27 obj\Debug\src\bridge_test.o
 .debug_pubnames
                0x000001ea       0x21 obj\Debug\src\cmd.o
 .debug_pubnames
                0x0000020b       0x20 obj\Debug\src\cmd_table.o
 .debug_pubnames
                0x0000022b       0x23 obj\Debug\src\cmdkey_table.o
 .debug_pubnames
                0x0000024e       0x77 obj\Debug\src\dump.o
 .debug_pubnames
                0x000002c5       0x1d obj\Debug\src\fuse.o
 .debug_pubnames
                0x000002e2       0x3b obj\Debug\src\main.o
 .debug_pubnames
                0x0000031d       0x35 obj\Debug\src\net\arp.o
 .debug_pubnames
                0x00000352      0x125 obj\Debug\src\net\net.o
 .debug_pubnames
                0x00000477       0x8a obj\Debug\src\param.o
 .debug_pubnames
                0x00000501       0x8b obj\Debug\src\pb_proto.o
 .debug_pubnames
                0x0000058c       0x53 obj\Debug\src\pb_test.o
 .debug_pubnames
                0x000005df       0x25 obj\Debug\src\pb_util.o
 .debug_pubnames
                0x00000604       0x24 obj\Debug\src\pio_test.o
 .debug_pubnames
                0x00000628       0x95 obj\Debug\src\pio_util.o
 .debug_pubnames
                0x000006bd       0x24 obj\Debug\src\pkt_buf.o
 .debug_pubnames
                0x000006e1       0x99 obj\Debug\src\spi\enc28j60.o
 .debug_pubnames
                0x0000077a       0x1f obj\Debug\src\spi\spi.o
 .debug_pubnames
                0x00000799       0x62 obj\Debug\src\stats.o

.debug_info     0x00000000     0x4949
 *(.debug_info)
 .debug_info    0x00000000      0x1a3 obj\Debug\src\base\timer.o
 .debug_info    0x000001a3      0x42d obj\Debug\src\base\util.o
 .debug_info    0x000005d0      0x48a obj\Debug\src\bridge.o
 .debug_info    0x00000a5a      0x2cc obj\Debug\src\bridge_test.o
 .debug_info    0x00000d26      0x125 obj\Debug\src\cmd.o
 .debug_info    0x00000e4b      0xa1a obj\Debug\src\cmd_table.o
 .debug_info    0x00001865      0x3da obj\Debug\src\cmdkey_table.o
 .debug_info    0x00001c3f      0x5a9 obj\Debug\src\dump.o
 .debug_info    0x000021e8       0xae obj\Debug\src\fuse.o
 .debug_info    0x00002296       0xda obj\Debug\src\main.o
 .debug_info    0x00002370      0x1a9 obj\Debug\src\net\arp.o
 .debug_info    0x00002519      0x483 obj\Debug\src\net\net.o
 .debug_info    0x0000299c      0x382 obj\Debug\src\param.o
 .debug_info    0x00002d1e      0x7a9 obj\Debug\src\pb_proto.o
 .debug_info    0x000034c7      0x478 obj\Debug\src\pb_test.o
 .debug_info    0x0000393f      0x21d obj\Debug\src\pb_util.o
 .debug_info    0x00003b5c      0x20d obj\Debug\src\pio_test.o
 .debug_info    0x00003d69      0x62d obj\Debug\src\pio_util.o
 .debug_info    0x00004396       0x8f obj\Debug\src\pkt_buf.o
 .debug_info    0x00004425      0x294 obj\Debug\src\spi\enc28j60.o
 .debug_info    0x000046b9       0x72 obj\Debug\src\spi\spi.o
 .debug_info    0x0000472b      0x21e obj\Debug\src\stats.o
 *(.gnu.linkonce.wi.*)

.debug_abbrev   0x00000000     0x18ae
 *(.debug_abbrev)
 .debug_abbrev  0x00000000       0xd5 obj\Debug\src\base\timer.o
 .debug_abbrev  0x000000d5      0x11b obj\Debug\src\base\util.o
 .debug_abbrev  0x000001f0      0x1d4 obj\Debug\src\bridge.o
 .debug_abbrev  0x000003c4      0x109 obj\Debug\src\bridge_test.o
 .debug_abbrev  0x000004cd       0xbb obj\Debug\src\cmd.o
 .debug_abbrev  0x00000588      0x15e obj\Debug\src\cmd_table.o
 .debug_abbrev  0x000006e6       0xe7 obj\Debug\src\cmdkey_table.o
 .debug_abbrev  0x000007cd      0x17c obj\Debug\src\dump.o
 .debug_abbrev  0x00000949       0x73 obj\Debug\src\fuse.o
 .debug_abbrev  0x000009bc       0xa0 obj\Debug\src\main.o
 .debug_abbrev  0x00000a5c       0xdf obj\Debug\src\net\arp.o
 .debug_abbrev  0x00000b3b      0x138 obj\Debug\src\net\net.o
 .debug_abbrev  0x00000c73      0x19a obj\Debug\src\param.o
 .debug_abbrev  0x00000e0d      0x2e2 obj\Debug\src\pb_proto.o
 .debug_abbrev  0x000010ef      0x17f obj\Debug\src\pb_test.o
 .debug_abbrev  0x0000126e      0x10b obj\Debug\src\pb_util.o
 .debug_abbrev  0x00001379       0xe6 obj\Debug\src\pio_test.o
 .debug_abbrev  0x0000145f      0x190 obj\Debug\src\pio_util.o
 .debug_abbrev  0x000015ef       0x63 obj\Debug\src\pkt_buf.o
 .debug_abbrev  0x00001652       0xd1 obj\Debug\src\spi\enc28j60.o
 .debug_abbrev  0x00001723       0x3f obj\Debug\src\spi\spi.o
 .debug_abbrev  0x00001762      0x14c obj\Debug\src\stats.o

.debug_line     0x00000000     0x2b62
 *(.debug_line)
 .debug_line    0x00000000      0x1a2 obj\Debug\src\base\timer.o
 .debug_line    0x000001a2      0x346 obj\Debug\src\base\util.o
 .debug_line    0x000004e8      0x2e9 obj\Debug\src\bridge.o
 .debug_line    0x000007d1      0x1dd obj\Debug\src\bridge_test.o
 .debug_line    0x000009ae       0xd0 obj\Debug\src\cmd.o
 .debug_line    0x00000a7e      0x2cd obj\Debug\src\cmd_table.o
 .debug_line    0x00000d4b      0x1b5 obj\Debug\src\cmdkey_table.o
 .debug_line    0x00000f00      0x216 obj\Debug\src\dump.o
 .debug_line    0x00001116       0x8e obj\Debug\src\fuse.o
 .debug_line    0x000011a4      0x158 obj\Debug\src\main.o
 .debug_line    0x000012fc      0x11c obj\Debug\src\net\arp.o
 .debug_line    0x00001418      0x29b obj\Debug\src\net\net.o
 .debug_line    0x000016b3      0x200 obj\Debug\src\param.o
 .debug_line    0x000018b3      0x749 obj\Debug\src\pb_proto.o
 .debug_line    0x00001ffc      0x2bd obj\Debug\src\pb_test.o
 .debug_line    0x000022b9      0x116 obj\Debug\src\pb_util.o
 .debug_line    0x000023cf      0x134 obj\Debug\src\pio_test.o
 .debug_line    0x00002503      0x2d4 obj\Debug\src\pio_util.o
 .debug_line    0x000027d7       0x8f obj\Debug\src\pkt_buf.o
 .debug_line    0x00002866      0x107 obj\Debug\src\spi\enc28j60.o
 .debug_line    0x0000296d       0x8f obj\Debug\src\spi\spi.o
 .debug_line    0x000029fc      0x166 obj\Debug\src\stats.o

.debug_frame    0x00000000      0x7e0
 *(.debug_frame)
 .debug_frame   0x00000000       0x60 obj\Debug\src\base\timer.o
 .debug_frame   0x00000060       0xd0 obj\Debug\src\base\util.o
 .debug_frame   0x00000130       0x50 obj\Debug\src\bridge.o
 .debug_frame   0x00000180       0x40 obj\Debug\src\bridge_test.o
 .debug_frame   0x000001c0       0x20 obj\Debug\src\cmd.o
 .debug_frame   0x000001e0       0xe0 obj\Debug\src\cmd_table.o
 .debug_frame   0x000002c0       0xb0 obj\Debug\src\cmdkey_table.o
 .debug_frame   0x00000370       0x70 obj\Debug\src\dump.o
 .debug_frame   0x000003e0       0x20 obj\Debug\src\main.o
 .debug_frame   0x00000400       0x30 obj\Debug\src\net\arp.o
 .debug_frame   0x00000430       0xd0 obj\Debug\src\net\net.o
 .debug_frame   0x00000500       0x70 obj\Debug\src\param.o
 .debug_frame   0x00000570       0x60 obj\Debug\src\pb_proto.o
 .debug_frame   0x000005d0       0x60 obj\Debug\src\pb_test.o
 .debug_frame   0x00000630       0x20 obj\Debug\src\pb_util.o
 .debug_frame   0x00000650       0x20 obj\Debug\src\pio_test.o
 .debug_frame   0x00000670       0x60 obj\Debug\src\pio_util.o
 .debug_frame   0x000006d0       0x80 obj\Debug\src\spi\enc28j60.o
 .debug_frame   0x00000750       0x20 obj\Debug\src\spi\spi.o
 .debug_frame   0x00000770       0x70 obj\Debug\src\stats.o

.debug_str      0x00000000     0x12da
 *(.debug_str)
 .debug_str     0x00000000      0x116 obj\Debug\src\base\timer.o
                                0x155 (size before relaxing)
 .debug_str     0x00000116      0x11d obj\Debug\src\base\util.o
                                0x1cb (size before relaxing)
 .debug_str     0x00000233      0x1ce obj\Debug\src\bridge.o
                                0x2c9 (size before relaxing)
 .debug_str     0x00000401       0x42 obj\Debug\src\bridge_test.o
                                0x1d2 (size before relaxing)
 .debug_str     0x00000443       0x7c obj\Debug\src\cmd.o
                                0x138 (size before relaxing)
 .debug_str     0x000004bf      0x37e obj\Debug\src\cmd_table.o
                                0x502 (size before relaxing)
 .debug_str     0x0000083d      0x22e obj\Debug\src\cmdkey_table.o
                                0x31c (size before relaxing)
 .debug_str     0x00000a6b      0x163 obj\Debug\src\dump.o
                                0x292 (size before relaxing)
 .debug_str     0x00000bce       0x29 obj\Debug\src\fuse.o
                                 0xb9 (size before relaxing)
 .debug_str     0x00000bf7       0x17 obj\Debug\src\main.o
                                 0xd4 (size before relaxing)
 .debug_str     0x00000c0e       0x56 obj\Debug\src\net\arp.o
                                0x12a (size before relaxing)
 .debug_str     0x00000c64       0xbd obj\Debug\src\net\net.o
                                0x1b9 (size before relaxing)
 .debug_str     0x00000d21       0x8c obj\Debug\src\param.o
                                0x1f5 (size before relaxing)
 .debug_str     0x00000dad      0x21d obj\Debug\src\pb_proto.o
                                0x390 (size before relaxing)
 .debug_str     0x00000fca       0x86 obj\Debug\src\pb_test.o
                                0x280 (size before relaxing)
 .debug_str     0x00001050       0x27 obj\Debug\src\pb_util.o
                                0x153 (size before relaxing)
 .debug_str     0x00001077       0x1d obj\Debug\src\pio_test.o
                                0x15e (size before relaxing)
 .debug_str     0x00001094      0x10a obj\Debug\src\pio_util.o
                                0x35a (size before relaxing)
 .debug_str     0x0000119e        0xe obj\Debug\src\pkt_buf.o
                                 0xb4 (size before relaxing)
 .debug_str     0x000011ac       0xe0 obj\Debug\src\spi\enc28j60.o
                                0x1ab (size before relaxing)
 .debug_str     0x0000128c       0x17 obj\Debug\src\spi\spi.o
                                 0xa7 (size before relaxing)
 .debug_str     0x000012a3       0x37 obj\Debug\src\stats.o
                                0x12e (size before relaxing)

.debug_loc      0x00000000     0x1b9f
 *(.debug_loc)
 .debug_loc     0x00000000       0xfe obj\Debug\src\base\timer.o
 .debug_loc     0x000000fe      0x5b7 obj\Debug\src\base\util.o
 .debug_loc     0x000006b5       0xf7 obj\Debug\src\bridge.o
 .debug_loc     0x000007ac       0x98 obj\Debug\src\bridge_test.o
 .debug_loc     0x00000844       0x18 obj\Debug\src\cmd.o
 .debug_loc     0x0000085c      0x403 obj\Debug\src\cmd_table.o
 .debug_loc     0x00000c5f      0x121 obj\Debug\src\dump.o
 .debug_loc     0x00000d80      0x108 obj\Debug\src\net\arp.o
 .debug_loc     0x00000e88      0x2d3 obj\Debug\src\net\net.o
 .debug_loc     0x0000115b       0x9b obj\Debug\src\param.o
 .debug_loc     0x000011f6      0x65d obj\Debug\src\pb_proto.o
 .debug_loc     0x00001853       0xac obj\Debug\src\pb_test.o
 .debug_loc     0x000018ff       0x3f obj\Debug\src\pb_util.o
 .debug_loc     0x0000193e      0x19c obj\Debug\src\pio_util.o
 .debug_loc     0x00001ada       0x6e obj\Debug\src\spi\enc28j60.o
 .debug_loc     0x00001b48       0x57 obj\Debug\src\stats.o

.debug_macinfo
 *(.debug_macinfo)
OUTPUT(bin\Debug\plipUltimate.elf elf32-avr)
LOAD linker stubs

.debug_ranges   0x00000000      0x160
 .debug_ranges  0x00000000       0x18 obj\Debug\src\base\util.o
 .debug_ranges  0x00000018       0x30 obj\Debug\src\bridge.o
 .debug_ranges  0x00000048       0x18 obj\Debug\src\bridge_test.o
 .debug_ranges  0x00000060       0x30 obj\Debug\src\net\net.o
 .debug_ranges  0x00000090       0xa0 obj\Debug\src\pb_proto.o
 .debug_ranges  0x00000130       0x18 obj\Debug\src\pb_test.o
 .debug_ranges  0x00000148       0x18 obj\Debug\src\pio_test.o

Cross Reference Table

Symbol                                            File
__bad_interrupt                                   d:/prg/kompilatory/winavr/bin/../lib/gcc/avr/4.3.3/../../../../avr/lib/avr5/crtm328p.o
__bss_end                                         d:/prg/kompilatory/winavr/bin/../lib/gcc/avr/4.3.3/avr5\libgcc.a(_clear_bss.o)
__bss_start                                       d:/prg/kompilatory/winavr/bin/../lib/gcc/avr/4.3.3/avr5\libgcc.a(_clear_bss.o)
__data_end                                        d:/prg/kompilatory/winavr/bin/../lib/gcc/avr/4.3.3/avr5\libgcc.a(_copy_data.o)
__data_load_start                                 d:/prg/kompilatory/winavr/bin/../lib/gcc/avr/4.3.3/avr5\libgcc.a(_copy_data.o)
__data_start                                      d:/prg/kompilatory/winavr/bin/../lib/gcc/avr/4.3.3/avr5\libgcc.a(_copy_data.o)
__do_clear_bss                                    d:/prg/kompilatory/winavr/bin/../lib/gcc/avr/4.3.3/avr5\libgcc.a(_clear_bss.o)
                                                  obj\Debug\src\stats.o
                                                  obj\Debug\src\pkt_buf.o
                                                  obj\Debug\src\pb_test.o
                                                  obj\Debug\src\pb_proto.o
                                                  obj\Debug\src\param.o
                                                  obj\Debug\src\main.o
                                                  obj\Debug\src\bridge_test.o
                                                  obj\Debug\src\bridge.o
                                                  obj\Debug\src\base\timer.o
__do_copy_data                                    d:/prg/kompilatory/winavr/bin/../lib/gcc/avr/4.3.3/avr5\libgcc.a(_copy_data.o)
                                                  obj\Debug\src\pb_proto.o
                                                  obj\Debug\src\net\net.o
__eerd_block_m328p                                d:/prg/kompilatory/winavr/bin/../lib/gcc/avr/4.3.3/../../../../avr/lib/avr5\libc.a(eerd_block_atmega328p.o)
                                                  obj\Debug\src\param.o
__eerd_blraw_m328p                                d:/prg/kompilatory/winavr/bin/../lib/gcc/avr/4.3.3/../../../../avr/lib/avr5\libc.a(eerd_block_atmega328p.o)
                                                  d:/prg/kompilatory/winavr/bin/../lib/gcc/avr/4.3.3/../../../../avr/lib/avr5\libc.a(eerd_word_atmega328p.o)
__eerd_word_m328p                                 d:/prg/kompilatory/winavr/bin/../lib/gcc/avr/4.3.3/../../../../avr/lib/avr5\libc.a(eerd_word_atmega328p.o)
                                                  obj\Debug\src\param.o
__eewr_block_m328p                                d:/prg/kompilatory/winavr/bin/../lib/gcc/avr/4.3.3/../../../../avr/lib/avr5\libc.a(eewr_block_atmega328p.o)
                                                  obj\Debug\src\param.o
__eewr_byte_m328p                                 d:/prg/kompilatory/winavr/bin/../lib/gcc/avr/4.3.3/../../../../avr/lib/avr5\libc.a(eewr_byte_atmega328p.o)
                                                  d:/prg/kompilatory/winavr/bin/../lib/gcc/avr/4.3.3/../../../../avr/lib/avr5\libc.a(eewr_word_atmega328p.o)
__eewr_r18_m328p                                  d:/prg/kompilatory/winavr/bin/../lib/gcc/avr/4.3.3/../../../../avr/lib/avr5\libc.a(eewr_byte_atmega328p.o)
                                                  d:/prg/kompilatory/winavr/bin/../lib/gcc/avr/4.3.3/../../../../avr/lib/avr5\libc.a(eewr_word_atmega328p.o)
                                                  d:/prg/kompilatory/winavr/bin/../lib/gcc/avr/4.3.3/../../../../avr/lib/avr5\libc.a(eewr_block_atmega328p.o)
__eewr_word_m328p                                 d:/prg/kompilatory/winavr/bin/../lib/gcc/avr/4.3.3/../../../../avr/lib/avr5\libc.a(eewr_word_atmega328p.o)
                                                  obj\Debug\src\param.o
__fuse                                            obj\Debug\src\fuse.o
__heap_end                                        d:/prg/kompilatory/winavr/bin/../lib/gcc/avr/4.3.3/../../../../avr/lib/avr5/crtm328p.o
__init                                            d:/prg/kompilatory/winavr/bin/../lib/gcc/avr/4.3.3/../../../../avr/lib/avr5/crtm328p.o
__mulsi3                                          d:/prg/kompilatory/winavr/bin/../lib/gcc/avr/4.3.3/avr5\libgcc.a(_mulsi3.o)
                                                  obj\Debug\src\base\timer.o
__stack                                           d:/prg/kompilatory/winavr/bin/../lib/gcc/avr/4.3.3/../../../../avr/lib/avr5/crtm328p.o
__udivmodqi4                                      d:/prg/kompilatory/winavr/bin/../lib/gcc/avr/4.3.3/avr5\libgcc.a(_udivmodqi4.o)
                                                  obj\Debug\src\base\util.o
__udivmodsi4                                      d:/prg/kompilatory/winavr/bin/../lib/gcc/avr/4.3.3/avr5\libgcc.a(_udivmodsi4.o)
                                                  obj\Debug\src\base\util.o
                                                  obj\Debug\src\base\timer.o
__vector_1                                        d:/prg/kompilatory/winavr/bin/../lib/gcc/avr/4.3.3/../../../../avr/lib/avr5/crtm328p.o
__vector_10                                       d:/prg/kompilatory/winavr/bin/../lib/gcc/avr/4.3.3/../../../../avr/lib/avr5/crtm328p.o
__vector_11                                       obj\Debug\src\base\timer.o
                                                  d:/prg/kompilatory/winavr/bin/../lib/gcc/avr/4.3.3/../../../../avr/lib/avr5/crtm328p.o
__vector_12                                       d:/prg/kompilatory/winavr/bin/../lib/gcc/avr/4.3.3/../../../../avr/lib/avr5/crtm328p.o
__vector_13                                       d:/prg/kompilatory/winavr/bin/../lib/gcc/avr/4.3.3/../../../../avr/lib/avr5/crtm328p.o
__vector_14                                       d:/prg/kompilatory/winavr/bin/../lib/gcc/avr/4.3.3/../../../../avr/lib/avr5/crtm328p.o
__vector_15                                       d:/prg/kompilatory/winavr/bin/../lib/gcc/avr/4.3.3/../../../../avr/lib/avr5/crtm328p.o
__vector_16                                       d:/prg/kompilatory/winavr/bin/../lib/gcc/avr/4.3.3/../../../../avr/lib/avr5/crtm328p.o
__vector_17                                       d:/prg/kompilatory/winavr/bin/../lib/gcc/avr/4.3.3/../../../../avr/lib/avr5/crtm328p.o
__vector_18                                       d:/prg/kompilatory/winavr/bin/../lib/gcc/avr/4.3.3/../../../../avr/lib/avr5/crtm328p.o
__vector_19                                       d:/prg/kompilatory/winavr/bin/../lib/gcc/avr/4.3.3/../../../../avr/lib/avr5/crtm328p.o
__vector_2                                        d:/prg/kompilatory/winavr/bin/../lib/gcc/avr/4.3.3/../../../../avr/lib/avr5/crtm328p.o
__vector_20                                       d:/prg/kompilatory/winavr/bin/../lib/gcc/avr/4.3.3/../../../../avr/lib/avr5/crtm328p.o
__vector_21                                       d:/prg/kompilatory/winavr/bin/../lib/gcc/avr/4.3.3/../../../../avr/lib/avr5/crtm328p.o
__vector_22                                       d:/prg/kompilatory/winavr/bin/../lib/gcc/avr/4.3.3/../../../../avr/lib/avr5/crtm328p.o
__vector_23                                       d:/prg/kompilatory/winavr/bin/../lib/gcc/avr/4.3.3/../../../../avr/lib/avr5/crtm328p.o
__vector_24                                       d:/prg/kompilatory/winavr/bin/../lib/gcc/avr/4.3.3/../../../../avr/lib/avr5/crtm328p.o
__vector_25                                       d:/prg/kompilatory/winavr/bin/../lib/gcc/avr/4.3.3/../../../../avr/lib/avr5/crtm328p.o
__vector_3                                        d:/prg/kompilatory/winavr/bin/../lib/gcc/avr/4.3.3/../../../../avr/lib/avr5/crtm328p.o
__vector_4                                        d:/prg/kompilatory/winavr/bin/../lib/gcc/avr/4.3.3/../../../../avr/lib/avr5/crtm328p.o
__vector_5                                        d:/prg/kompilatory/winavr/bin/../lib/gcc/avr/4.3.3/../../../../avr/lib/avr5/crtm328p.o
__vector_6                                        d:/prg/kompilatory/winavr/bin/../lib/gcc/avr/4.3.3/../../../../avr/lib/avr5/crtm328p.o
__vector_7                                        d:/prg/kompilatory/winavr/bin/../lib/gcc/avr/4.3.3/../../../../avr/lib/avr5/crtm328p.o
__vector_8                                        d:/prg/kompilatory/winavr/bin/../lib/gcc/avr/4.3.3/../../../../avr/lib/avr5/crtm328p.o
__vector_9                                        d:/prg/kompilatory/winavr/bin/../lib/gcc/avr/4.3.3/../../../../avr/lib/avr5/crtm328p.o
__vector_default                                  d:/prg/kompilatory/winavr/bin/../lib/gcc/avr/4.3.3/../../../../avr/lib/avr5/crtm328p.o
__vectors                                         d:/prg/kompilatory/winavr/bin/../lib/gcc/avr/4.3.3/../../../../avr/lib/avr5/crtm328p.o
_exit                                             d:/prg/kompilatory/winavr/bin/../lib/gcc/avr/4.3.3/avr5\libgcc.a(_exit.o)
arp_is_ipv4                                       obj\Debug\src\net\arp.o
                                                  obj\Debug\src\pio_util.o
arp_make_reply                                    obj\Debug\src\net\arp.o
                                                  obj\Debug\src\pio_util.o
bridge_loop                                       obj\Debug\src\bridge.o
                                                  obj\Debug\src\main.o
bridge_test_loop                                  obj\Debug\src\bridge_test.o
                                                  obj\Debug\src\main.o
cmdProcess                                        obj\Debug\src\cmd.o
                                                  obj\Debug\src\bridge.o
cmd_table                                         obj\Debug\src\cmd_table.o
cmdkey_table                                      obj\Debug\src\cmdkey_table.o
dump_arp_pkt                                      obj\Debug\src\dump.o
dump_eth_pkt                                      obj\Debug\src\dump.o
dump_ip_pkt                                       obj\Debug\src\dump.o
dump_ip_protocol                                  obj\Debug\src\dump.o
dump_line                                         obj\Debug\src\dump.o
dump_pb_cmd                                       obj\Debug\src\dump.o
                                                  obj\Debug\src\pb_util.o
                                                  obj\Debug\src\pb_test.o
eeprom_crc16                                      obj\Debug\src\param.o
eeprom_param                                      obj\Debug\src\param.o
enc28j60_control                                  obj\Debug\src\spi\enc28j60.o
                                                  obj\Debug\src\bridge.o
enc28j60_exit                                     obj\Debug\src\spi\enc28j60.o
                                                  obj\Debug\src\pio_test.o
                                                  obj\Debug\src\bridge_test.o
                                                  obj\Debug\src\bridge.o
enc28j60_has_recv                                 obj\Debug\src\spi\enc28j60.o
                                                  obj\Debug\src\pio_test.o
                                                  obj\Debug\src\bridge_test.o
                                                  obj\Debug\src\bridge.o
enc28j60_init                                     obj\Debug\src\spi\enc28j60.o
                                                  obj\Debug\src\pio_test.o
                                                  obj\Debug\src\bridge_test.o
                                                  obj\Debug\src\bridge.o
enc28j60_recv                                     obj\Debug\src\spi\enc28j60.o
                                                  obj\Debug\src\pio_util.o
enc28j60_send                                     obj\Debug\src\spi\enc28j60.o
                                                  obj\Debug\src\pio_util.o
enc28j60_status                                   obj\Debug\src\spi\enc28j60.o
exit                                              d:/prg/kompilatory/winavr/bin/../lib/gcc/avr/4.3.3/avr5\libgcc.a(_exit.o)
                                                  d:/prg/kompilatory/winavr/bin/../lib/gcc/avr/4.3.3/../../../../avr/lib/avr5/crtm328p.o
g_pDataBuffer                                     obj\Debug\src\pkt_buf.o
                                                  obj\Debug\src\pio_util.o
                                                  obj\Debug\src\pb_test.o
                                                  obj\Debug\src\pb_proto.o
                                                  obj\Debug\src\cmd.o
                                                  obj\Debug\src\bridge_test.o
                                                  obj\Debug\src\bridge.o
g_uwTimeStamp                                     obj\Debug\src\pb_proto.o
                                                  obj\Debug\src\base\timer.o
g_uwTimer100us                                    obj\Debug\src\pb_proto.o
                                                  obj\Debug\src\base\timer.o
g_uwTimer10ms                                     obj\Debug\src\base\timer.o
global_verbose                                    obj\Debug\src\main.o
                                                  obj\Debug\src\pb_util.o
                                                  obj\Debug\src\cmdkey_table.o
main                                              obj\Debug\src\main.o
                                                  d:/prg/kompilatory/winavr/bin/../lib/gcc/avr/4.3.3/../../../../avr/lib/avr5/crtm328p.o
net_bcast_mac                                     obj\Debug\src\net\net.o
                                                  obj\Debug\src\pio_util.o
                                                  obj\Debug\src\pb_test.o
                                                  obj\Debug\src\bridge.o
net_compare_ip                                    obj\Debug\src\net\net.o
                                                  obj\Debug\src\pio_util.o
net_compare_mac                                   obj\Debug\src\net\net.o
                                                  obj\Debug\src\pb_test.o
                                                  obj\Debug\src\bridge.o
net_copy_ip                                       obj\Debug\src\net\net.o
                                                  obj\Debug\src\pio_util.o
                                                  obj\Debug\src\net\arp.o
                                                  obj\Debug\src\cmd_table.o
net_copy_mac                                      obj\Debug\src\net\net.o
                                                  obj\Debug\src\pio_util.o
                                                  obj\Debug\src\pb_test.o
                                                  obj\Debug\src\net\arp.o
                                                  obj\Debug\src\cmd_table.o
                                                  obj\Debug\src\bridge.o
net_dump_ip                                       obj\Debug\src\net\net.o
net_dump_mac                                      obj\Debug\src\net\net.o
net_get_long                                      obj\Debug\src\net\net.o
                                                  obj\Debug\src\dump.o
net_get_word                                      obj\Debug\src\net\net.o
                                                  obj\Debug\src\pio_util.o
                                                  obj\Debug\src\net\arp.o
                                                  obj\Debug\src\dump.o
                                                  obj\Debug\src\bridge_test.o
                                                  obj\Debug\src\bridge.o
net_ones_ip                                       obj\Debug\src\net\net.o
net_parse_ip                                      obj\Debug\src\net\net.o
                                                  obj\Debug\src\cmd_table.o
net_parse_mac                                     obj\Debug\src\net\net.o
                                                  obj\Debug\src\cmd_table.o
net_put_long                                      obj\Debug\src\net\net.o
net_put_word                                      obj\Debug\src\net\net.o
                                                  obj\Debug\src\pio_util.o
                                                  obj\Debug\src\net\arp.o
                                                  obj\Debug\src\bridge_test.o
                                                  obj\Debug\src\bridge.o
net_zero_ip                                       obj\Debug\src\net\net.o
net_zero_mac                                      obj\Debug\src\net\net.o
parGetStatusLines                                 obj\Debug\src\pb_proto.o
parRequestAmiRead                                 obj\Debug\src\pb_proto.o
                                                  obj\Debug\src\pb_test.o
                                                  obj\Debug\src\bridge_test.o
                                                  obj\Debug\src\bridge.o
param                                             obj\Debug\src\pio_util.o
                                                  obj\Debug\src\pio_test.o
                                                  obj\Debug\src\pb_test.o
                                                  obj\Debug\src\param.o
                                                  obj\Debug\src\cmd_table.o
                                                  obj\Debug\src\bridge_test.o
                                                  obj\Debug\src\bridge.o
param_dump                                        obj\Debug\src\param.o
                                                  obj\Debug\src\main.o
                                                  obj\Debug\src\cmd_table.o
param_init                                        obj\Debug\src\param.o
                                                  obj\Debug\src\main.o
param_load                                        obj\Debug\src\param.o
                                                  obj\Debug\src\cmd_table.o
param_reset                                       obj\Debug\src\param.o
                                                  obj\Debug\src\cmd_table.o
param_save                                        obj\Debug\src\param.o
                                                  obj\Debug\src\cmd_table.o
                                                  obj\Debug\src\bridge.o
pb_proto_handle                                   obj\Debug\src\pb_proto.o
                                                  obj\Debug\src\pb_util.o
pb_proto_init                                     obj\Debug\src\pb_proto.o
                                                  obj\Debug\src\pb_test.o
                                                  obj\Debug\src\bridge_test.o
                                                  obj\Debug\src\bridge.o
pb_proto_stat                                     obj\Debug\src\pb_util.o
                                                  obj\Debug\src\pb_test.o
                                                  obj\Debug\src\pb_proto.o
pb_proto_timeout                                  obj\Debug\src\pb_proto.o
pb_test_loop                                      obj\Debug\src\pb_test.o
                                                  obj\Debug\src\main.o
pb_test_send_packet                               obj\Debug\src\pb_test.o
                                                  obj\Debug\src\cmdkey_table.o
pb_test_toggle_auto                               obj\Debug\src\pb_test.o
                                                  obj\Debug\src\cmdkey_table.o
pb_util_handle                                    obj\Debug\src\pb_util.o
                                                  obj\Debug\src\pb_test.o
                                                  obj\Debug\src\bridge_test.o
                                                  obj\Debug\src\bridge.o
pio_test_loop                                     obj\Debug\src\pio_test.o
                                                  obj\Debug\src\main.o
pio_util_get_init_flags                           obj\Debug\src\pio_util.o
                                                  obj\Debug\src\pio_test.o
                                                  obj\Debug\src\bridge_test.o
                                                  obj\Debug\src\bridge.o
pio_util_handle_arp                               obj\Debug\src\pio_util.o
                                                  obj\Debug\src\pio_test.o
                                                  obj\Debug\src\bridge_test.o
pio_util_handle_udp_test                          obj\Debug\src\pio_util.o
                                                  obj\Debug\src\pio_test.o
                                                  obj\Debug\src\bridge_test.o
pio_util_recv_packet                              obj\Debug\src\pio_util.o
                                                  obj\Debug\src\pio_test.o
                                                  obj\Debug\src\bridge_test.o
                                                  obj\Debug\src\bridge.o
pio_util_send_packet                              obj\Debug\src\pio_util.o
                                                  obj\Debug\src\pio_test.o
                                                  obj\Debug\src\bridge_test.o
                                                  obj\Debug\src\bridge.o
run_mode                                          obj\Debug\src\main.o
                                                  obj\Debug\src\pio_test.o
                                                  obj\Debug\src\pb_test.o
                                                  obj\Debug\src\cmdkey_table.o
                                                  obj\Debug\src\bridge_test.o
                                                  obj\Debug\src\bridge.o
spi_init                                          obj\Debug\src\spi\spi.o
stats                                             obj\Debug\src\stats.o
                                                  obj\Debug\src\pio_util.o
                                                  obj\Debug\src\pio_test.o
                                                  obj\Debug\src\pb_util.o
stats_dump                                        obj\Debug\src\stats.o
                                                  obj\Debug\src\pio_test.o
                                                  obj\Debug\src\pb_test.o
stats_dump_all                                    obj\Debug\src\stats.o
                                                  obj\Debug\src\cmdkey_table.o
                                                  obj\Debug\src\cmd_table.o
                                                  obj\Debug\src\bridge_test.o
                                                  obj\Debug\src\bridge.o
stats_reset                                       obj\Debug\src\stats.o
                                                  obj\Debug\src\pio_test.o
                                                  obj\Debug\src\pb_test.o
                                                  obj\Debug\src\cmdkey_table.o
                                                  obj\Debug\src\cmd_table.o
                                                  obj\Debug\src\bridge_test.o
                                                  obj\Debug\src\bridge.o
stats_update_ok                                   obj\Debug\src\stats.o
                                                  obj\Debug\src\pio_util.o
                                                  obj\Debug\src\pb_util.o
timerCalculateKbps                                obj\Debug\src\base\timer.o
                                                  obj\Debug\src\pio_util.o
                                                  obj\Debug\src\pb_proto.o
timerDelay100us                                   obj\Debug\src\base\timer.o
timerDelay10ms                                    obj\Debug\src\base\timer.o
                                                  obj\Debug\src\base\util.o
timerInit                                         obj\Debug\src\base\timer.o
                                                  obj\Debug\src\main.o
utilByteToDec                                     obj\Debug\src\base\util.o
                                                  obj\Debug\src\net\net.o
utilByteToHex                                     obj\Debug\src\base\util.o
                                                  obj\Debug\src\net\net.o
utilDwordToDec                                    obj\Debug\src\base\util.o
utilDwordToHex                                    obj\Debug\src\base\util.o
utilNibbleToHex                                   obj\Debug\src\base\util.o
utilParseByteDec                                  obj\Debug\src\base\util.o
                                                  obj\Debug\src\net\net.o
utilParseByteHex                                  obj\Debug\src\base\util.o
                                                  obj\Debug\src\net\net.o
                                                  obj\Debug\src\cmd_table.o
utilParseDwordHex                                 obj\Debug\src\base\util.o
utilParseNibbleHex                                obj\Debug\src\base\util.o
utilParseWordHex                                  obj\Debug\src\base\util.o
                                                  obj\Debug\src\cmd_table.o
utilReset                                         obj\Debug\src\base\util.o
                                                  obj\Debug\src\cmd.o
utilWordToHex                                     obj\Debug\src\base\util.o
