Archive member included because of file (symbol)

d:/prg/kompilatory/winavr/bin/../lib/gcc/avr/4.3.3/avr5\libgcc.a(_mulsi3.o)
                              obj\Debug\src\base\timer.o (__mulsi3)
d:/prg/kompilatory/winavr/bin/../lib/gcc/avr/4.3.3/avr5\libgcc.a(_udivmodqi4.o)
                              obj\Debug\src\base\util.o (__udivmodqi4)
d:/prg/kompilatory/winavr/bin/../lib/gcc/avr/4.3.3/avr5\libgcc.a(_udivmodsi4.o)
                              obj\Debug\src\base\timer.o (__udivmodsi4)
d:/prg/kompilatory/winavr/bin/../lib/gcc/avr/4.3.3/avr5\libgcc.a(_exit.o)
                              d:/prg/kompilatory/winavr/bin/../lib/gcc/avr/4.3.3/../../../../avr/lib/avr5/crtm328p.o (exit)
d:/prg/kompilatory/winavr/bin/../lib/gcc/avr/4.3.3/avr5\libgcc.a(_copy_data.o)
                              obj\Debug\src\net\net.o (__do_copy_data)
d:/prg/kompilatory/winavr/bin/../lib/gcc/avr/4.3.3/avr5\libgcc.a(_clear_bss.o)
                              obj\Debug\src\base\cmd.o (__do_clear_bss)
d:/prg/kompilatory/winavr/bin/../lib/gcc/avr/4.3.3/../../../../avr/lib/avr5\libc.a(strcmp_P.o)
                              obj\Debug\src\base\cmd.o (strcmp_P)
d:/prg/kompilatory/winavr/bin/../lib/gcc/avr/4.3.3/../../../../avr/lib/avr5\libc.a(eerd_block_atmega328p.o)
                              obj\Debug\src\param.o (__eerd_block_m328p)
d:/prg/kompilatory/winavr/bin/../lib/gcc/avr/4.3.3/../../../../avr/lib/avr5\libc.a(eerd_word_atmega328p.o)
                              obj\Debug\src\param.o (__eerd_word_m328p)
d:/prg/kompilatory/winavr/bin/../lib/gcc/avr/4.3.3/../../../../avr/lib/avr5\libc.a(eewr_block_atmega328p.o)
                              obj\Debug\src\param.o (__eewr_block_m328p)
d:/prg/kompilatory/winavr/bin/../lib/gcc/avr/4.3.3/../../../../avr/lib/avr5\libc.a(eewr_byte_atmega328p.o)
                              d:/prg/kompilatory/winavr/bin/../lib/gcc/avr/4.3.3/../../../../avr/lib/avr5\libc.a(eewr_block_atmega328p.o) (__eewr_r18_m328p)
d:/prg/kompilatory/winavr/bin/../lib/gcc/avr/4.3.3/../../../../avr/lib/avr5\libc.a(eewr_word_atmega328p.o)
                              obj\Debug\src\param.o (__eewr_word_m328p)

Allocating common symbols
Common symbol       size              file

cmd_args            0x8               obj\Debug\src\base\cmd.o
time_stamp          0x4               obj\Debug\src\base\timer.o
param               0x13              obj\Debug\src\param.o
pb_proto_stat       0x10              obj\Debug\src\pb_proto.o
pkt_buf             0x5ea             obj\Debug\src\pkt_buf.o
cmd_line            0x20              obj\Debug\src\base\cmd.o
stats               0x30              obj\Debug\src\stats.o
timer_10ms          0x2               obj\Debug\src\base\timer.o
timer_100us         0x2               obj\Debug\src\base\timer.o

Memory Configuration

Name             Origin             Length             Attributes
text             0x00000000         0x00020000         xr
data             0x00800060         0x0000ffa0         rw !x
eeprom           0x00810000         0x00010000         rw !x
fuse             0x00820000         0x00000400         rw !x
lock             0x00830000         0x00000400         rw !x
signature        0x00840000         0x00000400         rw !x
*default*        0x00000000         0xffffffff

Linker script and memory map

Address of section .data set to 0x800100
LOAD d:/prg/kompilatory/winavr/bin/../lib/gcc/avr/4.3.3/../../../../avr/lib/avr5/crtm328p.o
LOAD obj\Debug\src\base\cmd.o
LOAD obj\Debug\src\base\timer.o
LOAD obj\Debug\src\base\uart.o
LOAD obj\Debug\src\base\uartutil.o
LOAD obj\Debug\src\base\util.o
LOAD obj\Debug\src\bridge.o
LOAD obj\Debug\src\bridge_test.o
LOAD obj\Debug\src\cmd_table.o
LOAD obj\Debug\src\cmdkey_table.o
LOAD obj\Debug\src\dump.o
LOAD obj\Debug\src\fuse.o
LOAD obj\Debug\src\main.o
LOAD obj\Debug\src\net\arp.o
LOAD obj\Debug\src\net\net.o
LOAD obj\Debug\src\par_low.o
LOAD obj\Debug\src\param.o
LOAD obj\Debug\src\pb_proto.o
LOAD obj\Debug\src\pb_test.o
LOAD obj\Debug\src\pb_util.o
LOAD obj\Debug\src\pio.o
LOAD obj\Debug\src\pio_test.o
LOAD obj\Debug\src\pio_util.o
LOAD obj\Debug\src\pkt_buf.o
LOAD obj\Debug\src\spi\enc28j60.o
LOAD obj\Debug\src\spi\spi.o
LOAD obj\Debug\src\stats.o
LOAD d:/prg/kompilatory/winavr/bin/../lib/gcc/avr/4.3.3/avr5\libgcc.a
LOAD d:/prg/kompilatory/winavr/bin/../lib/gcc/avr/4.3.3/../../../../avr/lib/avr5\libm.a
LOAD d:/prg/kompilatory/winavr/bin/../lib/gcc/avr/4.3.3/avr5\libgcc.a
LOAD d:/prg/kompilatory/winavr/bin/../lib/gcc/avr/4.3.3/../../../../avr/lib/avr5\libc.a
LOAD d:/prg/kompilatory/winavr/bin/../lib/gcc/avr/4.3.3/avr5\libgcc.a

.hash
 *(.hash)

.dynsym
 *(.dynsym)

.dynstr
 *(.dynstr)

.gnu.version
 *(.gnu.version)

.gnu.version_d
 *(.gnu.version_d)

.gnu.version_r
 *(.gnu.version_r)

.rel.init
 *(.rel.init)

.rela.init
 *(.rela.init)

.rel.text
 *(.rel.text)
 *(.rel.text.*)
 *(.rel.gnu.linkonce.t*)

.rela.text
 *(.rela.text)
 *(.rela.text.*)
 *(.rela.gnu.linkonce.t*)

.rel.fini
 *(.rel.fini)

.rela.fini
 *(.rela.fini)

.rel.rodata
 *(.rel.rodata)
 *(.rel.rodata.*)
 *(.rel.gnu.linkonce.r*)

.rela.rodata
 *(.rela.rodata)
 *(.rela.rodata.*)
 *(.rela.gnu.linkonce.r*)

.rel.data
 *(.rel.data)
 *(.rel.data.*)
 *(.rel.gnu.linkonce.d*)

.rela.data
 *(.rela.data)
 *(.rela.data.*)
 *(.rela.gnu.linkonce.d*)

.rel.ctors
 *(.rel.ctors)

.rela.ctors
 *(.rela.ctors)

.rel.dtors
 *(.rel.dtors)

.rela.dtors
 *(.rela.dtors)

.rel.got
 *(.rel.got)

.rela.got
 *(.rela.got)

.rel.bss
 *(.rel.bss)

.rela.bss
 *(.rela.bss)

.rel.plt
 *(.rel.plt)

.rela.plt
 *(.rela.plt)

.text           0x00000000     0x3dc4
 *(.vectors)
 .vectors       0x00000000       0x68 d:/prg/kompilatory/winavr/bin/../lib/gcc/avr/4.3.3/../../../../avr/lib/avr5/crtm328p.o
                0x00000000                __vectors
                0x00000000                __vector_default
 *(.vectors)
 *(.progmem.gcc*)
 *(.progmem*)
 .progmem.data  0x00000068       0xcc obj\Debug\src\base\cmd.o
 .progmem.data  0x00000134        0x9 obj\Debug\src\base\uartutil.o
 .progmem.data  0x0000013d       0xaa obj\Debug\src\bridge.o
 .progmem.data  0x000001e7       0x4e obj\Debug\src\bridge_test.o
 .progmem.data  0x00000235      0x21c obj\Debug\src\cmd_table.o
                0x00000235                cmd_table
 .progmem.data  0x00000451      0x13d obj\Debug\src\cmdkey_table.o
                0x00000451                cmdkey_table
 .progmem.data  0x0000058e       0x9b obj\Debug\src\dump.o
 .progmem.data  0x00000629       0x70 obj\Debug\src\main.o
 .progmem.data  0x00000699       0xa3 obj\Debug\src\param.o
 .progmem.data  0x0000073c       0x82 obj\Debug\src\pb_test.o
 .progmem.data  0x000007be       0x38 obj\Debug\src\pio.o
 .progmem.data  0x000007f6       0x21 obj\Debug\src\pio_test.o
 .progmem.data  0x00000817       0x4e obj\Debug\src\pio_util.o
 .progmem.data  0x00000865       0x19 obj\Debug\src\spi\enc28j60.o
                0x00000865                pio_dev_enc28j60
 .progmem.data  0x0000087e       0x36 obj\Debug\src\stats.o
                0x000008b4                . = ALIGN (0x2)
                0x000008b4                __trampolines_start = .
 *(.trampolines)
 .trampolines   0x000008b4        0x0 linker stubs
 *(.trampolines*)
                0x000008b4                __trampolines_end = .
 *(.jumptables)
 *(.jumptables*)
 *(.lowtext)
 *(.lowtext*)
                0x000008b4                __ctors_start = .
 *(.ctors)
                0x000008b4                __ctors_end = .
                0x000008b4                __dtors_start = .
 *(.dtors)
                0x000008b4                __dtors_end = .
 SORT(*)(.ctors)
 SORT(*)(.dtors)
 *(.init0)
 .init0         0x000008b4        0x0 d:/prg/kompilatory/winavr/bin/../lib/gcc/avr/4.3.3/../../../../avr/lib/avr5/crtm328p.o
                0x000008b4                __init
 *(.init0)
 *(.init1)
 *(.init1)
 *(.init2)
 .init2         0x000008b4        0xc d:/prg/kompilatory/winavr/bin/../lib/gcc/avr/4.3.3/../../../../avr/lib/avr5/crtm328p.o
 *(.init2)
 *(.init3)
 *(.init3)
 *(.init4)
 .init4         0x000008c0       0x16 d:/prg/kompilatory/winavr/bin/../lib/gcc/avr/4.3.3/avr5\libgcc.a(_copy_data.o)
                0x000008c0                __do_copy_data
 .init4         0x000008d6       0x10 d:/prg/kompilatory/winavr/bin/../lib/gcc/avr/4.3.3/avr5\libgcc.a(_clear_bss.o)
                0x000008d6                __do_clear_bss
 *(.init4)
 *(.init5)
 *(.init5)
 *(.init6)
 *(.init6)
 *(.init7)
 *(.init7)
 *(.init8)
 *(.init8)
 *(.init9)
 .init9         0x000008e6        0x8 d:/prg/kompilatory/winavr/bin/../lib/gcc/avr/4.3.3/../../../../avr/lib/avr5/crtm328p.o
 *(.init9)
 *(.text)
 .text          0x000008ee        0x4 d:/prg/kompilatory/winavr/bin/../lib/gcc/avr/4.3.3/../../../../avr/lib/avr5/crtm328p.o
                0x000008ee                __vector_22
                0x000008ee                __vector_1
                0x000008ee                __vector_24
                0x000008ee                __vector_12
                0x000008ee                __bad_interrupt
                0x000008ee                __vector_6
                0x000008ee                __vector_3
                0x000008ee                __vector_23
                0x000008ee                __vector_25
                0x000008ee                __vector_11
                0x000008ee                __vector_13
                0x000008ee                __vector_17
                0x000008ee                __vector_19
                0x000008ee                __vector_5
                0x000008ee                __vector_4
                0x000008ee                __vector_9
                0x000008ee                __vector_2
                0x000008ee                __vector_21
                0x000008ee                __vector_15
                0x000008ee                __vector_8
                0x000008ee                __vector_14
                0x000008ee                __vector_10
                0x000008ee                __vector_16
                0x000008ee                __vector_20
 .text          0x000008f2      0x3a4 obj\Debug\src\base\cmd.o
                0x000008f2                cmd_worker
 .text          0x00000c96      0x16a obj\Debug\src\base\timer.o
                0x00000d9e                timer_delay_100us
                0x00000db8                timer_hw_calc_rate_kbs
                0x00000c96                timer_init
                0x00000cf2                __vector_7
                0x00000d84                timer_delay_10ms
 .text          0x00000e00       0xe8 obj\Debug\src\base\uart.o
                0x00000ed6                uart_send
                0x00000e00                uart_init
                0x00000e82                uart_read_data_available
                0x00000e94                uart_read
                0x00000e2c                __vector_18
 .text          0x00000ee8      0x1f6 obj\Debug\src\base\uartutil.o
                0x00000ef0                uart_send_data
                0x00001076                uart_send_pstring
                0x00001016                uart_send_time_stamp_spc
                0x00001058                uart_send_string
                0x00000fe4                uart_send_time_stamp_spc_ext
                0x00000f3a                uart_send_hex_word
                0x000010d4                uart_send_crlf
                0x00001098                uart_send_rate_kbs
                0x00000f72                uart_send_delta
                0x00000ee8                uart_send_spc
                0x00000f1e                uart_send_hex_dword
                0x00000f56                uart_send_hex_byte
 .text          0x000010de      0x34e obj\Debug\src\base\util.o
                0x000012c8                parse_word
                0x000010de                nybble_to_hex
                0x000013fc                parse_byte_dec
                0x00001114                word_to_hex
                0x0000119c                dword_to_dec
                0x00001328                parse_dword
                0x0000126a                parse_byte
                0x00001236                parse_nybble
                0x0000116e                byte_to_dec
                0x000010ea                byte_to_hex
                0x00001138                dword_to_hex
 .text          0x0000142c      0x322 obj\Debug\src\bridge.o
                0x0000146a                bridge_loop
 .text          0x0000174e      0x178 obj\Debug\src\bridge_test.o
                0x0000174e                bridge_test_loop
 .text          0x000018c6      0x1d6 obj\Debug\src\cmd_table.o
 .text          0x00001a9c       0x70 obj\Debug\src\cmdkey_table.o
 .text          0x00001b0c      0x4b2 obj\Debug\src\dump.o
                0x00001ede                dump_eth_pkt
                0x00001b0c                dump_pb_cmd
                0x00001cc0                dump_ip_protocol
                0x00001e42                dump_arp_pkt
                0x00001db8                dump_ip_pkt
                0x00001f78                dump_line
 .text          0x00001fbe        0x0 obj\Debug\src\fuse.o
 .text          0x00001fbe       0x9c obj\Debug\src\main.o
                0x00001fbe                main
 .text          0x0000205a       0xce obj\Debug\src\net\arp.o
                0x0000205a                arp_make_reply
                0x000020d6                arp_is_ipv4
 .text          0x00002128      0x2c2 obj\Debug\src\net\net.o
                0x00002128                net_copy_mac
                0x000022ac                net_parse_mac
                0x000021de                net_put_long
                0x0000222c                net_compare_ip
                0x0000231e                net_parse_ip
                0x0000217c                net_put_word
                0x00002200                net_compare_mac
                0x00002394                net_dump_mac
                0x00002168                net_get_word
                0x00002184                net_get_long
                0x00002258                net_dump_ip
                0x00002146                net_copy_ip
 .text          0x000023ea       0x3c obj\Debug\src\par_low.o
                0x00002410                par_low_pulse_ack
                0x000023ea                par_low_init
 .text          0x00002426      0x1ba obj\Debug\src\param.o
                0x00002470                param_reset
                0x00002556                param_dump
                0x000024f0                param_save
                0x000024e2                param_init
                0x0000248e                param_load
 .text          0x000025e0      0x708 obj\Debug\src\pb_proto.o
                0x0000268a                pb_proto_handle
                0x000025e0                pb_proto_init
                0x0000260e                pb_proto_get_line_status
                0x00002cc0                pb_proto_request_recv
 .text          0x00002ce8      0x2aa obj\Debug\src\pb_test.o
                0x00002ce8                pb_test_send_packet
                0x00002cf2                pb_test_toggle_auto
                0x00002d40                pb_test_loop
 .text          0x00002f92       0x5c obj\Debug\src\pb_util.o
                0x00002f92                pb_util_handle
 .text          0x00002fee      0x17a obj\Debug\src\pio.o
                0x00002ff2                pio_send
                0x0000308a                pio_init
                0x00003050                pio_control
                0x00002fee                pio_set_device
                0x0000300a                pio_recv
                0x00003038                pio_status
                0x00003022                pio_has_recv
                0x00003068                pio_exit
 .text          0x00003168       0xca obj\Debug\src\pio_test.o
                0x00003168                pio_test_loop
 .text          0x00003232      0x35c obj\Debug\src\pio_util.o
                0x0000324c                pio_util_handle_udp_test
                0x0000334a                pio_util_send_packet
                0x000034d4                pio_util_recv_packet
                0x00003232                pio_util_get_init_flags
                0x000033f2                pio_util_handle_arp
 .text          0x0000358e        0x0 obj\Debug\src\pkt_buf.o
 .text          0x0000358e      0x58e obj\Debug\src\spi\enc28j60.o
 .text          0x00003b1c       0x2a obj\Debug\src\spi\spi.o
                0x00003b1c                spi_init
 .text          0x00003b46      0x168 obj\Debug\src\stats.o
                0x00003c96                stats_dump_all
                0x00003b70                stats_update_ok
                0x00003c64                stats_dump
                0x00003b46                stats_reset
 .text          0x00003cae        0x0 d:/prg/kompilatory/winavr/bin/../lib/gcc/avr/4.3.3/avr5\libgcc.a(_mulsi3.o)
 .text          0x00003cae        0x0 d:/prg/kompilatory/winavr/bin/../lib/gcc/avr/4.3.3/avr5\libgcc.a(_udivmodqi4.o)
 .text          0x00003cae        0x0 d:/prg/kompilatory/winavr/bin/../lib/gcc/avr/4.3.3/avr5\libgcc.a(_udivmodsi4.o)
 .text          0x00003cae        0x0 d:/prg/kompilatory/winavr/bin/../lib/gcc/avr/4.3.3/avr5\libgcc.a(_exit.o)
 .text          0x00003cae        0x0 d:/prg/kompilatory/winavr/bin/../lib/gcc/avr/4.3.3/avr5\libgcc.a(_copy_data.o)
 .text          0x00003cae        0x0 d:/prg/kompilatory/winavr/bin/../lib/gcc/avr/4.3.3/avr5\libgcc.a(_clear_bss.o)
 .text          0x00003cae        0x0 d:/prg/kompilatory/winavr/bin/../lib/gcc/avr/4.3.3/../../../../avr/lib/avr5\libc.a(strcmp_P.o)
 .text          0x00003cae        0x0 d:/prg/kompilatory/winavr/bin/../lib/gcc/avr/4.3.3/../../../../avr/lib/avr5\libc.a(eerd_block_atmega328p.o)
 .text          0x00003cae        0x0 d:/prg/kompilatory/winavr/bin/../lib/gcc/avr/4.3.3/../../../../avr/lib/avr5\libc.a(eerd_word_atmega328p.o)
 .text          0x00003cae        0x0 d:/prg/kompilatory/winavr/bin/../lib/gcc/avr/4.3.3/../../../../avr/lib/avr5\libc.a(eewr_block_atmega328p.o)
 .text          0x00003cae        0x0 d:/prg/kompilatory/winavr/bin/../lib/gcc/avr/4.3.3/../../../../avr/lib/avr5\libc.a(eewr_byte_atmega328p.o)
 .text          0x00003cae        0x0 d:/prg/kompilatory/winavr/bin/../lib/gcc/avr/4.3.3/../../../../avr/lib/avr5\libc.a(eewr_word_atmega328p.o)
                0x00003cae                . = ALIGN (0x2)
 *(.text.*)
 .text.libgcc   0x00003cae       0x3e d:/prg/kompilatory/winavr/bin/../lib/gcc/avr/4.3.3/avr5\libgcc.a(_mulsi3.o)
                0x00003cae                __mulsi3
 .text.libgcc   0x00003cec       0x18 d:/prg/kompilatory/winavr/bin/../lib/gcc/avr/4.3.3/avr5\libgcc.a(_udivmodqi4.o)
                0x00003cec                __udivmodqi4
 .text.libgcc   0x00003d04       0x44 d:/prg/kompilatory/winavr/bin/../lib/gcc/avr/4.3.3/avr5\libgcc.a(_udivmodsi4.o)
                0x00003d04                __udivmodsi4
 .text.libgcc   0x00003d48        0x0 d:/prg/kompilatory/winavr/bin/../lib/gcc/avr/4.3.3/avr5\libgcc.a(_exit.o)
 .text.libgcc   0x00003d48        0x0 d:/prg/kompilatory/winavr/bin/../lib/gcc/avr/4.3.3/avr5\libgcc.a(_copy_data.o)
 .text.libgcc   0x00003d48        0x0 d:/prg/kompilatory/winavr/bin/../lib/gcc/avr/4.3.3/avr5\libgcc.a(_clear_bss.o)
 .text.avr-libc
                0x00003d48       0x12 d:/prg/kompilatory/winavr/bin/../lib/gcc/avr/4.3.3/../../../../avr/lib/avr5\libc.a(strcmp_P.o)
                0x00003d48                strcmp_P
 .text.avr-libc
                0x00003d5a       0x20 d:/prg/kompilatory/winavr/bin/../lib/gcc/avr/4.3.3/../../../../avr/lib/avr5\libc.a(eerd_block_atmega328p.o)
                0x00003d5a                __eerd_block_m328p
                0x00003d5e                __eerd_blraw_m328p
 .text.avr-libc
                0x00003d7a        0xc d:/prg/kompilatory/winavr/bin/../lib/gcc/avr/4.3.3/../../../../avr/lib/avr5\libc.a(eerd_word_atmega328p.o)
                0x00003d7a                __eerd_word_m328p
 .text.avr-libc
                0x00003d86       0x14 d:/prg/kompilatory/winavr/bin/../lib/gcc/avr/4.3.3/../../../../avr/lib/avr5\libc.a(eewr_block_atmega328p.o)
                0x00003d86                __eewr_block_m328p
 .text.avr-libc
                0x00003d9a       0x1c d:/prg/kompilatory/winavr/bin/../lib/gcc/avr/4.3.3/../../../../avr/lib/avr5\libc.a(eewr_byte_atmega328p.o)
                0x00003d9a                __eewr_byte_m328p
                0x00003d9c                __eewr_r18_m328p
 .text.avr-libc
                0x00003db6        0xa d:/prg/kompilatory/winavr/bin/../lib/gcc/avr/4.3.3/../../../../avr/lib/avr5\libc.a(eewr_word_atmega328p.o)
                0x00003db6                __eewr_word_m328p
                0x00003dc0                . = ALIGN (0x2)
 *(.fini9)
 .fini9         0x00003dc0        0x0 d:/prg/kompilatory/winavr/bin/../lib/gcc/avr/4.3.3/avr5\libgcc.a(_exit.o)
                0x00003dc0                exit
                0x00003dc0                _exit
 *(.fini9)
 *(.fini8)
 *(.fini8)
 *(.fini7)
 *(.fini7)
 *(.fini6)
 *(.fini6)
 *(.fini5)
 *(.fini5)
 *(.fini4)
 *(.fini4)
 *(.fini3)
 *(.fini3)
 *(.fini2)
 *(.fini2)
 *(.fini1)
 *(.fini1)
 *(.fini0)
 .fini0         0x00003dc0        0x4 d:/prg/kompilatory/winavr/bin/../lib/gcc/avr/4.3.3/avr5\libgcc.a(_exit.o)
 *(.fini0)
                0x00003dc4                _etext = .

.data           0x00800100       0x3c load address 0x00003dc4
                0x00800100                PROVIDE (__data_start, .)
 *(.data)
 .data          0x00800100        0x0 d:/prg/kompilatory/winavr/bin/../lib/gcc/avr/4.3.3/../../../../avr/lib/avr5/crtm328p.o
 .data          0x00800100        0x0 obj\Debug\src\base\cmd.o
 .data          0x00800100        0x0 obj\Debug\src\base\timer.o
 .data          0x00800100        0x0 obj\Debug\src\base\uart.o
 .data          0x00800100        0x0 obj\Debug\src\base\uartutil.o
 .data          0x00800100        0x0 obj\Debug\src\base\util.o
 .data          0x00800100        0x0 obj\Debug\src\bridge.o
 .data          0x00800100        0x0 obj\Debug\src\bridge_test.o
 .data          0x00800100        0x0 obj\Debug\src\cmd_table.o
 .data          0x00800100        0x0 obj\Debug\src\cmdkey_table.o
 .data          0x00800100        0x0 obj\Debug\src\dump.o
 .data          0x00800100        0x0 obj\Debug\src\fuse.o
 .data          0x00800100        0x0 obj\Debug\src\main.o
 .data          0x00800100        0x0 obj\Debug\src\net\arp.o
 .data          0x00800100       0x3a obj\Debug\src\net\net.o
                0x00800110                net_ones_ip
                0x0080010c                net_zero_ip
                0x00800106                net_zero_mac
                0x00800100                net_bcast_mac
 .data          0x0080013a        0x0 obj\Debug\src\par_low.o
 .data          0x0080013a        0x0 obj\Debug\src\param.o
 .data          0x0080013a        0x2 obj\Debug\src\pb_proto.o
                0x0080013a                pb_proto_timeout
 .data          0x0080013c        0x0 obj\Debug\src\pb_test.o
 .data          0x0080013c        0x0 obj\Debug\src\pb_util.o
 .data          0x0080013c        0x0 obj\Debug\src\pio.o
 .data          0x0080013c        0x0 obj\Debug\src\pio_test.o
 .data          0x0080013c        0x0 obj\Debug\src\pio_util.o
 .data          0x0080013c        0x0 obj\Debug\src\pkt_buf.o
 .data          0x0080013c        0x0 obj\Debug\src\spi\enc28j60.o
 .data          0x0080013c        0x0 obj\Debug\src\spi\spi.o
 .data          0x0080013c        0x0 obj\Debug\src\stats.o
 .data          0x0080013c        0x0 d:/prg/kompilatory/winavr/bin/../lib/gcc/avr/4.3.3/avr5\libgcc.a(_mulsi3.o)
 .data          0x0080013c        0x0 d:/prg/kompilatory/winavr/bin/../lib/gcc/avr/4.3.3/avr5\libgcc.a(_udivmodqi4.o)
 .data          0x0080013c        0x0 d:/prg/kompilatory/winavr/bin/../lib/gcc/avr/4.3.3/avr5\libgcc.a(_udivmodsi4.o)
 .data          0x0080013c        0x0 d:/prg/kompilatory/winavr/bin/../lib/gcc/avr/4.3.3/avr5\libgcc.a(_exit.o)
 .data          0x0080013c        0x0 d:/prg/kompilatory/winavr/bin/../lib/gcc/avr/4.3.3/avr5\libgcc.a(_copy_data.o)
 .data          0x0080013c        0x0 d:/prg/kompilatory/winavr/bin/../lib/gcc/avr/4.3.3/avr5\libgcc.a(_clear_bss.o)
 .data          0x0080013c        0x0 d:/prg/kompilatory/winavr/bin/../lib/gcc/avr/4.3.3/../../../../avr/lib/avr5\libc.a(strcmp_P.o)
 .data          0x0080013c        0x0 d:/prg/kompilatory/winavr/bin/../lib/gcc/avr/4.3.3/../../../../avr/lib/avr5\libc.a(eerd_block_atmega328p.o)
 .data          0x0080013c        0x0 d:/prg/kompilatory/winavr/bin/../lib/gcc/avr/4.3.3/../../../../avr/lib/avr5\libc.a(eerd_word_atmega328p.o)
 .data          0x0080013c        0x0 d:/prg/kompilatory/winavr/bin/../lib/gcc/avr/4.3.3/../../../../avr/lib/avr5\libc.a(eewr_block_atmega328p.o)
 .data          0x0080013c        0x0 d:/prg/kompilatory/winavr/bin/../lib/gcc/avr/4.3.3/../../../../avr/lib/avr5\libc.a(eewr_byte_atmega328p.o)
 .data          0x0080013c        0x0 d:/prg/kompilatory/winavr/bin/../lib/gcc/avr/4.3.3/../../../../avr/lib/avr5\libc.a(eewr_word_atmega328p.o)
 *(.data*)
 *(.rodata)
 *(.rodata*)
 *(.gnu.linkonce.d*)
                0x0080013c                . = ALIGN (0x2)
                0x0080013c                _edata = .
                0x0080013c                PROVIDE (__data_end, .)

.bss            0x0080013c      0x6ab
                0x0080013c                PROVIDE (__bss_start, .)
 *(.bss)
 .bss           0x0080013c        0x0 d:/prg/kompilatory/winavr/bin/../lib/gcc/avr/4.3.3/../../../../avr/lib/avr5/crtm328p.o
 .bss           0x0080013c        0x0 obj\Debug\src\base\cmd.o
 .bss           0x0080013c        0x2 obj\Debug\src\base\timer.o
 .bss           0x0080013e       0x13 obj\Debug\src\base\uart.o
 .bss           0x00800151        0xc obj\Debug\src\base\uartutil.o
 .bss           0x0080015d        0x0 obj\Debug\src\base\util.o
 .bss           0x0080015d        0x2 obj\Debug\src\bridge.o
 .bss           0x0080015f        0x2 obj\Debug\src\bridge_test.o
 .bss           0x00800161        0x0 obj\Debug\src\cmd_table.o
 .bss           0x00800161        0x0 obj\Debug\src\cmdkey_table.o
 .bss           0x00800161        0x0 obj\Debug\src\dump.o
 .bss           0x00800161        0x0 obj\Debug\src\fuse.o
 .bss           0x00800161        0x2 obj\Debug\src\main.o
                0x00800161                run_mode
                0x00800162                global_verbose
 .bss           0x00800163        0x0 obj\Debug\src\net\arp.o
 .bss           0x00800163        0x0 obj\Debug\src\net\net.o
 .bss           0x00800163        0x0 obj\Debug\src\par_low.o
 .bss           0x00800163        0x0 obj\Debug\src\param.o
 .bss           0x00800163        0xc obj\Debug\src\pb_proto.o
 .bss           0x0080016f        0x3 obj\Debug\src\pb_test.o
 .bss           0x00800172        0x0 obj\Debug\src\pb_util.o
 .bss           0x00800172        0x3 obj\Debug\src\pio.o
 .bss           0x00800175        0x0 obj\Debug\src\pio_test.o
 .bss           0x00800175        0x0 obj\Debug\src\pio_util.o
 .bss           0x00800175        0x0 obj\Debug\src\pkt_buf.o
 .bss           0x00800175        0x5 obj\Debug\src\spi\enc28j60.o
 .bss           0x0080017a        0x0 obj\Debug\src\spi\spi.o
 .bss           0x0080017a        0x0 obj\Debug\src\stats.o
 .bss           0x0080017a        0x0 d:/prg/kompilatory/winavr/bin/../lib/gcc/avr/4.3.3/avr5\libgcc.a(_mulsi3.o)
 .bss           0x0080017a        0x0 d:/prg/kompilatory/winavr/bin/../lib/gcc/avr/4.3.3/avr5\libgcc.a(_udivmodqi4.o)
 .bss           0x0080017a        0x0 d:/prg/kompilatory/winavr/bin/../lib/gcc/avr/4.3.3/avr5\libgcc.a(_udivmodsi4.o)
 .bss           0x0080017a        0x0 d:/prg/kompilatory/winavr/bin/../lib/gcc/avr/4.3.3/avr5\libgcc.a(_exit.o)
 .bss           0x0080017a        0x0 d:/prg/kompilatory/winavr/bin/../lib/gcc/avr/4.3.3/avr5\libgcc.a(_copy_data.o)
 .bss           0x0080017a        0x0 d:/prg/kompilatory/winavr/bin/../lib/gcc/avr/4.3.3/avr5\libgcc.a(_clear_bss.o)
 .bss           0x0080017a        0x0 d:/prg/kompilatory/winavr/bin/../lib/gcc/avr/4.3.3/../../../../avr/lib/avr5\libc.a(strcmp_P.o)
 .bss           0x0080017a        0x0 d:/prg/kompilatory/winavr/bin/../lib/gcc/avr/4.3.3/../../../../avr/lib/avr5\libc.a(eerd_block_atmega328p.o)
 .bss           0x0080017a        0x0 d:/prg/kompilatory/winavr/bin/../lib/gcc/avr/4.3.3/../../../../avr/lib/avr5\libc.a(eerd_word_atmega328p.o)
 .bss           0x0080017a        0x0 d:/prg/kompilatory/winavr/bin/../lib/gcc/avr/4.3.3/../../../../avr/lib/avr5\libc.a(eewr_block_atmega328p.o)
 .bss           0x0080017a        0x0 d:/prg/kompilatory/winavr/bin/../lib/gcc/avr/4.3.3/../../../../avr/lib/avr5\libc.a(eewr_byte_atmega328p.o)
 .bss           0x0080017a        0x0 d:/prg/kompilatory/winavr/bin/../lib/gcc/avr/4.3.3/../../../../avr/lib/avr5\libc.a(eewr_word_atmega328p.o)
 *(.bss*)
 *(COMMON)
 COMMON         0x0080017a       0x28 obj\Debug\src\base\cmd.o
                0x0080017a                cmd_args
                0x00800182                cmd_line
 COMMON         0x008001a2        0x8 obj\Debug\src\base\timer.o
                0x008001a2                time_stamp
                0x008001a6                timer_10ms
                0x008001a8                timer_100us
 COMMON         0x008001aa       0x13 obj\Debug\src\param.o
                0x008001aa                param
 COMMON         0x008001bd       0x10 obj\Debug\src\pb_proto.o
                0x008001bd                pb_proto_stat
 COMMON         0x008001cd      0x5ea obj\Debug\src\pkt_buf.o
                0x008001cd                pkt_buf
 COMMON         0x008007b7       0x30 obj\Debug\src\stats.o
                0x008007b7                stats
                0x008007e7                PROVIDE (__bss_end, .)
                0x00003dc4                __data_load_start = LOADADDR (.data)
                0x00003e00                __data_load_end = (__data_load_start + SIZEOF (.data))

.noinit         0x008007e7        0x0
                0x008007e7                PROVIDE (__noinit_start, .)
 *(.noinit*)
                0x008007e7                PROVIDE (__noinit_end, .)
                0x008007e7                _end = .
                0x008007e7                PROVIDE (__heap_start, .)

.eeprom         0x00810000       0x15
 *(.eeprom*)
 .eeprom        0x00810000       0x15 obj\Debug\src\param.o
                0x00810013                eeprom_crc16
                0x00810000                eeprom_param
                0x00810015                __eeprom_end = .

.fuse           0x00820000        0x3
 *(.fuse)
 .fuse          0x00820000        0x3 obj\Debug\src\fuse.o
                0x00820000                __fuse
 *(.lfuse)
 *(.hfuse)
 *(.efuse)

.lock
 *(.lock*)

.signature
 *(.signature*)

.stab
 *(.stab)

.stabstr
 *(.stabstr)

.stab.excl
 *(.stab.excl)

.stab.exclstr
 *(.stab.exclstr)

.stab.index
 *(.stab.index)

.stab.indexstr
 *(.stab.indexstr)

.comment
 *(.comment)

.debug
 *(.debug)

.line
 *(.line)

.debug_srcinfo
 *(.debug_srcinfo)

.debug_sfnames
 *(.debug_sfnames)

.debug_aranges  0x00000000      0x300
 *(.debug_aranges)
 .debug_aranges
                0x00000000       0x20 obj\Debug\src\base\cmd.o
 .debug_aranges
                0x00000020       0x20 obj\Debug\src\base\timer.o
 .debug_aranges
                0x00000040       0x20 obj\Debug\src\base\uart.o
 .debug_aranges
                0x00000060       0x20 obj\Debug\src\base\uartutil.o
 .debug_aranges
                0x00000080       0x20 obj\Debug\src\base\util.o
 .debug_aranges
                0x000000a0       0x20 obj\Debug\src\bridge.o
 .debug_aranges
                0x000000c0       0x20 obj\Debug\src\bridge_test.o
 .debug_aranges
                0x000000e0       0x20 obj\Debug\src\cmd_table.o
 .debug_aranges
                0x00000100       0x20 obj\Debug\src\cmdkey_table.o
 .debug_aranges
                0x00000120       0x20 obj\Debug\src\dump.o
 .debug_aranges
                0x00000140       0x20 obj\Debug\src\main.o
 .debug_aranges
                0x00000160       0x20 obj\Debug\src\net\arp.o
 .debug_aranges
                0x00000180       0x20 obj\Debug\src\net\net.o
 .debug_aranges
                0x000001a0       0x20 obj\Debug\src\par_low.o
 .debug_aranges
                0x000001c0       0x20 obj\Debug\src\param.o
 .debug_aranges
                0x000001e0       0x20 obj\Debug\src\pb_proto.o
 .debug_aranges
                0x00000200       0x20 obj\Debug\src\pb_test.o
 .debug_aranges
                0x00000220       0x20 obj\Debug\src\pb_util.o
 .debug_aranges
                0x00000240       0x20 obj\Debug\src\pio.o
 .debug_aranges
                0x00000260       0x20 obj\Debug\src\pio_test.o
 .debug_aranges
                0x00000280       0x20 obj\Debug\src\pio_util.o
 .debug_aranges
                0x000002a0       0x20 obj\Debug\src\spi\enc28j60.o
 .debug_aranges
                0x000002c0       0x20 obj\Debug\src\spi\spi.o
 .debug_aranges
                0x000002e0       0x20 obj\Debug\src\stats.o

.debug_pubnames
                0x00000000      0x9c2
 *(.debug_pubnames)
 .debug_pubnames
                0x00000000       0x3b obj\Debug\src\base\cmd.o
 .debug_pubnames
                0x0000003b       0xa4 obj\Debug\src\base\timer.o
 .debug_pubnames
                0x000000df       0x69 obj\Debug\src\base\uart.o
 .debug_pubnames
                0x00000148      0x124 obj\Debug\src\base\uartutil.o
 .debug_pubnames
                0x0000026c       0xc8 obj\Debug\src\base\util.o
 .debug_pubnames
                0x00000334       0x22 obj\Debug\src\bridge.o
 .debug_pubnames
                0x00000356       0x27 obj\Debug\src\bridge_test.o
 .debug_pubnames
                0x0000037d       0x20 obj\Debug\src\cmd_table.o
 .debug_pubnames
                0x0000039d       0x23 obj\Debug\src\cmdkey_table.o
 .debug_pubnames
                0x000003c0       0x77 obj\Debug\src\dump.o
 .debug_pubnames
                0x00000437       0x1d obj\Debug\src\fuse.o
 .debug_pubnames
                0x00000454       0x3b obj\Debug\src\main.o
 .debug_pubnames
                0x0000048f       0x35 obj\Debug\src\net\arp.o
 .debug_pubnames
                0x000004c4      0x125 obj\Debug\src\net\net.o
 .debug_pubnames
                0x000005e9       0x39 obj\Debug\src\par_low.o
 .debug_pubnames
                0x00000622       0x8a obj\Debug\src\param.o
 .debug_pubnames
                0x000006ac       0x96 obj\Debug\src\pb_proto.o
 .debug_pubnames
                0x00000742       0x53 obj\Debug\src\pb_test.o
 .debug_pubnames
                0x00000795       0x25 obj\Debug\src\pb_util.o
 .debug_pubnames
                0x000007ba       0x89 obj\Debug\src\pio.o
 .debug_pubnames
                0x00000843       0x24 obj\Debug\src\pio_test.o
 .debug_pubnames
                0x00000867       0x95 obj\Debug\src\pio_util.o
 .debug_pubnames
                0x000008fc       0x1e obj\Debug\src\pkt_buf.o
 .debug_pubnames
                0x0000091a       0x27 obj\Debug\src\spi\enc28j60.o
 .debug_pubnames
                0x00000941       0x1f obj\Debug\src\spi\spi.o
 .debug_pubnames
                0x00000960       0x62 obj\Debug\src\stats.o

.debug_info     0x00000000     0x7861
 *(.debug_info)
 .debug_info    0x00000000      0x8c8 obj\Debug\src\base\cmd.o
 .debug_info    0x000008c8      0x1b9 obj\Debug\src\base\timer.o
 .debug_info    0x00000a81      0x17b obj\Debug\src\base\uart.o
 .debug_info    0x00000bfc      0x35c obj\Debug\src\base\uartutil.o
 .debug_info    0x00000f58      0x417 obj\Debug\src\base\util.o
 .debug_info    0x0000136f      0x69f obj\Debug\src\bridge.o
 .debug_info    0x00001a0e      0x407 obj\Debug\src\bridge_test.o
 .debug_info    0x00001e15      0xa51 obj\Debug\src\cmd_table.o
 .debug_info    0x00002866      0x479 obj\Debug\src\cmdkey_table.o
 .debug_info    0x00002cdf      0xa77 obj\Debug\src\dump.o
 .debug_info    0x00003756       0xae obj\Debug\src\fuse.o
 .debug_info    0x00003804      0x168 obj\Debug\src\main.o
 .debug_info    0x0000396c      0x1bf obj\Debug\src\net\arp.o
 .debug_info    0x00003b2b      0x486 obj\Debug\src\net\net.o
 .debug_info    0x00003fb1       0xde obj\Debug\src\par_low.o
 .debug_info    0x0000408f      0x4eb obj\Debug\src\param.o
 .debug_info    0x0000457a      0x7c3 obj\Debug\src\pb_proto.o
 .debug_info    0x00004d3d      0x645 obj\Debug\src\pb_test.o
 .debug_info    0x00005382      0x23e obj\Debug\src\pb_util.o
 .debug_info    0x000055c0      0xabe obj\Debug\src\pio.o
 .debug_info    0x0000607e      0x298 obj\Debug\src\pio_test.o
 .debug_info    0x00006316      0x7bc obj\Debug\src\pio_util.o
 .debug_info    0x00006ad2       0x9a obj\Debug\src\pkt_buf.o
 .debug_info    0x00006b6c      0x91b obj\Debug\src\spi\enc28j60.o
 .debug_info    0x00007487       0x72 obj\Debug\src\spi\spi.o
 .debug_info    0x000074f9      0x368 obj\Debug\src\stats.o
 *(.gnu.linkonce.wi.*)

.debug_abbrev   0x00000000     0x22b5
 *(.debug_abbrev)
 .debug_abbrev  0x00000000      0x21e obj\Debug\src\base\cmd.o
 .debug_abbrev  0x0000021e       0xe2 obj\Debug\src\base\timer.o
 .debug_abbrev  0x00000300       0xef obj\Debug\src\base\uart.o
 .debug_abbrev  0x000003ef      0x128 obj\Debug\src\base\uartutil.o
 .debug_abbrev  0x00000517      0x112 obj\Debug\src\base\util.o
 .debug_abbrev  0x00000629      0x21f obj\Debug\src\bridge.o
 .debug_abbrev  0x00000848      0x138 obj\Debug\src\bridge_test.o
 .debug_abbrev  0x00000980      0x164 obj\Debug\src\cmd_table.o
 .debug_abbrev  0x00000ae4      0x118 obj\Debug\src\cmdkey_table.o
 .debug_abbrev  0x00000bfc      0x1a8 obj\Debug\src\dump.o
 .debug_abbrev  0x00000da4       0x73 obj\Debug\src\fuse.o
 .debug_abbrev  0x00000e17       0xd5 obj\Debug\src\main.o
 .debug_abbrev  0x00000eec       0xec obj\Debug\src\net\arp.o
 .debug_abbrev  0x00000fd8      0x11e obj\Debug\src\net\net.o
 .debug_abbrev  0x000010f6       0xb3 obj\Debug\src\par_low.o
 .debug_abbrev  0x000011a9      0x1bc obj\Debug\src\param.o
 .debug_abbrev  0x00001365      0x30a obj\Debug\src\pb_proto.o
 .debug_abbrev  0x0000166f      0x19f obj\Debug\src\pb_test.o
 .debug_abbrev  0x0000180e      0x118 obj\Debug\src\pb_util.o
 .debug_abbrev  0x00001926      0x1f0 obj\Debug\src\pio.o
 .debug_abbrev  0x00001b16      0x11c obj\Debug\src\pio_test.o
 .debug_abbrev  0x00001c32      0x1bd obj\Debug\src\pio_util.o
 .debug_abbrev  0x00001def       0x70 obj\Debug\src\pkt_buf.o
 .debug_abbrev  0x00001e5f      0x2df obj\Debug\src\spi\enc28j60.o
 .debug_abbrev  0x0000213e       0x3f obj\Debug\src\spi\spi.o
 .debug_abbrev  0x0000217d      0x138 obj\Debug\src\stats.o

.debug_line     0x00000000     0x48c4
 *(.debug_line)
 .debug_line    0x00000000      0x47c obj\Debug\src\base\cmd.o
 .debug_line    0x0000047c      0x1d7 obj\Debug\src\base\timer.o
 .debug_line    0x00000653      0x1d6 obj\Debug\src\base\uart.o
 .debug_line    0x00000829      0x320 obj\Debug\src\base\uartutil.o
 .debug_line    0x00000b49      0x316 obj\Debug\src\base\util.o
 .debug_line    0x00000e5f      0x40c obj\Debug\src\bridge.o
 .debug_line    0x0000126b      0x244 obj\Debug\src\bridge_test.o
 .debug_line    0x000014af      0x2c8 obj\Debug\src\cmd_table.o
 .debug_line    0x00001777      0x1d2 obj\Debug\src\cmdkey_table.o
 .debug_line    0x00001949      0x60e obj\Debug\src\dump.o
 .debug_line    0x00001f57       0x8e obj\Debug\src\fuse.o
 .debug_line    0x00001fe5      0x162 obj\Debug\src\main.o
 .debug_line    0x00002147      0x138 obj\Debug\src\net\arp.o
 .debug_line    0x0000227f      0x2ab obj\Debug\src\net\net.o
 .debug_line    0x0000252a      0x156 obj\Debug\src\par_low.o
 .debug_line    0x00002680      0x31b obj\Debug\src\param.o
 .debug_line    0x0000299b      0x77d obj\Debug\src\pb_proto.o
 .debug_line    0x00003118      0x39d obj\Debug\src\pb_test.o
 .debug_line    0x000034b5      0x123 obj\Debug\src\pb_util.o
 .debug_line    0x000035d8      0x2d2 obj\Debug\src\pio.o
 .debug_line    0x000038aa      0x171 obj\Debug\src\pio_test.o
 .debug_line    0x00003a1b      0x412 obj\Debug\src\pio_util.o
 .debug_line    0x00003e2d       0xa1 obj\Debug\src\pkt_buf.o
 .debug_line    0x00003ece      0x6be obj\Debug\src\spi\enc28j60.o
 .debug_line    0x0000458c       0x8f obj\Debug\src\spi\spi.o
 .debug_line    0x0000461b      0x2a9 obj\Debug\src\stats.o

.debug_frame    0x00000000      0xa80
 *(.debug_frame)
 .debug_frame   0x00000000       0x20 obj\Debug\src\base\cmd.o
 .debug_frame   0x00000020       0x60 obj\Debug\src\base\timer.o
 .debug_frame   0x00000080       0x60 obj\Debug\src\base\uart.o
 .debug_frame   0x000000e0       0xd0 obj\Debug\src\base\uartutil.o
 .debug_frame   0x000001b0       0xc0 obj\Debug\src\base\util.o
 .debug_frame   0x00000270       0x50 obj\Debug\src\bridge.o
 .debug_frame   0x000002c0       0x40 obj\Debug\src\bridge_test.o
 .debug_frame   0x00000300       0xe0 obj\Debug\src\cmd_table.o
 .debug_frame   0x000003e0       0xb0 obj\Debug\src\cmdkey_table.o
 .debug_frame   0x00000490       0x90 obj\Debug\src\dump.o
 .debug_frame   0x00000520       0x20 obj\Debug\src\main.o
 .debug_frame   0x00000540       0x30 obj\Debug\src\net\arp.o
 .debug_frame   0x00000570       0xd0 obj\Debug\src\net\net.o
 .debug_frame   0x00000640       0x30 obj\Debug\src\par_low.o
 .debug_frame   0x00000670       0x90 obj\Debug\src\param.o
 .debug_frame   0x00000700       0x60 obj\Debug\src\pb_proto.o
 .debug_frame   0x00000760       0x60 obj\Debug\src\pb_test.o
 .debug_frame   0x000007c0       0x20 obj\Debug\src\pb_util.o
 .debug_frame   0x000007e0       0x90 obj\Debug\src\pio.o
 .debug_frame   0x00000870       0x20 obj\Debug\src\pio_test.o
 .debug_frame   0x00000890       0x60 obj\Debug\src\pio_util.o
 .debug_frame   0x000008f0      0x100 obj\Debug\src\spi\enc28j60.o
 .debug_frame   0x000009f0       0x20 obj\Debug\src\spi\spi.o
 .debug_frame   0x00000a10       0x70 obj\Debug\src\stats.o

.debug_str      0x00000000     0x168c
 *(.debug_str)
 .debug_str     0x00000000      0x177 obj\Debug\src\base\cmd.o
                                0x1d2 (size before relaxing)
 .debug_str     0x00000177       0xa8 obj\Debug\src\base\timer.o
                                0x152 (size before relaxing)
 .debug_str     0x0000021f       0x86 obj\Debug\src\base\uart.o
                                0x123 (size before relaxing)
 .debug_str     0x000002a5      0x100 obj\Debug\src\base\uartutil.o
                                0x1d7 (size before relaxing)
 .debug_str     0x000003a5       0xb8 obj\Debug\src\base\util.o
                                0x17a (size before relaxing)
 .debug_str     0x0000045d      0x187 obj\Debug\src\bridge.o
                                0x281 (size before relaxing)
 .debug_str     0x000005e4       0x30 obj\Debug\src\bridge_test.o
                                0x1ce (size before relaxing)
 .debug_str     0x00000614      0x346 obj\Debug\src\cmd_table.o
                                0x4fa (size before relaxing)
 .debug_str     0x0000095a      0x1f5 obj\Debug\src\cmdkey_table.o
                                0x321 (size before relaxing)
 .debug_str     0x00000b4f      0x1fd obj\Debug\src\dump.o
                                0x343 (size before relaxing)
 .debug_str     0x00000d4c       0x29 obj\Debug\src\fuse.o
                                 0xb9 (size before relaxing)
 .debug_str     0x00000d75       0x18 obj\Debug\src\main.o
                                 0xd4 (size before relaxing)
 .debug_str     0x00000d8d       0x56 obj\Debug\src\net\arp.o
                                0x12a (size before relaxing)
 .debug_str     0x00000de3       0xbd obj\Debug\src\net\net.o
                                0x1ac (size before relaxing)
 .debug_str     0x00000ea0       0x49 obj\Debug\src\par_low.o
                                 0xe1 (size before relaxing)
 .debug_str     0x00000ee9       0x8e obj\Debug\src\param.o
                                0x218 (size before relaxing)
 .debug_str     0x00000f77      0x1bc obj\Debug\src\pb_proto.o
                                0x325 (size before relaxing)
 .debug_str     0x00001133       0x86 obj\Debug\src\pb_test.o
                                0x27c (size before relaxing)
 .debug_str     0x000011b9       0x27 obj\Debug\src\pb_util.o
                                0x153 (size before relaxing)
 .debug_str     0x000011e0      0x1c4 obj\Debug\src\pio.o
                                0x2e6 (size before relaxing)
 .debug_str     0x000013a4       0x1d obj\Debug\src\pio_test.o
                                0x16a (size before relaxing)
 .debug_str     0x000013c1       0xbd obj\Debug\src\pio_util.o
                                0x32e (size before relaxing)
 .debug_str     0x0000147e        0xe obj\Debug\src\pkt_buf.o
                                 0xae (size before relaxing)
 .debug_str     0x0000148c      0x1b2 obj\Debug\src\spi\enc28j60.o
                                0x379 (size before relaxing)
 .debug_str     0x0000163e       0x17 obj\Debug\src\spi\spi.o
                                 0xa7 (size before relaxing)
 .debug_str     0x00001655       0x37 obj\Debug\src\stats.o
                                0x13d (size before relaxing)

.debug_loc      0x00000000     0x3237
 *(.debug_loc)
 .debug_loc     0x00000000      0x5df obj\Debug\src\base\cmd.o
 .debug_loc     0x000005df       0xfe obj\Debug\src\base\timer.o
 .debug_loc     0x000006dd       0x31 obj\Debug\src\base\uart.o
 .debug_loc     0x0000070e      0x1d2 obj\Debug\src\base\uartutil.o
 .debug_loc     0x000008e0      0x5c2 obj\Debug\src\base\util.o
 .debug_loc     0x00000ea2      0x1f4 obj\Debug\src\bridge.o
 .debug_loc     0x00001096      0x149 obj\Debug\src\bridge_test.o
 .debug_loc     0x000011df      0x41b obj\Debug\src\cmd_table.o
 .debug_loc     0x000015fa      0x43c obj\Debug\src\dump.o
 .debug_loc     0x00001a36       0x1e obj\Debug\src\main.o
 .debug_loc     0x00001a54      0x108 obj\Debug\src\net\arp.o
 .debug_loc     0x00001b5c      0x2bb obj\Debug\src\net\net.o
 .debug_loc     0x00001e17       0x26 obj\Debug\src\par_low.o
 .debug_loc     0x00001e3d      0x111 obj\Debug\src\param.o
 .debug_loc     0x00001f4e      0x644 obj\Debug\src\pb_proto.o
 .debug_loc     0x00002592      0x19d obj\Debug\src\pb_test.o
 .debug_loc     0x0000272f       0x3f obj\Debug\src\pb_util.o
 .debug_loc     0x0000276e      0x35f obj\Debug\src\pio.o
 .debug_loc     0x00002acd       0x29 obj\Debug\src\pio_test.o
 .debug_loc     0x00002af6      0x194 obj\Debug\src\pio_util.o
 .debug_loc     0x00002c8a      0x489 obj\Debug\src\spi\enc28j60.o
 .debug_loc     0x00003113      0x124 obj\Debug\src\stats.o

.debug_macinfo
 *(.debug_macinfo)
OUTPUT(bin\Debug\plipUltimate.elf elf32-avr)
LOAD linker stubs

.debug_ranges   0x00000000      0x4f0
 .debug_ranges  0x00000000      0x328 obj\Debug\src\base\cmd.o
 .debug_ranges  0x00000328       0x18 obj\Debug\src\base\uartutil.o
 .debug_ranges  0x00000340       0x18 obj\Debug\src\base\util.o
 .debug_ranges  0x00000358       0x38 obj\Debug\src\bridge.o
 .debug_ranges  0x00000390       0x18 obj\Debug\src\bridge_test.o
 .debug_ranges  0x000003a8       0x18 obj\Debug\src\main.o
 .debug_ranges  0x000003c0       0x30 obj\Debug\src\net\net.o
 .debug_ranges  0x000003f0       0xa0 obj\Debug\src\pb_proto.o
 .debug_ranges  0x00000490       0x30 obj\Debug\src\pb_test.o
 .debug_ranges  0x000004c0       0x18 obj\Debug\src\pio_test.o
 .debug_ranges  0x000004d8       0x18 obj\Debug\src\spi\enc28j60.o

Cross Reference Table

Symbol                                            File
__bad_interrupt                                   d:/prg/kompilatory/winavr/bin/../lib/gcc/avr/4.3.3/../../../../avr/lib/avr5/crtm328p.o
__bss_end                                         d:/prg/kompilatory/winavr/bin/../lib/gcc/avr/4.3.3/avr5\libgcc.a(_clear_bss.o)
__bss_start                                       d:/prg/kompilatory/winavr/bin/../lib/gcc/avr/4.3.3/avr5\libgcc.a(_clear_bss.o)
__data_end                                        d:/prg/kompilatory/winavr/bin/../lib/gcc/avr/4.3.3/avr5\libgcc.a(_copy_data.o)
__data_load_start                                 d:/prg/kompilatory/winavr/bin/../lib/gcc/avr/4.3.3/avr5\libgcc.a(_copy_data.o)
__data_start                                      d:/prg/kompilatory/winavr/bin/../lib/gcc/avr/4.3.3/avr5\libgcc.a(_copy_data.o)
__do_clear_bss                                    d:/prg/kompilatory/winavr/bin/../lib/gcc/avr/4.3.3/avr5\libgcc.a(_clear_bss.o)
                                                  obj\Debug\src\stats.o
                                                  obj\Debug\src\spi\enc28j60.o
                                                  obj\Debug\src\pkt_buf.o
                                                  obj\Debug\src\pio.o
                                                  obj\Debug\src\pb_test.o
                                                  obj\Debug\src\pb_proto.o
                                                  obj\Debug\src\param.o
                                                  obj\Debug\src\main.o
                                                  obj\Debug\src\bridge_test.o
                                                  obj\Debug\src\bridge.o
                                                  obj\Debug\src\base\uartutil.o
                                                  obj\Debug\src\base\uart.o
                                                  obj\Debug\src\base\timer.o
                                                  obj\Debug\src\base\cmd.o
__do_copy_data                                    d:/prg/kompilatory/winavr/bin/../lib/gcc/avr/4.3.3/avr5\libgcc.a(_copy_data.o)
                                                  obj\Debug\src\pb_proto.o
                                                  obj\Debug\src\net\net.o
__eerd_block_m328p                                d:/prg/kompilatory/winavr/bin/../lib/gcc/avr/4.3.3/../../../../avr/lib/avr5\libc.a(eerd_block_atmega328p.o)
                                                  obj\Debug\src\param.o
__eerd_blraw_m328p                                d:/prg/kompilatory/winavr/bin/../lib/gcc/avr/4.3.3/../../../../avr/lib/avr5\libc.a(eerd_block_atmega328p.o)
                                                  d:/prg/kompilatory/winavr/bin/../lib/gcc/avr/4.3.3/../../../../avr/lib/avr5\libc.a(eerd_word_atmega328p.o)
__eerd_word_m328p                                 d:/prg/kompilatory/winavr/bin/../lib/gcc/avr/4.3.3/../../../../avr/lib/avr5\libc.a(eerd_word_atmega328p.o)
                                                  obj\Debug\src\param.o
__eewr_block_m328p                                d:/prg/kompilatory/winavr/bin/../lib/gcc/avr/4.3.3/../../../../avr/lib/avr5\libc.a(eewr_block_atmega328p.o)
                                                  obj\Debug\src\param.o
__eewr_byte_m328p                                 d:/prg/kompilatory/winavr/bin/../lib/gcc/avr/4.3.3/../../../../avr/lib/avr5\libc.a(eewr_byte_atmega328p.o)
                                                  d:/prg/kompilatory/winavr/bin/../lib/gcc/avr/4.3.3/../../../../avr/lib/avr5\libc.a(eewr_word_atmega328p.o)
__eewr_r18_m328p                                  d:/prg/kompilatory/winavr/bin/../lib/gcc/avr/4.3.3/../../../../avr/lib/avr5\libc.a(eewr_byte_atmega328p.o)
                                                  d:/prg/kompilatory/winavr/bin/../lib/gcc/avr/4.3.3/../../../../avr/lib/avr5\libc.a(eewr_word_atmega328p.o)
                                                  d:/prg/kompilatory/winavr/bin/../lib/gcc/avr/4.3.3/../../../../avr/lib/avr5\libc.a(eewr_block_atmega328p.o)
__eewr_word_m328p                                 d:/prg/kompilatory/winavr/bin/../lib/gcc/avr/4.3.3/../../../../avr/lib/avr5\libc.a(eewr_word_atmega328p.o)
                                                  obj\Debug\src\param.o
__fuse                                            obj\Debug\src\fuse.o
__heap_end                                        d:/prg/kompilatory/winavr/bin/../lib/gcc/avr/4.3.3/../../../../avr/lib/avr5/crtm328p.o
__init                                            d:/prg/kompilatory/winavr/bin/../lib/gcc/avr/4.3.3/../../../../avr/lib/avr5/crtm328p.o
__mulsi3                                          d:/prg/kompilatory/winavr/bin/../lib/gcc/avr/4.3.3/avr5\libgcc.a(_mulsi3.o)
                                                  obj\Debug\src\base\timer.o
__stack                                           d:/prg/kompilatory/winavr/bin/../lib/gcc/avr/4.3.3/../../../../avr/lib/avr5/crtm328p.o
__udivmodqi4                                      d:/prg/kompilatory/winavr/bin/../lib/gcc/avr/4.3.3/avr5\libgcc.a(_udivmodqi4.o)
                                                  obj\Debug\src\base\util.o
__udivmodsi4                                      d:/prg/kompilatory/winavr/bin/../lib/gcc/avr/4.3.3/avr5\libgcc.a(_udivmodsi4.o)
                                                  obj\Debug\src\base\util.o
                                                  obj\Debug\src\base\timer.o
__vector_1                                        d:/prg/kompilatory/winavr/bin/../lib/gcc/avr/4.3.3/../../../../avr/lib/avr5/crtm328p.o
__vector_10                                       d:/prg/kompilatory/winavr/bin/../lib/gcc/avr/4.3.3/../../../../avr/lib/avr5/crtm328p.o
__vector_11                                       d:/prg/kompilatory/winavr/bin/../lib/gcc/avr/4.3.3/../../../../avr/lib/avr5/crtm328p.o
__vector_12                                       d:/prg/kompilatory/winavr/bin/../lib/gcc/avr/4.3.3/../../../../avr/lib/avr5/crtm328p.o
__vector_13                                       d:/prg/kompilatory/winavr/bin/../lib/gcc/avr/4.3.3/../../../../avr/lib/avr5/crtm328p.o
__vector_14                                       d:/prg/kompilatory/winavr/bin/../lib/gcc/avr/4.3.3/../../../../avr/lib/avr5/crtm328p.o
__vector_15                                       d:/prg/kompilatory/winavr/bin/../lib/gcc/avr/4.3.3/../../../../avr/lib/avr5/crtm328p.o
__vector_16                                       d:/prg/kompilatory/winavr/bin/../lib/gcc/avr/4.3.3/../../../../avr/lib/avr5/crtm328p.o
__vector_17                                       d:/prg/kompilatory/winavr/bin/../lib/gcc/avr/4.3.3/../../../../avr/lib/avr5/crtm328p.o
__vector_18                                       obj\Debug\src\base\uart.o
                                                  d:/prg/kompilatory/winavr/bin/../lib/gcc/avr/4.3.3/../../../../avr/lib/avr5/crtm328p.o
__vector_19                                       d:/prg/kompilatory/winavr/bin/../lib/gcc/avr/4.3.3/../../../../avr/lib/avr5/crtm328p.o
__vector_2                                        d:/prg/kompilatory/winavr/bin/../lib/gcc/avr/4.3.3/../../../../avr/lib/avr5/crtm328p.o
__vector_20                                       d:/prg/kompilatory/winavr/bin/../lib/gcc/avr/4.3.3/../../../../avr/lib/avr5/crtm328p.o
__vector_21                                       d:/prg/kompilatory/winavr/bin/../lib/gcc/avr/4.3.3/../../../../avr/lib/avr5/crtm328p.o
__vector_22                                       d:/prg/kompilatory/winavr/bin/../lib/gcc/avr/4.3.3/../../../../avr/lib/avr5/crtm328p.o
__vector_23                                       d:/prg/kompilatory/winavr/bin/../lib/gcc/avr/4.3.3/../../../../avr/lib/avr5/crtm328p.o
__vector_24                                       d:/prg/kompilatory/winavr/bin/../lib/gcc/avr/4.3.3/../../../../avr/lib/avr5/crtm328p.o
__vector_25                                       d:/prg/kompilatory/winavr/bin/../lib/gcc/avr/4.3.3/../../../../avr/lib/avr5/crtm328p.o
__vector_3                                        d:/prg/kompilatory/winavr/bin/../lib/gcc/avr/4.3.3/../../../../avr/lib/avr5/crtm328p.o
__vector_4                                        d:/prg/kompilatory/winavr/bin/../lib/gcc/avr/4.3.3/../../../../avr/lib/avr5/crtm328p.o
__vector_5                                        d:/prg/kompilatory/winavr/bin/../lib/gcc/avr/4.3.3/../../../../avr/lib/avr5/crtm328p.o
__vector_6                                        d:/prg/kompilatory/winavr/bin/../lib/gcc/avr/4.3.3/../../../../avr/lib/avr5/crtm328p.o
__vector_7                                        obj\Debug\src\base\timer.o
                                                  d:/prg/kompilatory/winavr/bin/../lib/gcc/avr/4.3.3/../../../../avr/lib/avr5/crtm328p.o
__vector_8                                        d:/prg/kompilatory/winavr/bin/../lib/gcc/avr/4.3.3/../../../../avr/lib/avr5/crtm328p.o
__vector_9                                        d:/prg/kompilatory/winavr/bin/../lib/gcc/avr/4.3.3/../../../../avr/lib/avr5/crtm328p.o
__vector_default                                  d:/prg/kompilatory/winavr/bin/../lib/gcc/avr/4.3.3/../../../../avr/lib/avr5/crtm328p.o
__vectors                                         d:/prg/kompilatory/winavr/bin/../lib/gcc/avr/4.3.3/../../../../avr/lib/avr5/crtm328p.o
_exit                                             d:/prg/kompilatory/winavr/bin/../lib/gcc/avr/4.3.3/avr5\libgcc.a(_exit.o)
arp_is_ipv4                                       obj\Debug\src\net\arp.o
                                                  obj\Debug\src\pio_util.o
arp_make_reply                                    obj\Debug\src\net\arp.o
                                                  obj\Debug\src\pio_util.o
bridge_loop                                       obj\Debug\src\bridge.o
                                                  obj\Debug\src\main.o
bridge_test_loop                                  obj\Debug\src\bridge_test.o
                                                  obj\Debug\src\main.o
byte_to_dec                                       obj\Debug\src\base\util.o
                                                  obj\Debug\src\net\net.o
byte_to_hex                                       obj\Debug\src\base\util.o
                                                  obj\Debug\src\net\net.o
                                                  obj\Debug\src\base\uartutil.o
cmd_args                                          obj\Debug\src\base\cmd.o
cmd_line                                          obj\Debug\src\base\cmd.o
cmd_table                                         obj\Debug\src\cmd_table.o
                                                  obj\Debug\src\base\cmd.o
cmd_worker                                        obj\Debug\src\base\cmd.o
                                                  obj\Debug\src\pio_test.o
                                                  obj\Debug\src\pb_test.o
                                                  obj\Debug\src\bridge_test.o
                                                  obj\Debug\src\bridge.o
cmdkey_table                                      obj\Debug\src\cmdkey_table.o
                                                  obj\Debug\src\base\cmd.o
dump_arp_pkt                                      obj\Debug\src\dump.o
dump_eth_pkt                                      obj\Debug\src\dump.o
dump_ip_pkt                                       obj\Debug\src\dump.o
dump_ip_protocol                                  obj\Debug\src\dump.o
dump_line                                         obj\Debug\src\dump.o
dump_pb_cmd                                       obj\Debug\src\dump.o
                                                  obj\Debug\src\pb_util.o
                                                  obj\Debug\src\pb_test.o
dword_to_dec                                      obj\Debug\src\base\util.o
                                                  obj\Debug\src\dump.o
                                                  obj\Debug\src\base\uartutil.o
dword_to_hex                                      obj\Debug\src\base\util.o
                                                  obj\Debug\src\base\uartutil.o
eeprom_crc16                                      obj\Debug\src\param.o
eeprom_param                                      obj\Debug\src\param.o
exit                                              d:/prg/kompilatory/winavr/bin/../lib/gcc/avr/4.3.3/avr5\libgcc.a(_exit.o)
                                                  d:/prg/kompilatory/winavr/bin/../lib/gcc/avr/4.3.3/../../../../avr/lib/avr5/crtm328p.o
global_verbose                                    obj\Debug\src\main.o
                                                  obj\Debug\src\pio_util.o
                                                  obj\Debug\src\pb_util.o
                                                  obj\Debug\src\cmdkey_table.o
                                                  obj\Debug\src\bridge.o
main                                              obj\Debug\src\main.o
                                                  d:/prg/kompilatory/winavr/bin/../lib/gcc/avr/4.3.3/../../../../avr/lib/avr5/crtm328p.o
net_bcast_mac                                     obj\Debug\src\net\net.o
                                                  obj\Debug\src\pio_util.o
                                                  obj\Debug\src\pb_test.o
                                                  obj\Debug\src\bridge.o
net_compare_ip                                    obj\Debug\src\net\net.o
                                                  obj\Debug\src\pio_util.o
net_compare_mac                                   obj\Debug\src\net\net.o
                                                  obj\Debug\src\pb_test.o
                                                  obj\Debug\src\bridge.o
net_copy_ip                                       obj\Debug\src\net\net.o
                                                  obj\Debug\src\pio_util.o
                                                  obj\Debug\src\net\arp.o
                                                  obj\Debug\src\cmd_table.o
net_copy_mac                                      obj\Debug\src\net\net.o
                                                  obj\Debug\src\pio_util.o
                                                  obj\Debug\src\pb_test.o
                                                  obj\Debug\src\net\arp.o
                                                  obj\Debug\src\cmd_table.o
                                                  obj\Debug\src\bridge.o
net_dump_ip                                       obj\Debug\src\net\net.o
                                                  obj\Debug\src\pio_util.o
                                                  obj\Debug\src\param.o
                                                  obj\Debug\src\dump.o
net_dump_mac                                      obj\Debug\src\net\net.o
                                                  obj\Debug\src\pio.o
                                                  obj\Debug\src\param.o
                                                  obj\Debug\src\dump.o
net_get_long                                      obj\Debug\src\net\net.o
                                                  obj\Debug\src\dump.o
net_get_word                                      obj\Debug\src\net\net.o
                                                  obj\Debug\src\pio_util.o
                                                  obj\Debug\src\net\arp.o
                                                  obj\Debug\src\dump.o
                                                  obj\Debug\src\bridge_test.o
                                                  obj\Debug\src\bridge.o
net_ones_ip                                       obj\Debug\src\net\net.o
net_parse_ip                                      obj\Debug\src\net\net.o
                                                  obj\Debug\src\cmd_table.o
net_parse_mac                                     obj\Debug\src\net\net.o
                                                  obj\Debug\src\cmd_table.o
net_put_long                                      obj\Debug\src\net\net.o
net_put_word                                      obj\Debug\src\net\net.o
                                                  obj\Debug\src\pio_util.o
                                                  obj\Debug\src\net\arp.o
                                                  obj\Debug\src\bridge_test.o
                                                  obj\Debug\src\bridge.o
net_zero_ip                                       obj\Debug\src\net\net.o
net_zero_mac                                      obj\Debug\src\net\net.o
nybble_to_hex                                     obj\Debug\src\base\util.o
par_low_init                                      obj\Debug\src\par_low.o
                                                  obj\Debug\src\main.o
par_low_pulse_ack                                 obj\Debug\src\par_low.o
                                                  obj\Debug\src\pb_proto.o
param                                             obj\Debug\src\pio_util.o
                                                  obj\Debug\src\pio_test.o
                                                  obj\Debug\src\pb_test.o
                                                  obj\Debug\src\param.o
                                                  obj\Debug\src\cmd_table.o
                                                  obj\Debug\src\bridge_test.o
                                                  obj\Debug\src\bridge.o
param_dump                                        obj\Debug\src\param.o
                                                  obj\Debug\src\main.o
                                                  obj\Debug\src\cmd_table.o
param_init                                        obj\Debug\src\param.o
                                                  obj\Debug\src\main.o
param_load                                        obj\Debug\src\param.o
                                                  obj\Debug\src\cmd_table.o
param_reset                                       obj\Debug\src\param.o
                                                  obj\Debug\src\cmd_table.o
param_save                                        obj\Debug\src\param.o
                                                  obj\Debug\src\cmd_table.o
                                                  obj\Debug\src\bridge.o
parse_byte                                        obj\Debug\src\base\util.o
                                                  obj\Debug\src\net\net.o
                                                  obj\Debug\src\cmd_table.o
parse_byte_dec                                    obj\Debug\src\base\util.o
                                                  obj\Debug\src\net\net.o
parse_dword                                       obj\Debug\src\base\util.o
parse_nybble                                      obj\Debug\src\base\util.o
parse_word                                        obj\Debug\src\base\util.o
                                                  obj\Debug\src\cmd_table.o
pb_proto_get_line_status                          obj\Debug\src\pb_proto.o
pb_proto_handle                                   obj\Debug\src\pb_proto.o
                                                  obj\Debug\src\pb_util.o
pb_proto_init                                     obj\Debug\src\pb_proto.o
                                                  obj\Debug\src\pb_test.o
                                                  obj\Debug\src\bridge_test.o
                                                  obj\Debug\src\bridge.o
pb_proto_request_recv                             obj\Debug\src\pb_proto.o
                                                  obj\Debug\src\pb_test.o
                                                  obj\Debug\src\bridge_test.o
                                                  obj\Debug\src\bridge.o
pb_proto_stat                                     obj\Debug\src\pb_util.o
                                                  obj\Debug\src\pb_test.o
                                                  obj\Debug\src\pb_proto.o
pb_proto_timeout                                  obj\Debug\src\pb_proto.o
pb_test_loop                                      obj\Debug\src\pb_test.o
                                                  obj\Debug\src\main.o
pb_test_send_packet                               obj\Debug\src\pb_test.o
                                                  obj\Debug\src\cmdkey_table.o
pb_test_toggle_auto                               obj\Debug\src\pb_test.o
                                                  obj\Debug\src\cmdkey_table.o
pb_util_handle                                    obj\Debug\src\pb_util.o
                                                  obj\Debug\src\pb_test.o
                                                  obj\Debug\src\bridge_test.o
                                                  obj\Debug\src\bridge.o
pio_control                                       obj\Debug\src\pio.o
                                                  obj\Debug\src\bridge.o
pio_dev_enc28j60                                  obj\Debug\src\spi\enc28j60.o
pio_exit                                          obj\Debug\src\pio.o
                                                  obj\Debug\src\pio_test.o
                                                  obj\Debug\src\bridge_test.o
                                                  obj\Debug\src\bridge.o
pio_has_recv                                      obj\Debug\src\pio.o
                                                  obj\Debug\src\pio_test.o
                                                  obj\Debug\src\bridge_test.o
                                                  obj\Debug\src\bridge.o
pio_init                                          obj\Debug\src\pio.o
                                                  obj\Debug\src\pio_test.o
                                                  obj\Debug\src\bridge_test.o
                                                  obj\Debug\src\bridge.o
pio_recv                                          obj\Debug\src\pio.o
                                                  obj\Debug\src\pio_util.o
pio_send                                          obj\Debug\src\pio.o
                                                  obj\Debug\src\pio_util.o
pio_set_device                                    obj\Debug\src\pio.o
pio_status                                        obj\Debug\src\pio.o
pio_test_loop                                     obj\Debug\src\pio_test.o
                                                  obj\Debug\src\main.o
pio_util_get_init_flags                           obj\Debug\src\pio_util.o
                                                  obj\Debug\src\pio_test.o
                                                  obj\Debug\src\bridge_test.o
                                                  obj\Debug\src\bridge.o
pio_util_handle_arp                               obj\Debug\src\pio_util.o
                                                  obj\Debug\src\pio_test.o
                                                  obj\Debug\src\bridge_test.o
pio_util_handle_udp_test                          obj\Debug\src\pio_util.o
                                                  obj\Debug\src\pio_test.o
                                                  obj\Debug\src\bridge_test.o
pio_util_recv_packet                              obj\Debug\src\pio_util.o
                                                  obj\Debug\src\pio_test.o
                                                  obj\Debug\src\bridge_test.o
                                                  obj\Debug\src\bridge.o
pio_util_send_packet                              obj\Debug\src\pio_util.o
                                                  obj\Debug\src\pio_test.o
                                                  obj\Debug\src\bridge_test.o
                                                  obj\Debug\src\bridge.o
pkt_buf                                           obj\Debug\src\pkt_buf.o
                                                  obj\Debug\src\pio_util.o
                                                  obj\Debug\src\pb_test.o
                                                  obj\Debug\src\bridge_test.o
                                                  obj\Debug\src\bridge.o
run_mode                                          obj\Debug\src\main.o
                                                  obj\Debug\src\pio_test.o
                                                  obj\Debug\src\pb_test.o
                                                  obj\Debug\src\cmdkey_table.o
                                                  obj\Debug\src\bridge_test.o
                                                  obj\Debug\src\bridge.o
spi_init                                          obj\Debug\src\spi\spi.o
                                                  obj\Debug\src\spi\enc28j60.o
stats                                             obj\Debug\src\stats.o
                                                  obj\Debug\src\pio_util.o
                                                  obj\Debug\src\pio_test.o
                                                  obj\Debug\src\pb_util.o
stats_dump                                        obj\Debug\src\stats.o
                                                  obj\Debug\src\pio_test.o
                                                  obj\Debug\src\pb_test.o
stats_dump_all                                    obj\Debug\src\stats.o
                                                  obj\Debug\src\cmdkey_table.o
                                                  obj\Debug\src\cmd_table.o
                                                  obj\Debug\src\bridge_test.o
                                                  obj\Debug\src\bridge.o
stats_reset                                       obj\Debug\src\stats.o
                                                  obj\Debug\src\pio_test.o
                                                  obj\Debug\src\pb_test.o
                                                  obj\Debug\src\cmdkey_table.o
                                                  obj\Debug\src\cmd_table.o
                                                  obj\Debug\src\bridge_test.o
                                                  obj\Debug\src\bridge.o
stats_update_ok                                   obj\Debug\src\stats.o
                                                  obj\Debug\src\pio_util.o
                                                  obj\Debug\src\pb_util.o
strcmp_P                                          d:/prg/kompilatory/winavr/bin/../lib/gcc/avr/4.3.3/../../../../avr/lib/avr5\libc.a(strcmp_P.o)
                                                  obj\Debug\src\base\cmd.o
time_stamp                                        obj\Debug\src\pb_proto.o
                                                  obj\Debug\src\base\uartutil.o
                                                  obj\Debug\src\base\timer.o
timer_100us                                       obj\Debug\src\pb_proto.o
                                                  obj\Debug\src\base\timer.o
timer_10ms                                        obj\Debug\src\base\timer.o
timer_delay_100us                                 obj\Debug\src\base\timer.o
                                                  obj\Debug\src\spi\enc28j60.o
timer_delay_10ms                                  obj\Debug\src\base\timer.o
                                                  obj\Debug\src\main.o
timer_hw_calc_rate_kbs                            obj\Debug\src\base\timer.o
                                                  obj\Debug\src\pio_util.o
                                                  obj\Debug\src\pb_proto.o
timer_init                                        obj\Debug\src\base\timer.o
                                                  obj\Debug\src\main.o
uart_init                                         obj\Debug\src\base\uart.o
                                                  obj\Debug\src\main.o
uart_read                                         obj\Debug\src\base\uart.o
                                                  obj\Debug\src\base\cmd.o
uart_read_data_available                          obj\Debug\src\base\uart.o
                                                  obj\Debug\src\base\cmd.o
uart_send                                         obj\Debug\src\base\uart.o
                                                  obj\Debug\src\dump.o
                                                  obj\Debug\src\base\uartutil.o
                                                  obj\Debug\src\base\cmd.o
uart_send_crlf                                    obj\Debug\src\base\uartutil.o
                                                  obj\Debug\src\stats.o
                                                  obj\Debug\src\pio_util.o
                                                  obj\Debug\src\pio.o
                                                  obj\Debug\src\pb_test.o
                                                  obj\Debug\src\param.o
                                                  obj\Debug\src\main.o
                                                  obj\Debug\src\dump.o
                                                  obj\Debug\src\bridge.o
                                                  obj\Debug\src\base\cmd.o
uart_send_data                                    obj\Debug\src\base\uartutil.o
                                                  obj\Debug\src\dump.o
uart_send_delta                                   obj\Debug\src\base\uartutil.o
                                                  obj\Debug\src\dump.o
uart_send_hex_byte                                obj\Debug\src\base\uartutil.o
                                                  obj\Debug\src\pio_util.o
                                                  obj\Debug\src\pio.o
                                                  obj\Debug\src\param.o
                                                  obj\Debug\src\dump.o
                                                  obj\Debug\src\base\cmd.o
uart_send_hex_dword                               obj\Debug\src\base\uartutil.o
                                                  obj\Debug\src\stats.o
                                                  obj\Debug\src\dump.o
uart_send_hex_word                                obj\Debug\src\base\uartutil.o
                                                  obj\Debug\src\stats.o
                                                  obj\Debug\src\pio_util.o
                                                  obj\Debug\src\pb_test.o
                                                  obj\Debug\src\param.o
                                                  obj\Debug\src\dump.o
                                                  obj\Debug\src\bridge.o
uart_send_pstring                                 obj\Debug\src\base\uartutil.o
                                                  obj\Debug\src\stats.o
                                                  obj\Debug\src\pio_util.o
                                                  obj\Debug\src\pio_test.o
                                                  obj\Debug\src\pio.o
                                                  obj\Debug\src\pb_test.o
                                                  obj\Debug\src\param.o
                                                  obj\Debug\src\main.o
                                                  obj\Debug\src\dump.o
                                                  obj\Debug\src\cmdkey_table.o
                                                  obj\Debug\src\cmd_table.o
                                                  obj\Debug\src\bridge_test.o
                                                  obj\Debug\src\bridge.o
                                                  obj\Debug\src\base\cmd.o
uart_send_rate_kbs                                obj\Debug\src\base\uartutil.o
                                                  obj\Debug\src\stats.o
                                                  obj\Debug\src\pio_util.o
                                                  obj\Debug\src\dump.o
uart_send_spc                                     obj\Debug\src\base\uartutil.o
                                                  obj\Debug\src\stats.o
                                                  obj\Debug\src\base\cmd.o
uart_send_string                                  obj\Debug\src\base\uartutil.o
                                                  obj\Debug\src\net\net.o
uart_send_time_stamp_spc                          obj\Debug\src\base\uartutil.o
                                                  obj\Debug\src\pio_util.o
                                                  obj\Debug\src\pio_test.o
                                                  obj\Debug\src\pio.o
                                                  obj\Debug\src\pb_test.o
                                                  obj\Debug\src\dump.o
                                                  obj\Debug\src\bridge_test.o
                                                  obj\Debug\src\bridge.o
uart_send_time_stamp_spc_ext                      obj\Debug\src\base\uartutil.o
word_to_hex                                       obj\Debug\src\base\util.o
                                                  obj\Debug\src\base\uartutil.o
