Archive member included because of file (symbol)

d:/prg/kompilatory/winavr/bin/../lib/gcc/avr/4.3.3/avr5\libgcc.a(_mulsi3.o)
                              obj\Debug\src\base\timer.o (__mulsi3)
d:/prg/kompilatory/winavr/bin/../lib/gcc/avr/4.3.3/avr5\libgcc.a(_udivmodqi4.o)
                              obj\Debug\src\base\util.o (__udivmodqi4)
d:/prg/kompilatory/winavr/bin/../lib/gcc/avr/4.3.3/avr5\libgcc.a(_udivmodsi4.o)
                              obj\Debug\src\base\timer.o (__udivmodsi4)
d:/prg/kompilatory/winavr/bin/../lib/gcc/avr/4.3.3/avr5\libgcc.a(_exit.o)
                              d:/prg/kompilatory/winavr/bin/../lib/gcc/avr/4.3.3/../../../../avr/lib/avr5/crtm328p.o (exit)
d:/prg/kompilatory/winavr/bin/../lib/gcc/avr/4.3.3/avr5\libgcc.a(_copy_data.o)
                              obj\Debug\src\net\net.o (__do_copy_data)
d:/prg/kompilatory/winavr/bin/../lib/gcc/avr/4.3.3/avr5\libgcc.a(_clear_bss.o)
                              obj\Debug\src\base\timer.o (__do_clear_bss)
d:/prg/kompilatory/winavr/bin/../lib/gcc/avr/4.3.3/../../../../avr/lib/avr5\libc.a(eerd_block_atmega328p.o)
                              obj\Debug\src\config.o (__eerd_block_m328p)
d:/prg/kompilatory/winavr/bin/../lib/gcc/avr/4.3.3/../../../../avr/lib/avr5\libc.a(eerd_word_atmega328p.o)
                              obj\Debug\src\config.o (__eerd_word_m328p)
d:/prg/kompilatory/winavr/bin/../lib/gcc/avr/4.3.3/../../../../avr/lib/avr5\libc.a(eewr_block_atmega328p.o)
                              obj\Debug\src\config.o (__eewr_block_m328p)
d:/prg/kompilatory/winavr/bin/../lib/gcc/avr/4.3.3/../../../../avr/lib/avr5\libc.a(eewr_byte_atmega328p.o)
                              d:/prg/kompilatory/winavr/bin/../lib/gcc/avr/4.3.3/../../../../avr/lib/avr5\libc.a(eewr_block_atmega328p.o) (__eewr_r18_m328p)
d:/prg/kompilatory/winavr/bin/../lib/gcc/avr/4.3.3/../../../../avr/lib/avr5\libc.a(eewr_word_atmega328p.o)
                              obj\Debug\src\config.o (__eewr_word_m328p)

Allocating common symbols
Common symbol       size              file

g_uwCmdResponseSize
                    0x2               obj\Debug\src\cmd.o
pb_proto_stat       0x10              obj\Debug\src\pb_proto.o
s_ubFlags           0x1               obj\Debug\src\bridge.o
g_uwTimer10ms       0x2               obj\Debug\src\base\timer.o
g_pDataBuffer       0x5ea             obj\Debug\src\pkt_buf.o
stats               0x30              obj\Debug\src\stats.o
g_uwTimer100us      0x2               obj\Debug\src\base\timer.o
g_uwTimeStamp       0x4               obj\Debug\src\base\timer.o
g_sConfig           0x14              obj\Debug\src\config.o

Memory Configuration

Name             Origin             Length             Attributes
text             0x00000000         0x00020000         xr
data             0x00800060         0x0000ffa0         rw !x
eeprom           0x00810000         0x00010000         rw !x
fuse             0x00820000         0x00000400         rw !x
lock             0x00830000         0x00000400         rw !x
signature        0x00840000         0x00000400         rw !x
*default*        0x00000000         0xffffffff

Linker script and memory map

Address of section .data set to 0x800100
LOAD d:/prg/kompilatory/winavr/bin/../lib/gcc/avr/4.3.3/../../../../avr/lib/avr5/crtm328p.o
LOAD obj\Debug\src\base\timer.o
LOAD obj\Debug\src\base\util.o
LOAD obj\Debug\src\bridge.o
LOAD obj\Debug\src\cmd.o
LOAD obj\Debug\src\cmd_table.o
LOAD obj\Debug\src\cmdkey_table.o
LOAD obj\Debug\src\config.o
LOAD obj\Debug\src\fuse.o
LOAD obj\Debug\src\main.o
LOAD obj\Debug\src\net\arp.o
LOAD obj\Debug\src\net\net.o
LOAD obj\Debug\src\pb_proto.o
LOAD obj\Debug\src\pio_util.o
LOAD obj\Debug\src\pkt_buf.o
LOAD obj\Debug\src\spi\enc28j60.o
LOAD obj\Debug\src\spi\spi.o
LOAD obj\Debug\src\stats.o
LOAD d:/prg/kompilatory/winavr/bin/../lib/gcc/avr/4.3.3/avr5\libgcc.a
LOAD d:/prg/kompilatory/winavr/bin/../lib/gcc/avr/4.3.3/../../../../avr/lib/avr5\libm.a
LOAD d:/prg/kompilatory/winavr/bin/../lib/gcc/avr/4.3.3/avr5\libgcc.a
LOAD d:/prg/kompilatory/winavr/bin/../lib/gcc/avr/4.3.3/../../../../avr/lib/avr5\libc.a
LOAD d:/prg/kompilatory/winavr/bin/../lib/gcc/avr/4.3.3/avr5\libgcc.a

.hash
 *(.hash)

.dynsym
 *(.dynsym)

.dynstr
 *(.dynstr)

.gnu.version
 *(.gnu.version)

.gnu.version_d
 *(.gnu.version_d)

.gnu.version_r
 *(.gnu.version_r)

.rel.init
 *(.rel.init)

.rela.init
 *(.rela.init)

.rel.text
 *(.rel.text)
 *(.rel.text.*)
 *(.rel.gnu.linkonce.t*)

.rela.text
 *(.rela.text)
 *(.rela.text.*)
 *(.rela.gnu.linkonce.t*)

.rel.fini
 *(.rel.fini)

.rela.fini
 *(.rela.fini)

.rel.rodata
 *(.rel.rodata)
 *(.rel.rodata.*)
 *(.rel.gnu.linkonce.r*)

.rela.rodata
 *(.rela.rodata)
 *(.rela.rodata.*)
 *(.rela.gnu.linkonce.r*)

.rel.data
 *(.rel.data)
 *(.rel.data.*)
 *(.rel.gnu.linkonce.d*)

.rela.data
 *(.rela.data)
 *(.rela.data.*)
 *(.rela.gnu.linkonce.d*)

.rel.ctors
 *(.rel.ctors)

.rela.ctors
 *(.rela.ctors)

.rel.dtors
 *(.rel.dtors)

.rela.dtors
 *(.rela.dtors)

.rel.got
 *(.rel.got)

.rela.got
 *(.rela.got)

.rel.bss
 *(.rel.bss)

.rela.bss
 *(.rela.bss)

.rel.plt
 *(.rel.plt)

.rela.plt
 *(.rela.plt)

.text           0x00000000     0x1f82
 *(.vectors)
 .vectors       0x00000000       0x68 d:/prg/kompilatory/winavr/bin/../lib/gcc/avr/4.3.3/../../../../avr/lib/avr5/crtm328p.o
                0x00000000                __vectors
                0x00000000                __vector_default
 *(.vectors)
 *(.progmem.gcc*)
 *(.progmem*)
 .progmem.data  0x00000068      0x132 obj\Debug\src\cmd_table.o
                0x00000068                cmd_table
 .progmem.data  0x0000019a       0x1a obj\Debug\src\cmdkey_table.o
                0x0000019a                cmdkey_table
 .progmem.data  0x000001b4       0x14 obj\Debug\src\config.o
                0x000001c8                . = ALIGN (0x2)
                0x000001c8                __trampolines_start = .
 *(.trampolines)
 .trampolines   0x000001c8        0x0 linker stubs
 *(.trampolines*)
                0x000001c8                __trampolines_end = .
 *(.jumptables)
 *(.jumptables*)
 *(.lowtext)
 *(.lowtext*)
                0x000001c8                __ctors_start = .
 *(.ctors)
                0x000001c8                __ctors_end = .
                0x000001c8                __dtors_start = .
 *(.dtors)
                0x000001c8                __dtors_end = .
 SORT(*)(.ctors)
 SORT(*)(.dtors)
 *(.init0)
 .init0         0x000001c8        0x0 d:/prg/kompilatory/winavr/bin/../lib/gcc/avr/4.3.3/../../../../avr/lib/avr5/crtm328p.o
                0x000001c8                __init
 *(.init0)
 *(.init1)
 *(.init1)
 *(.init2)
 .init2         0x000001c8        0xc d:/prg/kompilatory/winavr/bin/../lib/gcc/avr/4.3.3/../../../../avr/lib/avr5/crtm328p.o
 *(.init2)
 *(.init3)
 *(.init3)
 *(.init4)
 .init4         0x000001d4       0x16 d:/prg/kompilatory/winavr/bin/../lib/gcc/avr/4.3.3/avr5\libgcc.a(_copy_data.o)
                0x000001d4                __do_copy_data
 .init4         0x000001ea       0x10 d:/prg/kompilatory/winavr/bin/../lib/gcc/avr/4.3.3/avr5\libgcc.a(_clear_bss.o)
                0x000001ea                __do_clear_bss
 *(.init4)
 *(.init5)
 *(.init5)
 *(.init6)
 *(.init6)
 *(.init7)
 *(.init7)
 *(.init8)
 *(.init8)
 *(.init9)
 .init9         0x000001fa        0x8 d:/prg/kompilatory/winavr/bin/../lib/gcc/avr/4.3.3/../../../../avr/lib/avr5/crtm328p.o
 *(.init9)
 *(.text)
 .text          0x00000202        0x4 d:/prg/kompilatory/winavr/bin/../lib/gcc/avr/4.3.3/../../../../avr/lib/avr5/crtm328p.o
                0x00000202                __vector_22
                0x00000202                __vector_1
                0x00000202                __vector_24
                0x00000202                __vector_12
                0x00000202                __bad_interrupt
                0x00000202                __vector_6
                0x00000202                __vector_3
                0x00000202                __vector_23
                0x00000202                __vector_25
                0x00000202                __vector_13
                0x00000202                __vector_17
                0x00000202                __vector_19
                0x00000202                __vector_7
                0x00000202                __vector_5
                0x00000202                __vector_4
                0x00000202                __vector_9
                0x00000202                __vector_2
                0x00000202                __vector_21
                0x00000202                __vector_15
                0x00000202                __vector_8
                0x00000202                __vector_14
                0x00000202                __vector_10
                0x00000202                __vector_16
                0x00000202                __vector_18
                0x00000202                __vector_20
 .text          0x00000206      0x18c obj\Debug\src\base\timer.o
                0x00000330                timerDelay100us
                0x00000316                timerDelay10ms
                0x0000025a                __vector_11
                0x00000206                timerInit
                0x0000034a                timerCalculateKbps
 .text          0x00000392      0x368 obj\Debug\src\base\util.o
                0x000003c8                utilWordToHex
                0x000004ea                utilParseNibbleHex
                0x00000450                utilDwordToDec
                0x00000392                utilNibbleToHex
                0x000003ec                utilDwordToHex
                0x000006e0                utilReset
                0x0000051e                utilParseByteHex
                0x0000039e                utilByteToHex
                0x000006b0                utilParseByteDec
                0x0000057c                utilParseWordHex
                0x000005dc                utilParseDwordHex
                0x00000422                utilByteToDec
 .text          0x000006fa      0x20a obj\Debug\src\bridge.o
                0x0000079a                bridgeProcessPacket
                0x0000070e                bridgeLoop
                0x00000884                bridgeFillPacket
 .text          0x00000904       0x9e obj\Debug\src\cmd.o
                0x00000904                cmdProcess
 .text          0x000009a2      0x19e obj\Debug\src\cmd_table.o
 .text          0x00000b40        0x6 obj\Debug\src\cmdkey_table.o
 .text          0x00000b46      0x100 obj\Debug\src\config.o
                0x00000c02                configInit
                0x00000b90                configReset
                0x00000bae                configLoadFromRom
                0x00000c10                configSaveToRom
 .text          0x00000c46        0x0 obj\Debug\src\fuse.o
 .text          0x00000c46       0x30 obj\Debug\src\main.o
                0x00000c46                main
 .text          0x00000c76       0xce obj\Debug\src\net\arp.o
                0x00000c76                arp_make_reply
                0x00000cf2                arp_is_ipv4
 .text          0x00000d44      0x29e obj\Debug\src\net\net.o
                0x00000d44                net_copy_mac
                0x00000eba                net_parse_mac
                0x00000dfa                net_put_long
                0x00000e48                net_compare_ip
                0x00000f2c                net_parse_ip
                0x00000d98                net_put_word
                0x00000e1c                net_compare_mac
                0x00000fa2                net_dump_mac
                0x00000d84                net_get_word
                0x00000da0                net_get_long
                0x00000e74                net_dump_ip
                0x00000d62                net_copy_ip
 .text          0x00000fe2      0x73a obj\Debug\src\pb_proto.o
                0x00001084                pb_proto_handle
                0x00000fe2                parInit
                0x000016d6                parRequestAmiRead
                0x00001006                parGetStatusLines
 .text          0x0000171c       0xd6 obj\Debug\src\pio_util.o
                0x00001736                pio_util_send_packet
                0x00001790                pio_util_recv_packet
                0x0000171c                pio_util_get_init_flags
 .text          0x000017f2        0x0 obj\Debug\src\pkt_buf.o
 .text          0x000017f2      0x5dc obj\Debug\src\spi\enc28j60.o
                0x00001980                enc28j60_exit
                0x00001ade                enc28j60_init
                0x000019c0                enc28j60_status
                0x00001996                enc28j60_control
                0x00001cda                enc28j60_recv
                0x00001ad6                enc28j60_has_recv
                0x00001a1e                enc28j60_send
 .text          0x00001dce       0x30 obj\Debug\src\spi\spi.o
                0x00001dce                spiInit
 .text          0x00001dfe       0x80 obj\Debug\src\stats.o
                0x00001e7a                stats_dump_all
                0x00001e28                stats_update_ok
                0x00001e7c                stats_dump
                0x00001dfe                stats_reset
 .text          0x00001e7e        0x0 d:/prg/kompilatory/winavr/bin/../lib/gcc/avr/4.3.3/avr5\libgcc.a(_mulsi3.o)
 .text          0x00001e7e        0x0 d:/prg/kompilatory/winavr/bin/../lib/gcc/avr/4.3.3/avr5\libgcc.a(_udivmodqi4.o)
 .text          0x00001e7e        0x0 d:/prg/kompilatory/winavr/bin/../lib/gcc/avr/4.3.3/avr5\libgcc.a(_udivmodsi4.o)
 .text          0x00001e7e        0x0 d:/prg/kompilatory/winavr/bin/../lib/gcc/avr/4.3.3/avr5\libgcc.a(_exit.o)
 .text          0x00001e7e        0x0 d:/prg/kompilatory/winavr/bin/../lib/gcc/avr/4.3.3/avr5\libgcc.a(_copy_data.o)
 .text          0x00001e7e        0x0 d:/prg/kompilatory/winavr/bin/../lib/gcc/avr/4.3.3/avr5\libgcc.a(_clear_bss.o)
 .text          0x00001e7e        0x0 d:/prg/kompilatory/winavr/bin/../lib/gcc/avr/4.3.3/../../../../avr/lib/avr5\libc.a(eerd_block_atmega328p.o)
 .text          0x00001e7e        0x0 d:/prg/kompilatory/winavr/bin/../lib/gcc/avr/4.3.3/../../../../avr/lib/avr5\libc.a(eerd_word_atmega328p.o)
 .text          0x00001e7e        0x0 d:/prg/kompilatory/winavr/bin/../lib/gcc/avr/4.3.3/../../../../avr/lib/avr5\libc.a(eewr_block_atmega328p.o)
 .text          0x00001e7e        0x0 d:/prg/kompilatory/winavr/bin/../lib/gcc/avr/4.3.3/../../../../avr/lib/avr5\libc.a(eewr_byte_atmega328p.o)
 .text          0x00001e7e        0x0 d:/prg/kompilatory/winavr/bin/../lib/gcc/avr/4.3.3/../../../../avr/lib/avr5\libc.a(eewr_word_atmega328p.o)
                0x00001e7e                . = ALIGN (0x2)
 *(.text.*)
 .text.libgcc   0x00001e7e       0x3e d:/prg/kompilatory/winavr/bin/../lib/gcc/avr/4.3.3/avr5\libgcc.a(_mulsi3.o)
                0x00001e7e                __mulsi3
 .text.libgcc   0x00001ebc       0x18 d:/prg/kompilatory/winavr/bin/../lib/gcc/avr/4.3.3/avr5\libgcc.a(_udivmodqi4.o)
                0x00001ebc                __udivmodqi4
 .text.libgcc   0x00001ed4       0x44 d:/prg/kompilatory/winavr/bin/../lib/gcc/avr/4.3.3/avr5\libgcc.a(_udivmodsi4.o)
                0x00001ed4                __udivmodsi4
 .text.libgcc   0x00001f18        0x0 d:/prg/kompilatory/winavr/bin/../lib/gcc/avr/4.3.3/avr5\libgcc.a(_exit.o)
 .text.libgcc   0x00001f18        0x0 d:/prg/kompilatory/winavr/bin/../lib/gcc/avr/4.3.3/avr5\libgcc.a(_copy_data.o)
 .text.libgcc   0x00001f18        0x0 d:/prg/kompilatory/winavr/bin/../lib/gcc/avr/4.3.3/avr5\libgcc.a(_clear_bss.o)
 .text.avr-libc
                0x00001f18       0x20 d:/prg/kompilatory/winavr/bin/../lib/gcc/avr/4.3.3/../../../../avr/lib/avr5\libc.a(eerd_block_atmega328p.o)
                0x00001f18                __eerd_block_m328p
                0x00001f1c                __eerd_blraw_m328p
 .text.avr-libc
                0x00001f38        0xc d:/prg/kompilatory/winavr/bin/../lib/gcc/avr/4.3.3/../../../../avr/lib/avr5\libc.a(eerd_word_atmega328p.o)
                0x00001f38                __eerd_word_m328p
 .text.avr-libc
                0x00001f44       0x14 d:/prg/kompilatory/winavr/bin/../lib/gcc/avr/4.3.3/../../../../avr/lib/avr5\libc.a(eewr_block_atmega328p.o)
                0x00001f44                __eewr_block_m328p
 .text.avr-libc
                0x00001f58       0x1c d:/prg/kompilatory/winavr/bin/../lib/gcc/avr/4.3.3/../../../../avr/lib/avr5\libc.a(eewr_byte_atmega328p.o)
                0x00001f58                __eewr_byte_m328p
                0x00001f5a                __eewr_r18_m328p
 .text.avr-libc
                0x00001f74        0xa d:/prg/kompilatory/winavr/bin/../lib/gcc/avr/4.3.3/../../../../avr/lib/avr5\libc.a(eewr_word_atmega328p.o)
                0x00001f74                __eewr_word_m328p
                0x00001f7e                . = ALIGN (0x2)
 *(.fini9)
 .fini9         0x00001f7e        0x0 d:/prg/kompilatory/winavr/bin/../lib/gcc/avr/4.3.3/avr5\libgcc.a(_exit.o)
                0x00001f7e                exit
                0x00001f7e                _exit
 *(.fini9)
 *(.fini8)
 *(.fini8)
 *(.fini7)
 *(.fini7)
 *(.fini6)
 *(.fini6)
 *(.fini5)
 *(.fini5)
 *(.fini4)
 *(.fini4)
 *(.fini3)
 *(.fini3)
 *(.fini2)
 *(.fini2)
 *(.fini1)
 *(.fini1)
 *(.fini0)
 .fini0         0x00001f7e        0x4 d:/prg/kompilatory/winavr/bin/../lib/gcc/avr/4.3.3/avr5\libgcc.a(_exit.o)
 *(.fini0)
                0x00001f82                _etext = .

.data           0x00800100       0x3c load address 0x00001f82
                0x00800100                PROVIDE (__data_start, .)
 *(.data)
 .data          0x00800100        0x0 d:/prg/kompilatory/winavr/bin/../lib/gcc/avr/4.3.3/../../../../avr/lib/avr5/crtm328p.o
 .data          0x00800100        0x0 obj\Debug\src\base\timer.o
 .data          0x00800100        0x0 obj\Debug\src\base\util.o
 .data          0x00800100        0x0 obj\Debug\src\bridge.o
 .data          0x00800100        0x0 obj\Debug\src\cmd.o
 .data          0x00800100        0x0 obj\Debug\src\cmd_table.o
 .data          0x00800100        0x0 obj\Debug\src\cmdkey_table.o
 .data          0x00800100        0x0 obj\Debug\src\config.o
 .data          0x00800100        0x0 obj\Debug\src\fuse.o
 .data          0x00800100        0x0 obj\Debug\src\main.o
 .data          0x00800100        0x0 obj\Debug\src\net\arp.o
 .data          0x00800100       0x3a obj\Debug\src\net\net.o
                0x00800110                net_ones_ip
                0x0080010c                net_zero_ip
                0x00800106                net_zero_mac
                0x00800100                net_bcast_mac
 .data          0x0080013a        0x2 obj\Debug\src\pb_proto.o
                0x0080013a                pb_proto_timeout
 .data          0x0080013c        0x0 obj\Debug\src\pio_util.o
 .data          0x0080013c        0x0 obj\Debug\src\pkt_buf.o
 .data          0x0080013c        0x0 obj\Debug\src\spi\enc28j60.o
 .data          0x0080013c        0x0 obj\Debug\src\spi\spi.o
 .data          0x0080013c        0x0 obj\Debug\src\stats.o
 .data          0x0080013c        0x0 d:/prg/kompilatory/winavr/bin/../lib/gcc/avr/4.3.3/avr5\libgcc.a(_mulsi3.o)
 .data          0x0080013c        0x0 d:/prg/kompilatory/winavr/bin/../lib/gcc/avr/4.3.3/avr5\libgcc.a(_udivmodqi4.o)
 .data          0x0080013c        0x0 d:/prg/kompilatory/winavr/bin/../lib/gcc/avr/4.3.3/avr5\libgcc.a(_udivmodsi4.o)
 .data          0x0080013c        0x0 d:/prg/kompilatory/winavr/bin/../lib/gcc/avr/4.3.3/avr5\libgcc.a(_exit.o)
 .data          0x0080013c        0x0 d:/prg/kompilatory/winavr/bin/../lib/gcc/avr/4.3.3/avr5\libgcc.a(_copy_data.o)
 .data          0x0080013c        0x0 d:/prg/kompilatory/winavr/bin/../lib/gcc/avr/4.3.3/avr5\libgcc.a(_clear_bss.o)
 .data          0x0080013c        0x0 d:/prg/kompilatory/winavr/bin/../lib/gcc/avr/4.3.3/../../../../avr/lib/avr5\libc.a(eerd_block_atmega328p.o)
 .data          0x0080013c        0x0 d:/prg/kompilatory/winavr/bin/../lib/gcc/avr/4.3.3/../../../../avr/lib/avr5\libc.a(eerd_word_atmega328p.o)
 .data          0x0080013c        0x0 d:/prg/kompilatory/winavr/bin/../lib/gcc/avr/4.3.3/../../../../avr/lib/avr5\libc.a(eewr_block_atmega328p.o)
 .data          0x0080013c        0x0 d:/prg/kompilatory/winavr/bin/../lib/gcc/avr/4.3.3/../../../../avr/lib/avr5\libc.a(eewr_byte_atmega328p.o)
 .data          0x0080013c        0x0 d:/prg/kompilatory/winavr/bin/../lib/gcc/avr/4.3.3/../../../../avr/lib/avr5\libc.a(eewr_word_atmega328p.o)
 *(.data*)
 *(.rodata)
 *(.rodata*)
 *(.gnu.linkonce.d*)
                0x0080013c                . = ALIGN (0x2)
                0x0080013c                _edata = .
                0x0080013c                PROVIDE (__data_end, .)

.bss            0x0080013c      0x657
                0x0080013c                PROVIDE (__bss_start, .)
 *(.bss)
 .bss           0x0080013c        0x0 d:/prg/kompilatory/winavr/bin/../lib/gcc/avr/4.3.3/../../../../avr/lib/avr5/crtm328p.o
 .bss           0x0080013c        0x2 obj\Debug\src\base\timer.o
 .bss           0x0080013e        0x0 obj\Debug\src\base\util.o
 .bss           0x0080013e        0x1 obj\Debug\src\bridge.o
 .bss           0x0080013f        0x0 obj\Debug\src\cmd.o
 .bss           0x0080013f        0x0 obj\Debug\src\cmd_table.o
 .bss           0x0080013f        0x0 obj\Debug\src\cmdkey_table.o
 .bss           0x0080013f        0x0 obj\Debug\src\config.o
 .bss           0x0080013f        0x0 obj\Debug\src\fuse.o
 .bss           0x0080013f        0x1 obj\Debug\src\main.o
                0x0080013f                g_ubVerboseMode
 .bss           0x00800140        0x0 obj\Debug\src\net\arp.o
 .bss           0x00800140        0x0 obj\Debug\src\net\net.o
 .bss           0x00800140        0x4 obj\Debug\src\pb_proto.o
 .bss           0x00800144        0x0 obj\Debug\src\pio_util.o
 .bss           0x00800144        0x0 obj\Debug\src\pkt_buf.o
 .bss           0x00800144        0x6 obj\Debug\src\spi\enc28j60.o
                0x00800144                g_ubEncOnline
 .bss           0x0080014a        0x0 obj\Debug\src\spi\spi.o
 .bss           0x0080014a        0x0 obj\Debug\src\stats.o
 .bss           0x0080014a        0x0 d:/prg/kompilatory/winavr/bin/../lib/gcc/avr/4.3.3/avr5\libgcc.a(_mulsi3.o)
 .bss           0x0080014a        0x0 d:/prg/kompilatory/winavr/bin/../lib/gcc/avr/4.3.3/avr5\libgcc.a(_udivmodqi4.o)
 .bss           0x0080014a        0x0 d:/prg/kompilatory/winavr/bin/../lib/gcc/avr/4.3.3/avr5\libgcc.a(_udivmodsi4.o)
 .bss           0x0080014a        0x0 d:/prg/kompilatory/winavr/bin/../lib/gcc/avr/4.3.3/avr5\libgcc.a(_exit.o)
 .bss           0x0080014a        0x0 d:/prg/kompilatory/winavr/bin/../lib/gcc/avr/4.3.3/avr5\libgcc.a(_copy_data.o)
 .bss           0x0080014a        0x0 d:/prg/kompilatory/winavr/bin/../lib/gcc/avr/4.3.3/avr5\libgcc.a(_clear_bss.o)
 .bss           0x0080014a        0x0 d:/prg/kompilatory/winavr/bin/../lib/gcc/avr/4.3.3/../../../../avr/lib/avr5\libc.a(eerd_block_atmega328p.o)
 .bss           0x0080014a        0x0 d:/prg/kompilatory/winavr/bin/../lib/gcc/avr/4.3.3/../../../../avr/lib/avr5\libc.a(eerd_word_atmega328p.o)
 .bss           0x0080014a        0x0 d:/prg/kompilatory/winavr/bin/../lib/gcc/avr/4.3.3/../../../../avr/lib/avr5\libc.a(eewr_block_atmega328p.o)
 .bss           0x0080014a        0x0 d:/prg/kompilatory/winavr/bin/../lib/gcc/avr/4.3.3/../../../../avr/lib/avr5\libc.a(eewr_byte_atmega328p.o)
 .bss           0x0080014a        0x0 d:/prg/kompilatory/winavr/bin/../lib/gcc/avr/4.3.3/../../../../avr/lib/avr5\libc.a(eewr_word_atmega328p.o)
 *(.bss*)
 *(COMMON)
 COMMON         0x0080014a        0x8 obj\Debug\src\base\timer.o
                0x0080014a                g_uwTimer10ms
                0x0080014c                g_uwTimer100us
                0x0080014e                g_uwTimeStamp
 COMMON         0x00800152        0x1 obj\Debug\src\bridge.o
                0x00800152                s_ubFlags
 COMMON         0x00800153        0x2 obj\Debug\src\cmd.o
                0x00800153                g_uwCmdResponseSize
 COMMON         0x00800155       0x14 obj\Debug\src\config.o
                0x00800155                g_sConfig
 COMMON         0x00800169       0x10 obj\Debug\src\pb_proto.o
                0x00800169                pb_proto_stat
 COMMON         0x00800179      0x5ea obj\Debug\src\pkt_buf.o
                0x00800179                g_pDataBuffer
 COMMON         0x00800763       0x30 obj\Debug\src\stats.o
                0x00800763                stats
                0x00800793                PROVIDE (__bss_end, .)
                0x00001f82                __data_load_start = LOADADDR (.data)
                0x00001fbe                __data_load_end = (__data_load_start + SIZEOF (.data))

.noinit         0x00800793        0x0
                0x00800793                PROVIDE (__noinit_start, .)
 *(.noinit*)
                0x00800793                PROVIDE (__noinit_end, .)
                0x00800793                _end = .
                0x00800793                PROVIDE (__heap_start, .)

.eeprom         0x00810000       0x16
 *(.eeprom*)
 .eeprom        0x00810000       0x16 obj\Debug\src\config.o
                0x00810000                s_sEepromConfig
                0x00810014                s_uwEepromCrc
                0x00810016                __eeprom_end = .

.fuse           0x00820000        0x3
 *(.fuse)
 .fuse          0x00820000        0x3 obj\Debug\src\fuse.o
                0x00820000                __fuse
 *(.lfuse)
 *(.hfuse)
 *(.efuse)

.lock
 *(.lock*)

.signature
 *(.signature*)

.stab
 *(.stab)

.stabstr
 *(.stabstr)

.stab.excl
 *(.stab.excl)

.stab.exclstr
 *(.stab.exclstr)

.stab.index
 *(.stab.index)

.stab.indexstr
 *(.stab.indexstr)

.comment
 *(.comment)

.debug
 *(.debug)

.line
 *(.line)

.debug_srcinfo
 *(.debug_srcinfo)

.debug_sfnames
 *(.debug_sfnames)

.debug_aranges  0x00000000      0x1e0
 *(.debug_aranges)
 .debug_aranges
                0x00000000       0x20 obj\Debug\src\base\timer.o
 .debug_aranges
                0x00000020       0x20 obj\Debug\src\base\util.o
 .debug_aranges
                0x00000040       0x20 obj\Debug\src\bridge.o
 .debug_aranges
                0x00000060       0x20 obj\Debug\src\cmd.o
 .debug_aranges
                0x00000080       0x20 obj\Debug\src\cmd_table.o
 .debug_aranges
                0x000000a0       0x20 obj\Debug\src\cmdkey_table.o
 .debug_aranges
                0x000000c0       0x20 obj\Debug\src\config.o
 .debug_aranges
                0x000000e0       0x20 obj\Debug\src\main.o
 .debug_aranges
                0x00000100       0x20 obj\Debug\src\net\arp.o
 .debug_aranges
                0x00000120       0x20 obj\Debug\src\net\net.o
 .debug_aranges
                0x00000140       0x20 obj\Debug\src\pb_proto.o
 .debug_aranges
                0x00000160       0x20 obj\Debug\src\pio_util.o
 .debug_aranges
                0x00000180       0x20 obj\Debug\src\spi\enc28j60.o
 .debug_aranges
                0x000001a0       0x20 obj\Debug\src\spi\spi.o
 .debug_aranges
                0x000001c0       0x20 obj\Debug\src\stats.o

.debug_pubnames
                0x00000000      0x72a
 *(.debug_pubnames)
 .debug_pubnames
                0x00000000       0xb7 obj\Debug\src\base\timer.o
 .debug_pubnames
                0x000000b7       0xfc obj\Debug\src\base\util.o
 .debug_pubnames
                0x000001b3       0x6e obj\Debug\src\bridge.o
 .debug_pubnames
                0x00000221       0x4b obj\Debug\src\cmd.o
 .debug_pubnames
                0x0000026c       0x20 obj\Debug\src\cmd_table.o
 .debug_pubnames
                0x0000028c       0x23 obj\Debug\src\cmdkey_table.o
 .debug_pubnames
                0x000002af       0x8f obj\Debug\src\config.o
 .debug_pubnames
                0x0000033e       0x1d obj\Debug\src\fuse.o
 .debug_pubnames
                0x0000035b       0x2f obj\Debug\src\main.o
 .debug_pubnames
                0x0000038a       0x35 obj\Debug\src\net\arp.o
 .debug_pubnames
                0x000003bf      0x125 obj\Debug\src\net\net.o
 .debug_pubnames
                0x000004e4       0x85 obj\Debug\src\pb_proto.o
 .debug_pubnames
                0x00000569       0x72 obj\Debug\src\pio_util.o
 .debug_pubnames
                0x000005db       0x24 obj\Debug\src\pkt_buf.o
 .debug_pubnames
                0x000005ff       0xab obj\Debug\src\spi\enc28j60.o
 .debug_pubnames
                0x000006aa       0x1e obj\Debug\src\spi\spi.o
 .debug_pubnames
                0x000006c8       0x62 obj\Debug\src\stats.o

.debug_info     0x00000000     0x38f9
 *(.debug_info)
 .debug_info    0x00000000      0x1c0 obj\Debug\src\base\timer.o
 .debug_info    0x000001c0      0x42d obj\Debug\src\base\util.o
 .debug_info    0x000005ed      0x4a0 obj\Debug\src\bridge.o
 .debug_info    0x00000a8d      0x296 obj\Debug\src\cmd.o
 .debug_info    0x00000d23      0x848 obj\Debug\src\cmd_table.o
 .debug_info    0x0000156b      0x303 obj\Debug\src\cmdkey_table.o
 .debug_info    0x0000186e      0x375 obj\Debug\src\config.o
 .debug_info    0x00001be3       0xae obj\Debug\src\fuse.o
 .debug_info    0x00001c91       0xab obj\Debug\src\main.o
 .debug_info    0x00001d3c      0x1a9 obj\Debug\src\net\arp.o
 .debug_info    0x00001ee5      0x483 obj\Debug\src\net\net.o
 .debug_info    0x00002368      0x754 obj\Debug\src\pb_proto.o
 .debug_info    0x00002abc      0x395 obj\Debug\src\pio_util.o
 .debug_info    0x00002e51       0x8f obj\Debug\src\pkt_buf.o
 .debug_info    0x00002ee0      0x76f obj\Debug\src\spi\enc28j60.o
 .debug_info    0x0000364f       0x8c obj\Debug\src\spi\spi.o
 .debug_info    0x000036db      0x21e obj\Debug\src\stats.o
 *(.gnu.linkonce.wi.*)

.debug_abbrev   0x00000000     0x149c
 *(.debug_abbrev)
 .debug_abbrev  0x00000000       0xd5 obj\Debug\src\base\timer.o
 .debug_abbrev  0x000000d5      0x11b obj\Debug\src\base\util.o
 .debug_abbrev  0x000001f0      0x1f6 obj\Debug\src\bridge.o
 .debug_abbrev  0x000003e6      0x139 obj\Debug\src\cmd.o
 .debug_abbrev  0x0000051f      0x16d obj\Debug\src\cmd_table.o
 .debug_abbrev  0x0000068c       0xf6 obj\Debug\src\cmdkey_table.o
 .debug_abbrev  0x00000782      0x19c obj\Debug\src\config.o
 .debug_abbrev  0x0000091e       0x73 obj\Debug\src\fuse.o
 .debug_abbrev  0x00000991       0x80 obj\Debug\src\main.o
 .debug_abbrev  0x00000a11       0xdf obj\Debug\src\net\arp.o
 .debug_abbrev  0x00000af0      0x138 obj\Debug\src\net\net.o
 .debug_abbrev  0x00000c28      0x2e1 obj\Debug\src\pb_proto.o
 .debug_abbrev  0x00000f09      0x153 obj\Debug\src\pio_util.o
 .debug_abbrev  0x0000105c       0x63 obj\Debug\src\pkt_buf.o
 .debug_abbrev  0x000010bf      0x232 obj\Debug\src\spi\enc28j60.o
 .debug_abbrev  0x000012f1       0x5f obj\Debug\src\spi\spi.o
 .debug_abbrev  0x00001350      0x14c obj\Debug\src\stats.o

.debug_line     0x00000000     0x26ac
 *(.debug_line)
 .debug_line    0x00000000      0x1e1 obj\Debug\src\base\timer.o
 .debug_line    0x000001e1      0x326 obj\Debug\src\base\util.o
 .debug_line    0x00000507      0x322 obj\Debug\src\bridge.o
 .debug_line    0x00000829      0x17a obj\Debug\src\cmd.o
 .debug_line    0x000009a3      0x215 obj\Debug\src\cmd_table.o
 .debug_line    0x00000bb8       0xd0 obj\Debug\src\cmdkey_table.o
 .debug_line    0x00000c88      0x1ea obj\Debug\src\config.o
 .debug_line    0x00000e72       0x8e obj\Debug\src\fuse.o
 .debug_line    0x00000f00      0x106 obj\Debug\src\main.o
 .debug_line    0x00001006      0x11c obj\Debug\src\net\arp.o
 .debug_line    0x00001122      0x29b obj\Debug\src\net\net.o
 .debug_line    0x000013bd      0x79c obj\Debug\src\pb_proto.o
 .debug_line    0x00001b59      0x1d8 obj\Debug\src\pio_util.o
 .debug_line    0x00001d31       0x8f obj\Debug\src\pkt_buf.o
 .debug_line    0x00001dc0      0x6d6 obj\Debug\src\spi\enc28j60.o
 .debug_line    0x00002496       0xb0 obj\Debug\src\spi\spi.o
 .debug_line    0x00002546      0x166 obj\Debug\src\stats.o

.debug_frame    0x00000000      0x5e0
 *(.debug_frame)
 .debug_frame   0x00000000       0x60 obj\Debug\src\base\timer.o
 .debug_frame   0x00000060       0xd0 obj\Debug\src\base\util.o
 .debug_frame   0x00000130       0x50 obj\Debug\src\bridge.o
 .debug_frame   0x00000180       0x20 obj\Debug\src\cmd.o
 .debug_frame   0x000001a0       0x70 obj\Debug\src\cmd_table.o
 .debug_frame   0x00000210       0x20 obj\Debug\src\cmdkey_table.o
 .debug_frame   0x00000230       0x60 obj\Debug\src\config.o
 .debug_frame   0x00000290       0x20 obj\Debug\src\main.o
 .debug_frame   0x000002b0       0x30 obj\Debug\src\net\arp.o
 .debug_frame   0x000002e0       0xd0 obj\Debug\src\net\net.o
 .debug_frame   0x000003b0       0x60 obj\Debug\src\pb_proto.o
 .debug_frame   0x00000410       0x40 obj\Debug\src\pio_util.o
 .debug_frame   0x00000450      0x100 obj\Debug\src\spi\enc28j60.o
 .debug_frame   0x00000550       0x20 obj\Debug\src\spi\spi.o
 .debug_frame   0x00000570       0x70 obj\Debug\src\stats.o

.debug_str      0x00000000     0x11ae
 *(.debug_str)
 .debug_str     0x00000000      0x12c obj\Debug\src\base\timer.o
                                0x16b (size before relaxing)
 .debug_str     0x0000012c      0x115 obj\Debug\src\base\util.o
                                0x1cb (size before relaxing)
 .debug_str     0x00000241      0x1f8 obj\Debug\src\bridge.o
                                0x2f3 (size before relaxing)
 .debug_str     0x00000439       0x85 obj\Debug\src\cmd.o
                                0x206 (size before relaxing)
 .debug_str     0x000004be      0x3be obj\Debug\src\cmd_table.o
                                0x550 (size before relaxing)
 .debug_str     0x0000087c      0x246 obj\Debug\src\cmdkey_table.o
                                0x31c (size before relaxing)
 .debug_str     0x00000ac2       0xcb obj\Debug\src\config.o
                                0x214 (size before relaxing)
 .debug_str     0x00000b8d       0x29 obj\Debug\src\fuse.o
                                 0xb9 (size before relaxing)
 .debug_str     0x00000bb6       0x20 obj\Debug\src\main.o
                                 0xc5 (size before relaxing)
 .debug_str     0x00000bd6       0x56 obj\Debug\src\net\arp.o
                                0x12a (size before relaxing)
 .debug_str     0x00000c2c       0xbd obj\Debug\src\net\net.o
                                0x1b9 (size before relaxing)
 .debug_str     0x00000ce9      0x211 obj\Debug\src\pb_proto.o
                                0x332 (size before relaxing)
 .debug_str     0x00000efa       0x73 obj\Debug\src\pio_util.o
                                0x24a (size before relaxing)
 .debug_str     0x00000f6d        0xe obj\Debug\src\pkt_buf.o
                                 0xb4 (size before relaxing)
 .debug_str     0x00000f7b      0x1ce obj\Debug\src\spi\enc28j60.o
                                0x2b3 (size before relaxing)
 .debug_str     0x00001149       0x24 obj\Debug\src\spi\spi.o
                                 0xb4 (size before relaxing)
 .debug_str     0x0000116d       0x41 obj\Debug\src\stats.o
                                0x12e (size before relaxing)

.debug_loc      0x00000000     0x1bd4
 *(.debug_loc)
 .debug_loc     0x00000000       0xfe obj\Debug\src\base\timer.o
 .debug_loc     0x000000fe      0x5b7 obj\Debug\src\base\util.o
 .debug_loc     0x000006b5       0xd1 obj\Debug\src\bridge.o
 .debug_loc     0x00000786       0x75 obj\Debug\src\cmd.o
 .debug_loc     0x000007fb      0x2e2 obj\Debug\src\cmd_table.o
 .debug_loc     0x00000add       0x9b obj\Debug\src\config.o
 .debug_loc     0x00000b78      0x108 obj\Debug\src\net\arp.o
 .debug_loc     0x00000c80      0x2d3 obj\Debug\src\net\net.o
 .debug_loc     0x00000f53      0x68d obj\Debug\src\pb_proto.o
 .debug_loc     0x000015e0      0x114 obj\Debug\src\pio_util.o
 .debug_loc     0x000016f4      0x489 obj\Debug\src\spi\enc28j60.o
 .debug_loc     0x00001b7d       0x57 obj\Debug\src\stats.o

.debug_macinfo
 *(.debug_macinfo)
OUTPUT(bin\Debug\plipUltimate.elf elf32-avr)
LOAD linker stubs

.debug_ranges   0x00000000      0x150
 .debug_ranges  0x00000000       0x18 obj\Debug\src\base\util.o
 .debug_ranges  0x00000018       0x30 obj\Debug\src\bridge.o
 .debug_ranges  0x00000048       0x20 obj\Debug\src\cmd.o
 .debug_ranges  0x00000068       0x30 obj\Debug\src\net\net.o
 .debug_ranges  0x00000098       0xa0 obj\Debug\src\pb_proto.o
 .debug_ranges  0x00000138       0x18 obj\Debug\src\spi\enc28j60.o

Cross Reference Table

Symbol                                            File
__bad_interrupt                                   d:/prg/kompilatory/winavr/bin/../lib/gcc/avr/4.3.3/../../../../avr/lib/avr5/crtm328p.o
__bss_end                                         d:/prg/kompilatory/winavr/bin/../lib/gcc/avr/4.3.3/avr5\libgcc.a(_clear_bss.o)
__bss_start                                       d:/prg/kompilatory/winavr/bin/../lib/gcc/avr/4.3.3/avr5\libgcc.a(_clear_bss.o)
__data_end                                        d:/prg/kompilatory/winavr/bin/../lib/gcc/avr/4.3.3/avr5\libgcc.a(_copy_data.o)
__data_load_start                                 d:/prg/kompilatory/winavr/bin/../lib/gcc/avr/4.3.3/avr5\libgcc.a(_copy_data.o)
__data_start                                      d:/prg/kompilatory/winavr/bin/../lib/gcc/avr/4.3.3/avr5\libgcc.a(_copy_data.o)
__do_clear_bss                                    d:/prg/kompilatory/winavr/bin/../lib/gcc/avr/4.3.3/avr5\libgcc.a(_clear_bss.o)
                                                  obj\Debug\src\stats.o
                                                  obj\Debug\src\spi\enc28j60.o
                                                  obj\Debug\src\pkt_buf.o
                                                  obj\Debug\src\pio_util.o
                                                  obj\Debug\src\pb_proto.o
                                                  obj\Debug\src\main.o
                                                  obj\Debug\src\config.o
                                                  obj\Debug\src\cmd.o
                                                  obj\Debug\src\bridge.o
                                                  obj\Debug\src\base\timer.o
__do_copy_data                                    d:/prg/kompilatory/winavr/bin/../lib/gcc/avr/4.3.3/avr5\libgcc.a(_copy_data.o)
                                                  obj\Debug\src\pb_proto.o
                                                  obj\Debug\src\net\net.o
__eerd_block_m328p                                d:/prg/kompilatory/winavr/bin/../lib/gcc/avr/4.3.3/../../../../avr/lib/avr5\libc.a(eerd_block_atmega328p.o)
                                                  obj\Debug\src\config.o
__eerd_blraw_m328p                                d:/prg/kompilatory/winavr/bin/../lib/gcc/avr/4.3.3/../../../../avr/lib/avr5\libc.a(eerd_block_atmega328p.o)
                                                  d:/prg/kompilatory/winavr/bin/../lib/gcc/avr/4.3.3/../../../../avr/lib/avr5\libc.a(eerd_word_atmega328p.o)
__eerd_word_m328p                                 d:/prg/kompilatory/winavr/bin/../lib/gcc/avr/4.3.3/../../../../avr/lib/avr5\libc.a(eerd_word_atmega328p.o)
                                                  obj\Debug\src\config.o
__eewr_block_m328p                                d:/prg/kompilatory/winavr/bin/../lib/gcc/avr/4.3.3/../../../../avr/lib/avr5\libc.a(eewr_block_atmega328p.o)
                                                  obj\Debug\src\config.o
__eewr_byte_m328p                                 d:/prg/kompilatory/winavr/bin/../lib/gcc/avr/4.3.3/../../../../avr/lib/avr5\libc.a(eewr_byte_atmega328p.o)
                                                  d:/prg/kompilatory/winavr/bin/../lib/gcc/avr/4.3.3/../../../../avr/lib/avr5\libc.a(eewr_word_atmega328p.o)
__eewr_r18_m328p                                  d:/prg/kompilatory/winavr/bin/../lib/gcc/avr/4.3.3/../../../../avr/lib/avr5\libc.a(eewr_byte_atmega328p.o)
                                                  d:/prg/kompilatory/winavr/bin/../lib/gcc/avr/4.3.3/../../../../avr/lib/avr5\libc.a(eewr_word_atmega328p.o)
                                                  d:/prg/kompilatory/winavr/bin/../lib/gcc/avr/4.3.3/../../../../avr/lib/avr5\libc.a(eewr_block_atmega328p.o)
__eewr_word_m328p                                 d:/prg/kompilatory/winavr/bin/../lib/gcc/avr/4.3.3/../../../../avr/lib/avr5\libc.a(eewr_word_atmega328p.o)
                                                  obj\Debug\src\config.o
__fuse                                            obj\Debug\src\fuse.o
__heap_end                                        d:/prg/kompilatory/winavr/bin/../lib/gcc/avr/4.3.3/../../../../avr/lib/avr5/crtm328p.o
__init                                            d:/prg/kompilatory/winavr/bin/../lib/gcc/avr/4.3.3/../../../../avr/lib/avr5/crtm328p.o
__mulsi3                                          d:/prg/kompilatory/winavr/bin/../lib/gcc/avr/4.3.3/avr5\libgcc.a(_mulsi3.o)
                                                  obj\Debug\src\base\timer.o
__stack                                           d:/prg/kompilatory/winavr/bin/../lib/gcc/avr/4.3.3/../../../../avr/lib/avr5/crtm328p.o
__udivmodqi4                                      d:/prg/kompilatory/winavr/bin/../lib/gcc/avr/4.3.3/avr5\libgcc.a(_udivmodqi4.o)
                                                  obj\Debug\src\base\util.o
__udivmodsi4                                      d:/prg/kompilatory/winavr/bin/../lib/gcc/avr/4.3.3/avr5\libgcc.a(_udivmodsi4.o)
                                                  obj\Debug\src\base\util.o
                                                  obj\Debug\src\base\timer.o
__vector_1                                        d:/prg/kompilatory/winavr/bin/../lib/gcc/avr/4.3.3/../../../../avr/lib/avr5/crtm328p.o
__vector_10                                       d:/prg/kompilatory/winavr/bin/../lib/gcc/avr/4.3.3/../../../../avr/lib/avr5/crtm328p.o
__vector_11                                       obj\Debug\src\base\timer.o
                                                  d:/prg/kompilatory/winavr/bin/../lib/gcc/avr/4.3.3/../../../../avr/lib/avr5/crtm328p.o
__vector_12                                       d:/prg/kompilatory/winavr/bin/../lib/gcc/avr/4.3.3/../../../../avr/lib/avr5/crtm328p.o
__vector_13                                       d:/prg/kompilatory/winavr/bin/../lib/gcc/avr/4.3.3/../../../../avr/lib/avr5/crtm328p.o
__vector_14                                       d:/prg/kompilatory/winavr/bin/../lib/gcc/avr/4.3.3/../../../../avr/lib/avr5/crtm328p.o
__vector_15                                       d:/prg/kompilatory/winavr/bin/../lib/gcc/avr/4.3.3/../../../../avr/lib/avr5/crtm328p.o
__vector_16                                       d:/prg/kompilatory/winavr/bin/../lib/gcc/avr/4.3.3/../../../../avr/lib/avr5/crtm328p.o
__vector_17                                       d:/prg/kompilatory/winavr/bin/../lib/gcc/avr/4.3.3/../../../../avr/lib/avr5/crtm328p.o
__vector_18                                       d:/prg/kompilatory/winavr/bin/../lib/gcc/avr/4.3.3/../../../../avr/lib/avr5/crtm328p.o
__vector_19                                       d:/prg/kompilatory/winavr/bin/../lib/gcc/avr/4.3.3/../../../../avr/lib/avr5/crtm328p.o
__vector_2                                        d:/prg/kompilatory/winavr/bin/../lib/gcc/avr/4.3.3/../../../../avr/lib/avr5/crtm328p.o
__vector_20                                       d:/prg/kompilatory/winavr/bin/../lib/gcc/avr/4.3.3/../../../../avr/lib/avr5/crtm328p.o
__vector_21                                       d:/prg/kompilatory/winavr/bin/../lib/gcc/avr/4.3.3/../../../../avr/lib/avr5/crtm328p.o
__vector_22                                       d:/prg/kompilatory/winavr/bin/../lib/gcc/avr/4.3.3/../../../../avr/lib/avr5/crtm328p.o
__vector_23                                       d:/prg/kompilatory/winavr/bin/../lib/gcc/avr/4.3.3/../../../../avr/lib/avr5/crtm328p.o
__vector_24                                       d:/prg/kompilatory/winavr/bin/../lib/gcc/avr/4.3.3/../../../../avr/lib/avr5/crtm328p.o
__vector_25                                       d:/prg/kompilatory/winavr/bin/../lib/gcc/avr/4.3.3/../../../../avr/lib/avr5/crtm328p.o
__vector_3                                        d:/prg/kompilatory/winavr/bin/../lib/gcc/avr/4.3.3/../../../../avr/lib/avr5/crtm328p.o
__vector_4                                        d:/prg/kompilatory/winavr/bin/../lib/gcc/avr/4.3.3/../../../../avr/lib/avr5/crtm328p.o
__vector_5                                        d:/prg/kompilatory/winavr/bin/../lib/gcc/avr/4.3.3/../../../../avr/lib/avr5/crtm328p.o
__vector_6                                        d:/prg/kompilatory/winavr/bin/../lib/gcc/avr/4.3.3/../../../../avr/lib/avr5/crtm328p.o
__vector_7                                        d:/prg/kompilatory/winavr/bin/../lib/gcc/avr/4.3.3/../../../../avr/lib/avr5/crtm328p.o
__vector_8                                        d:/prg/kompilatory/winavr/bin/../lib/gcc/avr/4.3.3/../../../../avr/lib/avr5/crtm328p.o
__vector_9                                        d:/prg/kompilatory/winavr/bin/../lib/gcc/avr/4.3.3/../../../../avr/lib/avr5/crtm328p.o
__vector_default                                  d:/prg/kompilatory/winavr/bin/../lib/gcc/avr/4.3.3/../../../../avr/lib/avr5/crtm328p.o
__vectors                                         d:/prg/kompilatory/winavr/bin/../lib/gcc/avr/4.3.3/../../../../avr/lib/avr5/crtm328p.o
_exit                                             d:/prg/kompilatory/winavr/bin/../lib/gcc/avr/4.3.3/avr5\libgcc.a(_exit.o)
arp_is_ipv4                                       obj\Debug\src\net\arp.o
arp_make_reply                                    obj\Debug\src\net\arp.o
bridgeFillPacket                                  obj\Debug\src\bridge.o
                                                  obj\Debug\src\pb_proto.o
bridgeLoop                                        obj\Debug\src\bridge.o
                                                  obj\Debug\src\main.o
bridgeProcessPacket                               obj\Debug\src\bridge.o
                                                  obj\Debug\src\pb_proto.o
cmdProcess                                        obj\Debug\src\cmd.o
                                                  obj\Debug\src\bridge.o
cmd_table                                         obj\Debug\src\cmd_table.o
cmdkey_table                                      obj\Debug\src\cmdkey_table.o
configInit                                        obj\Debug\src\config.o
                                                  obj\Debug\src\main.o
configLoadFromRom                                 obj\Debug\src\config.o
configReset                                       obj\Debug\src\config.o
configSaveToRom                                   obj\Debug\src\config.o
                                                  obj\Debug\src\cmd.o
                                                  obj\Debug\src\bridge.o
enc28j60_control                                  obj\Debug\src\spi\enc28j60.o
                                                  obj\Debug\src\bridge.o
enc28j60_exit                                     obj\Debug\src\spi\enc28j60.o
                                                  obj\Debug\src\cmd.o
                                                  obj\Debug\src\bridge.o
enc28j60_has_recv                                 obj\Debug\src\spi\enc28j60.o
                                                  obj\Debug\src\bridge.o
enc28j60_init                                     obj\Debug\src\spi\enc28j60.o
                                                  obj\Debug\src\cmd.o
                                                  obj\Debug\src\bridge.o
enc28j60_recv                                     obj\Debug\src\spi\enc28j60.o
                                                  obj\Debug\src\pio_util.o
enc28j60_send                                     obj\Debug\src\spi\enc28j60.o
                                                  obj\Debug\src\pio_util.o
enc28j60_status                                   obj\Debug\src\spi\enc28j60.o
exit                                              d:/prg/kompilatory/winavr/bin/../lib/gcc/avr/4.3.3/avr5\libgcc.a(_exit.o)
                                                  d:/prg/kompilatory/winavr/bin/../lib/gcc/avr/4.3.3/../../../../avr/lib/avr5/crtm328p.o
g_pDataBuffer                                     obj\Debug\src\pkt_buf.o
                                                  obj\Debug\src\pio_util.o
                                                  obj\Debug\src\pb_proto.o
                                                  obj\Debug\src\cmd.o
                                                  obj\Debug\src\bridge.o
g_sConfig                                         obj\Debug\src\pio_util.o
                                                  obj\Debug\src\config.o
                                                  obj\Debug\src\cmd_table.o
                                                  obj\Debug\src\cmd.o
                                                  obj\Debug\src\bridge.o
g_ubEncOnline                                     obj\Debug\src\spi\enc28j60.o
                                                  obj\Debug\src\pio_util.o
                                                  obj\Debug\src\cmd.o
                                                  obj\Debug\src\bridge.o
                                                  obj\Debug\src\base\timer.o
g_ubVerboseMode                                   obj\Debug\src\main.o
g_uwCmdResponseSize                               obj\Debug\src\cmd.o
                                                  obj\Debug\src\bridge.o
g_uwTimeStamp                                     obj\Debug\src\pb_proto.o
                                                  obj\Debug\src\base\timer.o
g_uwTimer100us                                    obj\Debug\src\pb_proto.o
                                                  obj\Debug\src\base\timer.o
g_uwTimer10ms                                     obj\Debug\src\base\timer.o
main                                              obj\Debug\src\main.o
                                                  d:/prg/kompilatory/winavr/bin/../lib/gcc/avr/4.3.3/../../../../avr/lib/avr5/crtm328p.o
net_bcast_mac                                     obj\Debug\src\net\net.o
                                                  obj\Debug\src\bridge.o
net_compare_ip                                    obj\Debug\src\net\net.o
net_compare_mac                                   obj\Debug\src\net\net.o
                                                  obj\Debug\src\bridge.o
net_copy_ip                                       obj\Debug\src\net\net.o
                                                  obj\Debug\src\net\arp.o
                                                  obj\Debug\src\cmd_table.o
net_copy_mac                                      obj\Debug\src\net\net.o
                                                  obj\Debug\src\net\arp.o
                                                  obj\Debug\src\cmd_table.o
                                                  obj\Debug\src\bridge.o
net_dump_ip                                       obj\Debug\src\net\net.o
net_dump_mac                                      obj\Debug\src\net\net.o
net_get_long                                      obj\Debug\src\net\net.o
net_get_word                                      obj\Debug\src\net\net.o
                                                  obj\Debug\src\net\arp.o
                                                  obj\Debug\src\bridge.o
net_ones_ip                                       obj\Debug\src\net\net.o
net_parse_ip                                      obj\Debug\src\net\net.o
                                                  obj\Debug\src\cmd_table.o
net_parse_mac                                     obj\Debug\src\net\net.o
                                                  obj\Debug\src\cmd_table.o
net_put_long                                      obj\Debug\src\net\net.o
net_put_word                                      obj\Debug\src\net\net.o
                                                  obj\Debug\src\net\arp.o
                                                  obj\Debug\src\bridge.o
net_zero_ip                                       obj\Debug\src\net\net.o
net_zero_mac                                      obj\Debug\src\net\net.o
parGetStatusLines                                 obj\Debug\src\pb_proto.o
parInit                                           obj\Debug\src\pb_proto.o
                                                  obj\Debug\src\bridge.o
parRequestAmiRead                                 obj\Debug\src\pb_proto.o
                                                  obj\Debug\src\bridge.o
pb_proto_handle                                   obj\Debug\src\pb_proto.o
                                                  obj\Debug\src\bridge.o
pb_proto_stat                                     obj\Debug\src\pb_proto.o
pb_proto_timeout                                  obj\Debug\src\pb_proto.o
pio_util_get_init_flags                           obj\Debug\src\pio_util.o
                                                  obj\Debug\src\cmd.o
                                                  obj\Debug\src\bridge.o
pio_util_recv_packet                              obj\Debug\src\pio_util.o
                                                  obj\Debug\src\bridge.o
pio_util_send_packet                              obj\Debug\src\pio_util.o
                                                  obj\Debug\src\bridge.o
s_sEepromConfig                                   obj\Debug\src\config.o
s_ubFlags                                         obj\Debug\src\bridge.o
s_uwEepromCrc                                     obj\Debug\src\config.o
spiInit                                           obj\Debug\src\spi\spi.o
                                                  obj\Debug\src\spi\enc28j60.o
stats                                             obj\Debug\src\stats.o
                                                  obj\Debug\src\pio_util.o
                                                  obj\Debug\src\pb_proto.o
stats_dump                                        obj\Debug\src\stats.o
stats_dump_all                                    obj\Debug\src\stats.o
                                                  obj\Debug\src\cmdkey_table.o
                                                  obj\Debug\src\cmd_table.o
stats_reset                                       obj\Debug\src\stats.o
                                                  obj\Debug\src\cmd_table.o
                                                  obj\Debug\src\bridge.o
stats_update_ok                                   obj\Debug\src\stats.o
                                                  obj\Debug\src\pio_util.o
                                                  obj\Debug\src\pb_proto.o
timerCalculateKbps                                obj\Debug\src\base\timer.o
                                                  obj\Debug\src\pio_util.o
                                                  obj\Debug\src\pb_proto.o
timerDelay100us                                   obj\Debug\src\base\timer.o
                                                  obj\Debug\src\spi\enc28j60.o
                                                  obj\Debug\src\pb_proto.o
timerDelay10ms                                    obj\Debug\src\base\timer.o
                                                  obj\Debug\src\bridge.o
timerInit                                         obj\Debug\src\base\timer.o
                                                  obj\Debug\src\main.o
utilByteToDec                                     obj\Debug\src\base\util.o
                                                  obj\Debug\src\net\net.o
utilByteToHex                                     obj\Debug\src\base\util.o
                                                  obj\Debug\src\net\net.o
utilDwordToDec                                    obj\Debug\src\base\util.o
utilDwordToHex                                    obj\Debug\src\base\util.o
utilNibbleToHex                                   obj\Debug\src\base\util.o
utilParseByteDec                                  obj\Debug\src\base\util.o
                                                  obj\Debug\src\net\net.o
utilParseByteHex                                  obj\Debug\src\base\util.o
                                                  obj\Debug\src\net\net.o
                                                  obj\Debug\src\cmd_table.o
utilParseDwordHex                                 obj\Debug\src\base\util.o
utilParseNibbleHex                                obj\Debug\src\base\util.o
utilParseWordHex                                  obj\Debug\src\base\util.o
                                                  obj\Debug\src\cmd_table.o
utilReset                                         obj\Debug\src\base\util.o
                                                  obj\Debug\src\cmd.o
utilWordToHex                                     obj\Debug\src\base\util.o
